C51 COMPILER V9.57.0.0   INTERRUPT                                                         06/09/2020 17:10:01 PAGE 1   


C51 COMPILER V9.57.0.0, COMPILATION OF MODULE INTERRUPT
OBJECT MODULE PLACED IN ..\Output\Objects\Interrupt.obj
COMPILER INVOKED BY: C:\Keil\C51\BIN\C51.EXE ..\User\AppCode\DriverLayer\Interrupt.c LARGE OPTIMIZE(8,SPEED) BROWSE INCD
                    -IR(..\User\AppCode\AppLayer;..\User\AppCode\DriverLayer;..\User\AppCode\ManageLayer;..\User\AppCode\WIFILayer;..\User\Sy
                    -sCode\Core) DEBUG OBJECTEXTEND PRINT(..\Output\Listings\Interrupt.lst) OBJECT(..\Output\Objects\Interrupt.obj)

line level    source

   1          #include "Interrupt.h"
   2          #include "TypeDef.h"
   3          #include "Gpio.h"
   4          #include "SysDataDef.h"
   5          
   6          
   7          void Init_Int0(void)
   8          {
   9   1              IE0  = 0;   //将INT0中断请求标志位清"0"
  10   1              IT0 = 0;    //选择INT0为上升和下降沿触发方式
  11   1          EX0 = 1;    //使能INT0中断允许位
  12   1      //      EA = 1; //允许总中断
  13   1      }
  14          
  15          extern UI16 PwmValue;
  16          
  17          /**************************************
  18          功能描述：外部中断服务程序
  19          入口参数：无
  20          返回值：无
  21          ***************************************/
  22          void INT0 (void) interrupt INT0_VECTOR               
  23          {
  24   1          if(SYNCP)
  25   1          {
  26   2              ClrPwmF;
  27   2              
  28   2              TL1 = (65535 - PwmValue) & 0XFF;    //设置定时初值
  29   2              TH1 = (65535 - PwmValue) >> 8;      //设置定时初值
  30   2      
  31   2              TR1 = 1;                                    //定时器0开始计时
  32   2          }
  33   1      }


MODULE INFORMATION:   STATIC OVERLAYABLE
   CODE SIZE        =    110    ----
   CONSTANT SIZE    =   ----    ----
   XDATA SIZE       =   ----    ----
   PDATA SIZE       =   ----    ----
   DATA SIZE        =   ----    ----
   IDATA SIZE       =   ----    ----
   BIT SIZE         =   ----    ----
END OF MODULE INFORMATION.


C51 COMPILATION COMPLETE.  0 WARNING(S),  0 ERROR(S)
