C51 COMPILER V9.57.0.0   MANAGEPWM                                                         05/22/2020 17:13:13 PAGE 1   


C51 COMPILER V9.57.0.0, COMPILATION OF MODULE MANAGEPWM
OBJECT MODULE PLACED IN ..\Output\Objects\ManagePwm.obj
COMPILER INVOKED BY: C:\Keil\C51\BIN\C51.EXE ..\User\AppCode\ManageLayer\ManagePwm.c LARGE OPTIMIZE(8,SPEED) BROWSE INCD
                    -IR(..\User\AppCode\AppLayer;..\User\AppCode\DriverLayer;..\User\AppCode\ManageLayer;..\User\AppCode\WIFILayer;..\User\Sy
                    -sCode\Core) DEBUG OBJECTEXTEND PRINT(..\Output\Listings\ManagePwm.lst) OBJECT(..\Output\Objects\ManagePwm.obj)

line level    source

   1          #include "ManagePwm.h"
   2          #include "Typedef.h"
   3          #include "Gpio.h"
   4          
   5          UI16 TraicConut = 20;
   6          
   7          void PwmProc(void)
   8          {
   9   1              static UI08 PwmF = 0;
  10   1              static UI16 Count = 0;
  11   1              
  12   1              if(!SYNCP && !PwmF)     
  13   1              {
  14   2                      Count = 0;
  15   2                      PwmF = 1;
  16   2              }
  17   1              
  18   1              if(PwmF)
  19   1              {
  20   2                      Count ++;
  21   2                      if(Count == TraicConut)
  22   2                      {
  23   3                              PWMP = 0;
  24   3                      }
  25   2                      else if(Count == (TraicConut + 1))
  26   2                      {
  27   3                              PWMP = 1;
  28   3                      }
  29   2                      else if(Count > TraicConut + 1 && SYNCP)
  30   2                      {
  31   3                              PwmF = 0;
  32   3                      }
  33   2              }
  34   1      }


MODULE INFORMATION:   STATIC OVERLAYABLE
   CODE SIZE        =    104    ----
   CONSTANT SIZE    =   ----    ----
   XDATA SIZE       =      5    ----
   PDATA SIZE       =   ----    ----
   DATA SIZE        =   ----    ----
   IDATA SIZE       =   ----    ----
   BIT SIZE         =   ----    ----
END OF MODULE INFORMATION.


C51 COMPILATION COMPLETE.  0 WARNING(S),  0 ERROR(S)
