BL51 BANKED LINKER/LOCATER V6.22.2.0                                                    06/09/2020  17:10:40  PAGE 1


BL51 BANKED LINKER/LOCATER V6.22.2.0, INVOKED BY:
C:\KEIL\C51\BIN\BL51.EXE ..\Output\Objects\Main.obj, ..\Output\Objects\TaskProc.obj, ..\Output\Objects\StateProc.obj, ..
>> \Output\Objects\KeyProc.obj, ..\Output\Objects\LedProc.obj, ..\Output\Objects\ParaProc.obj, ..\Output\Objects\SysData
>> Def.obj, ..\Output\Objects\WifiProc.obj, ..\Output\Objects\mcu_api.obj, ..\Output\Objects\protocol.obj, ..\Output\Obj
>> ects\system.obj, ..\Output\Objects\Timer.obj, ..\Output\Objects\Gpio.obj, ..\Output\Objects\Rcc.obj, ..\Output\Object
>> s\Interrupt.obj, ..\Output\Objects\Usart.obj TO ..\Output\Objects\test PRINT (..\Output\Listings\test.m51) RAMSIZE (2
>> 56)


MEMORY MODEL: LARGE


INPUT MODULES INCLUDED:
  ..\Output\Objects\Main.obj (MAIN)
  ..\Output\Objects\TaskProc.obj (TASKPROC)
  ..\Output\Objects\StateProc.obj (STATEPROC)
  ..\Output\Objects\KeyProc.obj (KEYPROC)
  ..\Output\Objects\LedProc.obj (LEDPROC)
  ..\Output\Objects\ParaProc.obj (PARAPROC)
  ..\Output\Objects\SysDataDef.obj (SYSDATADEF)
  ..\Output\Objects\WifiProc.obj (WIFIPROC)
  ..\Output\Objects\mcu_api.obj (MCU_API)
  ..\Output\Objects\protocol.obj (PROTOCOL)
  ..\Output\Objects\system.obj (SYSTEM)
  ..\Output\Objects\Timer.obj (TIMER)
  ..\Output\Objects\Gpio.obj (GPIO)
  ..\Output\Objects\Rcc.obj (RCC)
  ..\Output\Objects\Interrupt.obj (INTERRUPT)
  ..\Output\Objects\Usart.obj (USART)
  C:\KEIL\C51\LIB\C51L.LIB (?C_STARTUP)
  C:\KEIL\C51\LIB\C51L.LIB (?C?CLDPTR)
  C:\KEIL\C51\LIB\C51L.LIB (?C?CLDOPTR)
  C:\KEIL\C51\LIB\C51L.LIB (?C?CSTPTR)
  C:\KEIL\C51\LIB\C51L.LIB (?C?CSTOPTR)
  C:\KEIL\C51\LIB\C51L.LIB (?C?IMUL)
  C:\KEIL\C51\LIB\C51L.LIB (?C?IILDX)
  C:\KEIL\C51\LIB\C51L.LIB (?C?ILDIX)
  C:\KEIL\C51\LIB\C51L.LIB (?C?ULDIV)
  C:\KEIL\C51\LIB\C51L.LIB (?C?ULCMP)
  C:\KEIL\C51\LIB\C51L.LIB (?C?ULSHR)
  C:\KEIL\C51\LIB\C51L.LIB (?C?SLSHR)
  C:\KEIL\C51\LIB\C51L.LIB (?C?LSHL)
  C:\KEIL\C51\LIB\C51L.LIB (?C?LSTXDATA)
  C:\KEIL\C51\LIB\C51L.LIB (?C?LSTKXDATA)
  C:\KEIL\C51\LIB\C51L.LIB (?C?CCASE)
  C:\KEIL\C51\LIB\C51L.LIB (?C_INIT)


LINK MAP OF MODULE:  ..\Output\Objects\test (MAIN)


            TYPE    BASE      LENGTH    RELOCATION   SEGMENT NAME
            -----------------------------------------------------

            * * * * * * *   D A T A   M E M O R Y   * * * * * * *
            REG     0000H     0008H     ABSOLUTE     "REG BANK 0"
            IDATA   0008H     0001H     UNIT         ?STACK

BL51 BANKED LINKER/LOCATER V6.22.2.0                                                  06/09/2020  17:10:40  PAGE 2


            * * * * * * *  X D A T A   M E M O R Y  * * * * * * *
            XDATA   0000H     007AH     UNIT         ?XD?SYSTEM
            XDATA   007AH     002FH     UNIT         ?XD?SYSDATADEF
            XDATA   00A9H     002DH     UNIT         _XDATA_GROUP_
            XDATA   00D6H     0009H     UNIT         ?XD?_MY_MEMSET?MCU_API
            XDATA   00DFH     0009H     UNIT         ?XD?_MY_STRCPY?MCU_API
            XDATA   00E8H     0007H     UNIT         ?XD?LEDPROC
            XDATA   00EFH     0007H     UNIT         ?XD?_MCU_DP_FAULT_UPDATE?MCU_API
            XDATA   00F6H     0006H     UNIT         ?XD?_MY_STRCMP?MCU_API
            XDATA   00FCH     0006H     UNIT         ?XD?_MCU_DP_RAW_UPDATE?MCU_API
            XDATA   0102H     0006H     UNIT         ?XD?_MCU_DP_STRING_UPDATE?MCU_API
            XDATA   0108H     0005H     UNIT         ?XD?TASKPROC
            XDATA   010DH     0005H     UNIT         ?XD?KEYPROC
            XDATA   0112H     0005H     UNIT         ?XD?WIFIPROC
            XDATA   0117H     0004H     UNIT         ?XD?_INT_TO_BYTE?MCU_API
            XDATA   011BH     0004H     UNIT         ?XD?PROTOCOL
            XDATA   011FH     0002H     UNIT         ?XD?PARAPROC
            XDATA   0121H     0002H     UNIT         ?XD?_MCU_GET_DP_DOWNLOAD_ENUM?MCU_API
            XDATA   0123H     0002H     UNIT         ?XD?MCU_API
            XDATA   0125H     0001H     UNIT         ?XD?_MCU_DP_ENUM_UPDATE?MCU_API
            XDATA   0126H     0001H     UNIT         ?XD?TIMER

            * * * * * * *   C O D E   M E M O R Y   * * * * * * *
            CODE    0000H     0003H     ABSOLUTE     
            CODE    0003H     0003H     ABSOLUTE     
            CODE    0006H     0003H     UNIT         ?PR?_UART_TRANSMIT_OUTPUT?PROTOCOL
                    0009H     0002H                  *** GAP ***
            CODE    000BH     0003H     ABSOLUTE     
            CODE    000EH     000DH     UNIT         ?PR?INIT_PANELFLASH?LEDPROC
            CODE    001BH     0003H     ABSOLUTE     
            CODE    001EH     0025H     UNIT         ?PR?MAIN?MAIN
            CODE    0043H     0003H     ABSOLUTE     
            CODE    0046H     048BH     UNIT         ?PR?MANAGEADJUST?STATEPROC
            CODE    04D1H     0251H     UNIT         ?PR?MANAGENOADJUST?STATEPROC
            CODE    0722H     0234H     UNIT         ?C?LIB_CODE
            CODE    0956H     01F4H     UNIT         ?PR?WIFI_UART_SERVICE?MCU_API
            CODE    0B4AH     01D0H     UNIT         ?PR?_GPIO_INILIZE?GPIO
            CODE    0D1AH     0167H     UNIT         ?PR?_MY_MEMCPY?MCU_API
            CODE    0E81H     0160H     UNIT         ?PR?_DATA_HANDLE?SYSTEM
            CODE    0FE1H     015CH     UNIT         ?PR?_MCU_DP_FAULT_UPDATE?MCU_API
            CODE    113DH     0138H     UNIT         ?PR?KEYPROC?KEYPROC
            CODE    1275H     0138H     UNIT         ?PR?_BYTE_TO_INT?MCU_API
            CODE    13ADH     0122H     UNIT         ?PR?_LEDSHOWTRANS?LEDPROC
            CODE    14CFH     0105H     UNIT         ?PR?PRODUCT_INFO_UPDATE?SYSTEM
            CODE    15D4H     0104H     UNIT         ?PR?KEYSCAN?KEYPROC
            CODE    16D8H     00CEH     UNIT         ?PR?_UART_RECEIVE_INPUT?MCU_API
            CODE    17A6H     00BFH     UNIT         ?PR?TIMEEVENT?TASKPROC
            CODE    1865H     00A4H     UNIT         ?PR?_MCU_DP_VALUE_UPDATE?MCU_API
            CODE    1909H     0094H     UNIT         ?PR?INIT_GPIO?GPIO
            CODE    199DH     0090H     UNIT         ?PR?WIFITEST?WIFIPROC
            CODE    1A2DH     008CH     UNIT         ?C_C51STARTUP
            CODE    1AB9H     008AH     UNIT         ?C_INITSEG
            CODE    1B43H     0086H     UNIT         ?PR?_DATA_POINT_HANDLE?SYSTEM
            CODE    1BC9H     0083H     UNIT         ?PR?LED_RELEDFLASH?LEDPROC
            CODE    1C4CH     0082H     UNIT         ?PR?_DP_DOWNLOAD_BRIGHT_VALUE_HANDLE?PROTOCOL
            CODE    1CCEH     0079H     UNIT         ?PR?UPDATEDPVALUE?WIFIPROC
            CODE    1D47H     0075H     UNIT         ?PR?_MY_STRLEN?MCU_API
BL51 BANKED LINKER/LOCATER V6.22.2.0                                                  06/09/2020  17:10:40  PAGE 3


            CODE    1DBCH     0074H     UNIT         ?PR?WIFIPROC?WIFIPROC
            CODE    1E30H     0073H     UNIT         ?PR?_MY_STRCMP?MCU_API
            CODE    1EA3H     0071H     UNIT         ?PR?_HEX_TO_BCD?MCU_API
            CODE    1F14H     006CH     UNIT         ?PR?_SET_WIFI_UART_BUFFER?SYSTEM
            CODE    1F80H     006AH     UNIT         ?PR?_WIFI_UART_WRITE_FRAME?SYSTEM
            CODE    1FEAH     0069H     UNIT         ?PR?_MY_STRCPY?MCU_API
            CODE    2053H     0067H     UNIT         ?PR?INT0?INTERRUPT
            CODE    20BAH     0063H     UNIT         ?PR?QUEUE_READ_BYTE?SYSTEM
            CODE    211DH     0060H     UNIT         ?PR?_INT_TO_BYTE?MCU_API
            CODE    217DH     005EH     UNIT         ?PR?_MCU_DP_RAW_UPDATE?MCU_API
            CODE    21DBH     005EH     UNIT         ?PR?_MCU_DP_STRING_UPDATE?MCU_API
            CODE    2239H     0058H     UNIT         ?PR?_MY_MEMSET?MCU_API
            CODE    2291H     0054H     UNIT         ?PR?_WIFI_UART_WRITE_DATA?SYSTEM
            CODE    22E5H     004AH     UNIT         ?PR?_GET_CHECK_SUM?SYSTEM
            CODE    232FH     0048H     UNIT         ?PR?_DP_DOWNLOAD_HANDLE?PROTOCOL
            CODE    2377H     0045H     UNIT         ?PR?UART2_ISR_HANDLE?USART
            CODE    23BCH     0041H     UNIT         ?PR?_MCU_DP_BOOL_UPDATE?MCU_API
            CODE    23FDH     0040H     UNIT         ?PR?ALL_DATA_UPDATE?PROTOCOL
            CODE    243DH     003BH     UNIT         ?PR?_MCU_DP_ENUM_UPDATE?MCU_API
            CODE    2478H     0035H     UNIT         ?PR?GET_QUEUE_TOTAL_DATA?SYSTEM
            CODE    24ADH     0034H     UNIT         ?PR?JUDGEWORKMODE?KEYPROC
            CODE    24E1H     0033H     UNIT         ?PR?FLASHPARAPROC?PARAPROC
            CODE    2514H     0031H     UNIT         ?CO?SYSTEM
            CODE    2545H     002FH     UNIT         ?PR?_GET_DOWMLOAD_DPID_INDEX?SYSTEM
            CODE    2574H     002CH     UNIT         ?PR?_SET_WIFI_UART_BYTE?SYSTEM
            CODE    25A0H     0027H     UNIT         ?PR?_HC595SENDDATA?LEDPROC
            CODE    25C7H     0026H     UNIT         ?PR?_DP_DOWNLOAD_LED_SWITCH_HANDLE?PROTOCOL
            CODE    25EDH     0025H     UNIT         ?PR?HEAT_BEAT_CHECK?SYSTEM
            CODE    2612H     0023H     UNIT         ?PR?WIFI_PROTOCOL_INIT?MCU_API
            CODE    2635H     0022H     UNIT         ?PR?LED_SHOWPROC?LEDPROC
            CODE    2657H     001DH     UNIT         ?PR?_LED_SETFLASH?LEDPROC
            CODE    2674H     001CH     UNIT         ?PR?MCU_RESET_WIFI?MCU_API
            CODE    2690H     001BH     UNIT         ?PR?_WIFI_TEST_RESULT?PROTOCOL
            CODE    26ABH     0018H     UNIT         ?PR?TM1_ROUTINE?TIMER
            CODE    26C3H     0016H     UNIT         ?CO?LEDPROC
            CODE    26D9H     0016H     UNIT         ?PR?UART2INIT?USART
            CODE    26EFH     0015H     UNIT         ?PR?_MCU_SET_WIFI_MODE?MCU_API
            CODE    2704H     0014H     UNIT         ?PR?_UART_PUTCHAR?USART
            CODE    2718H     0013H     UNIT         ?PR?INIT_TIMER0?TIMER
            CODE    272BH     0013H     UNIT         ?PR?TM0_ROUTINE?TIMER
            CODE    273EH     0010H     UNIT         ?PR?INIT_RCC?RCC
            CODE    274EH     000EH     UNIT         ?PR?INIT_DEVICE?MAIN
            CODE    275CH     000EH     UNIT         ?PR?INIT_PARA?MAIN
            CODE    276AH     000EH     UNIT         ?PR?STATEPROC?STATEPROC
            CODE    2778H     000EH     UNIT         ?PR?INIT_TIMER1?TIMER
            CODE    2786H     000DH     UNIT         ?PR?_MCU_GET_DP_DOWNLOAD_BOOL?MCU_API
            CODE    2793H     000DH     UNIT         ?PR?_MCU_GET_DP_DOWNLOAD_ENUM?MCU_API
            CODE    27A0H     000BH     UNIT         ?PR?_MCU_GET_DP_DOWNLOAD_VALUE?MCU_API
            CODE    27ABH     0009H     UNIT         ?PR?LED_CLRFLASH?LEDPROC
            CODE    27B4H     0008H     UNIT         ?PR?MCU_START_WIFITEST?MCU_API
            CODE    27BCH     0008H     UNIT         ?PR?WIFI_HEART_STOP?MCU_API
            CODE    27C4H     0008H     UNIT         ?PR?GET_MCU_WIFI_MODE?SYSTEM
            CODE    27CCH     0007H     UNIT         ?PR?INIT_INT0?INTERRUPT
            CODE    27D3H     0006H     UNIT         ?PR?MCU_GET_RESET_WIFI_FLAG?MCU_API
            CODE    27D9H     0006H     UNIT         ?PR?MCU_GET_WIFIMODE_FLAG?MCU_API
            CODE    27DFH     0006H     UNIT         ?PR?MCU_GET_WIFI_WORK_STATE?MCU_API
            CODE    27E5H     0003H     UNIT         ?PR?GET_DOWNLOAD_CMD_TOTAL?PROTOCOL
BL51 BANKED LINKER/LOCATER V6.22.2.0                                                  06/09/2020  17:10:40  PAGE 4





OVERLAY MAP OF MODULE:   ..\Output\Objects\test (MAIN)


SEGMENT                                            XDATA_GROUP
  +--> CALLED SEGMENT                            START    LENGTH
----------------------------------------------------------------
?PR?UART2_ISR_HANDLE?USART                       -----    -----
  +--> ?PR?_UART_RECEIVE_INPUT?MCU_API

?PR?_UART_RECEIVE_INPUT?MCU_API                  00A9H    0001H

*** NEW ROOT ***************************************************

?C_C51STARTUP                                    -----    -----
  +--> ?PR?MAIN?MAIN
  +--> ?C_INITSEG

?PR?MAIN?MAIN                                    -----    -----
  +--> ?PR?INIT_RCC?RCC
  +--> ?PR?INIT_GPIO?GPIO
  +--> ?PR?INIT_DEVICE?MAIN
  +--> ?PR?INIT_PANELFLASH?LEDPROC
  +--> ?PR?INIT_PARA?MAIN
  +--> ?PR?UART2INIT?USART
  +--> ?PR?INIT_INT0?INTERRUPT
  +--> ?PR?INIT_TIMER0?TIMER
  +--> ?PR?INIT_TIMER1?TIMER
  +--> ?PR?WIFI_PROTOCOL_INIT?MCU_API
  +--> ?PR?TIMEEVENT?TASKPROC

?PR?INIT_GPIO?GPIO                               00AAH    0002H
  +--> ?PR?_GPIO_INILIZE?GPIO

?PR?TIMEEVENT?TASKPROC                           -----    -----
  +--> ?PR?WIFI_UART_SERVICE?MCU_API
  +--> ?PR?STATEPROC?STATEPROC
  +--> ?PR?KEYPROC?KEYPROC
  +--> ?PR?LED_SHOWPROC?LEDPROC
  +--> ?PR?FLASHPARAPROC?PARAPROC
  +--> ?PR?UPDATEDPVALUE?WIFIPROC
  +--> ?PR?LED_RELEDFLASH?LEDPROC
  +--> ?PR?WIFIPROC?WIFIPROC

?PR?WIFI_UART_SERVICE?MCU_API                    00AAH    0004H
  +--> ?PR?GET_QUEUE_TOTAL_DATA?SYSTEM
  +--> ?PR?QUEUE_READ_BYTE?SYSTEM
  +--> ?PR?_GET_CHECK_SUM?SYSTEM
  +--> ?PR?_DATA_HANDLE?SYSTEM
  +--> ?PR?_MY_MEMCPY?MCU_API

?PR?_GET_CHECK_SUM?SYSTEM                        00D0H    0006H

?PR?_DATA_HANDLE?SYSTEM                          00AEH    0009H
  +--> ?PR?HEAT_BEAT_CHECK?SYSTEM
BL51 BANKED LINKER/LOCATER V6.22.2.0                                                  06/09/2020  17:10:40  PAGE 5


  +--> ?PR?PRODUCT_INFO_UPDATE?SYSTEM
  +--> ?PR?GET_MCU_WIFI_MODE?SYSTEM
  +--> ?PR?_WIFI_UART_WRITE_FRAME?SYSTEM
  +--> ?PR?_DATA_POINT_HANDLE?SYSTEM
  +--> ?PR?ALL_DATA_UPDATE?PROTOCOL
  +--> ?PR?_WIFI_TEST_RESULT?PROTOCOL

?PR?HEAT_BEAT_CHECK?SYSTEM                       -----    -----
  +--> ?PR?_SET_WIFI_UART_BYTE?SYSTEM
  +--> ?PR?_WIFI_UART_WRITE_FRAME?SYSTEM

?PR?_SET_WIFI_UART_BYTE?SYSTEM                   00CEH    0002H

?PR?_WIFI_UART_WRITE_FRAME?SYSTEM                00CEH    0002H
  +--> ?PR?_GET_CHECK_SUM?SYSTEM
  +--> ?PR?_WIFI_UART_WRITE_DATA?SYSTEM

?PR?_WIFI_UART_WRITE_DATA?SYSTEM                 00D0H    0005H
  +--> ?PR?_UART_TRANSMIT_OUTPUT?PROTOCOL

?PR?_UART_TRANSMIT_OUTPUT?PROTOCOL               -----    -----
  +--> ?PR?_UART_PUTCHAR?USART

?PR?PRODUCT_INFO_UPDATE?SYSTEM                   00B7H    0001H
  +--> ?CO?SYSTEM
  +--> ?PR?_MY_STRLEN?MCU_API
  +--> ?PR?_SET_WIFI_UART_BUFFER?SYSTEM
  +--> ?PR?_WIFI_UART_WRITE_FRAME?SYSTEM

?PR?_MY_STRLEN?MCU_API                           00B8H    0007H

?PR?_SET_WIFI_UART_BUFFER?SYSTEM                 00B8H    0007H
  +--> ?PR?_MY_MEMCPY?MCU_API

?PR?_MY_MEMCPY?MCU_API                           00BFH    0010H

?PR?GET_MCU_WIFI_MODE?SYSTEM                     -----    -----
  +--> ?PR?_WIFI_UART_WRITE_FRAME?SYSTEM

?PR?_DATA_POINT_HANDLE?SYSTEM                    00B7H    0007H
  +--> ?PR?_GET_DOWMLOAD_DPID_INDEX?SYSTEM
  +--> ?PR?_DP_DOWNLOAD_HANDLE?PROTOCOL

?PR?_GET_DOWMLOAD_DPID_INDEX?SYSTEM              00BEH    0001H
  +--> ?PR?GET_DOWNLOAD_CMD_TOTAL?PROTOCOL

?PR?_DP_DOWNLOAD_HANDLE?PROTOCOL                 00BEH    0007H
  +--> ?PR?_DP_DOWNLOAD_LED_SWITCH_HANDLE?PR...
  +--> ?PR?_DP_DOWNLOAD_BRIGHT_VALUE_HANDLE?...

?PR?_DP_DOWNLOAD_LED_SWITCH_HANDLE?PR...         -----    -----
  +--> ?PR?_MCU_GET_DP_DOWNLOAD_BOOL?MCU_API
  +--> ?PR?_MCU_DP_BOOL_UPDATE?MCU_API

?PR?_MCU_GET_DP_DOWNLOAD_BOOL?MCU_API            00C5H    0002H

?PR?_MCU_DP_BOOL_UPDATE?MCU_API                  00C5H    0001H
BL51 BANKED LINKER/LOCATER V6.22.2.0                                                  06/09/2020  17:10:40  PAGE 6


  +--> ?PR?_SET_WIFI_UART_BYTE?SYSTEM
  +--> ?PR?_WIFI_UART_WRITE_FRAME?SYSTEM

?PR?_DP_DOWNLOAD_BRIGHT_VALUE_HANDLE?...         00C5H    0004H
  +--> ?PR?_MCU_GET_DP_DOWNLOAD_VALUE?MCU_API
  +--> ?PR?_MCU_DP_VALUE_UPDATE?MCU_API

?PR?_MCU_GET_DP_DOWNLOAD_VALUE?MCU_API           00C9H    0002H
  +--> ?PR?_BYTE_TO_INT?MCU_API

?PR?_BYTE_TO_INT?MCU_API                         00CBH    0007H

?PR?_MCU_DP_VALUE_UPDATE?MCU_API                 00C9H    0005H
  +--> ?PR?_SET_WIFI_UART_BYTE?SYSTEM
  +--> ?PR?_WIFI_UART_WRITE_FRAME?SYSTEM

?PR?ALL_DATA_UPDATE?PROTOCOL                     00B7H    0003H
  +--> ?PR?_MCU_DP_BOOL_UPDATE?MCU_API
  +--> ?PR?_MCU_DP_VALUE_UPDATE?MCU_API

?PR?STATEPROC?STATEPROC                          -----    -----
  +--> ?PR?MANAGEADJUST?STATEPROC
  +--> ?PR?MANAGENOADJUST?STATEPROC

?PR?MANAGEADJUST?STATEPROC                       -----    -----
  +--> ?PR?_LEDSHOWTRANS?LEDPROC
  +--> ?PR?_LED_SETFLASH?LEDPROC

?PR?MANAGENOADJUST?STATEPROC                     -----    -----
  +--> ?PR?_LEDSHOWTRANS?LEDPROC
  +--> ?PR?_LED_SETFLASH?LEDPROC

?PR?KEYPROC?KEYPROC                              00AAH    0002H
  +--> ?PR?KEYSCAN?KEYPROC
  +--> ?PR?MCU_GET_WIFI_WORK_STATE?MCU_API
  +--> ?PR?MCU_RESET_WIFI?MCU_API
  +--> ?PR?_MCU_SET_WIFI_MODE?MCU_API
  +--> ?PR?_LEDSHOWTRANS?LEDPROC

?PR?MCU_RESET_WIFI?MCU_API                       -----    -----
  +--> ?PR?_WIFI_UART_WRITE_FRAME?SYSTEM

?PR?_MCU_SET_WIFI_MODE?MCU_API                   -----    -----
  +--> ?PR?_SET_WIFI_UART_BYTE?SYSTEM
  +--> ?PR?_WIFI_UART_WRITE_FRAME?SYSTEM

?PR?LED_SHOWPROC?LEDPROC                         -----    -----
  +--> ?CO?LEDPROC
  +--> ?PR?_HC595SENDDATA?LEDPROC

?PR?FLASHPARAPROC?PARAPROC                       00AAH    0003H

?PR?UPDATEDPVALUE?WIFIPROC                       00AAH    0002H
  +--> ?PR?_MCU_DP_BOOL_UPDATE?MCU_API
  +--> ?PR?_MCU_DP_VALUE_UPDATE?MCU_API

?PR?WIFIPROC?WIFIPROC                            00AAH    0001H
BL51 BANKED LINKER/LOCATER V6.22.2.0                                                  06/09/2020  17:10:40  PAGE 7


  +--> ?PR?MCU_GET_WIFI_WORK_STATE?MCU_API
  +--> ?PR?MCU_RESET_WIFI?MCU_API



UNRESOLVED EXTERNAL SYMBOLS:
   IS_READ_TIME
   TEMP0
   WIFI_HEART_CLOSE



SYMBOL TABLE OF MODULE:  ..\Output\Objects\test (MAIN)

  VALUE           TYPE          NAME
  ----------------------------------

  -------         MODULE        MAIN
  C:0000H         SYMBOL        _ICE_DUMMY_
  D:0080H         PUBLIC        P0
  D:0090H         PUBLIC        P1
  D:00A0H         PUBLIC        P2
  D:00B0H         PUBLIC        P3
  D:00C0H         PUBLIC        P4
  D:00C8H         PUBLIC        P5
  B:00A8H.7       PUBLIC        EA
  D:00E8H         PUBLIC        P6
  D:00F8H         PUBLIC        P7
  D:00A8H         PUBLIC        IE
  D:00B8H         PUBLIC        IP
  D:00D8H         PUBLIC        CCON
  C:001EH         PUBLIC        main
  B:0080H.0       PUBLIC        P00
  B:0080H.1       PUBLIC        P01
  D:0098H         PUBLIC        SCON
  D:0088H         PUBLIC        TCON
  B:00A0H.3       PUBLIC        P23
  C:274EH         PUBLIC        Init_Device
  D:00D0H         PUBLIC        PSW
  C:275CH         PUBLIC        Init_Para
  -------         PROC          INIT_DEVICE
  C:274EH         LINE#         17
  C:274EH         LINE#         18
  C:274EH         LINE#         19
  C:2750H         LINE#         20
  C:2759H         LINE#         21
  C:275BH         LINE#         23
  -------         ENDPROC       INIT_DEVICE
  -------         PROC          INIT_PARA
  C:275CH         LINE#         25
  C:275CH         LINE#         26
  C:275CH         LINE#         29
  C:2761H         LINE#         30
  C:2767H         LINE#         31
  C:2769H         LINE#         32
  -------         ENDPROC       INIT_PARA
  -------         PROC          MAIN
BL51 BANKED LINKER/LOCATER V6.22.2.0                                                  06/09/2020  17:10:40  PAGE 8


  C:001EH         LINE#         34
  C:001EH         LINE#         35
  C:001EH         LINE#         36
  C:0021H         LINE#         37
  C:0024H         LINE#         38
  C:0027H         LINE#         39
  C:002AH         LINE#         40
  C:002DH         LINE#         41
  C:0030H         LINE#         42
  C:0033H         LINE#         43
  C:0036H         LINE#         44
  C:0039H         LINE#         45
  C:003CH         LINE#         47
  C:003EH         LINE#         51
  C:003EH         LINE#         52
  C:003EH         LINE#         53
  C:0041H         LINE#         54
  -------         ENDPROC       MAIN
  -------         ENDMOD        MAIN

  -------         MODULE        TASKPROC
  C:0000H         SYMBOL        _ICE_DUMMY_
  D:0080H         PUBLIC        P0
  D:0090H         PUBLIC        P1
  D:00A0H         PUBLIC        P2
  D:00B0H         PUBLIC        P3
  D:00C0H         PUBLIC        P4
  D:00C8H         PUBLIC        P5
  D:00E8H         PUBLIC        P6
  D:00F8H         PUBLIC        P7
  D:00A8H         PUBLIC        IE
  C:17A6H         PUBLIC        TimeEvent
  D:00B8H         PUBLIC        IP
  D:00D8H         PUBLIC        CCON
  D:0098H         PUBLIC        SCON
  D:0088H         PUBLIC        TCON
  D:00D0H         PUBLIC        PSW
  -------         PROC          TIMEEVENT
  -------         DO            
  X:0108H         SYMBOL        Event10msF
  X:0109H         SYMBOL        Event100msF
  X:010AH         SYMBOL        Event1ms
  X:010BH         SYMBOL        Event10ms
  X:010CH         SYMBOL        Event100ms
  -------         ENDDO         
  C:17A6H         LINE#         10
  C:17A6H         LINE#         11
  C:17A6H         LINE#         20
  C:17AFH         LINE#         21
  C:17B1H         LINE#         25
  C:17C5H         LINE#         26
  C:17C5H         LINE#         27
  C:17C5H         LINE#         28
  C:17C8H         LINE#         29
  C:17CAH         LINE#         31
  C:17CAH         LINE#         33
  C:17CAH         LINE#         35
BL51 BANKED LINKER/LOCATER V6.22.2.0                                                  06/09/2020  17:10:40  PAGE 9


  C:17CAH         LINE#         36
  C:17CDH         LINE#         37
  C:17CFH         LINE#         39
  C:17CFH         LINE#         40
  C:17CFH         LINE#         41
  C:17CFH         LINE#         42
  C:17D1H         LINE#         44
  C:17D1H         LINE#         45
  C:17D6H         LINE#         46
  C:17DBH         LINE#         47
  C:17DBH         LINE#         48
  C:17DBH         LINE#         50
  C:17E1H         LINE#         51
  C:17E1H         LINE#         52
  C:17E3H         LINE#         53
  C:181BH         LINE#         54
  C:181BH         LINE#         55
  C:181BH         LINE#         56
  C:181EH         LINE#         57
  C:1820H         LINE#         59
  C:1820H         LINE#         60
  C:1823H         LINE#         61
  C:1825H         LINE#         63
  C:1825H         LINE#         64
  C:1825H         LINE#         66
  C:1825H         LINE#         67
  C:1828H         LINE#         68
  C:182AH         LINE#         70
  C:182AH         LINE#         72
  C:182AH         LINE#         74
  C:182AH         LINE#         75
  C:182DH         LINE#         76
  C:182FH         LINE#         78
  C:182FH         LINE#         79
  C:1832H         LINE#         80
  C:1834H         LINE#         82
  C:1834H         LINE#         84
  C:1834H         LINE#         86
  C:1834H         LINE#         92
  C:1834H         LINE#         94
  C:1834H         LINE#         95
  C:1834H         LINE#         96
  C:1834H         LINE#         97
  C:1836H         LINE#         99
  C:1836H         LINE#         100
  C:183BH         LINE#         101
  C:1840H         LINE#         102
  C:1840H         LINE#         103
  C:1840H         LINE#         104
  C:1840H         LINE#         106
  C:1846H         LINE#         107
  C:1846H         LINE#         108
  C:1848H         LINE#         109
  C:185AH         LINE#         110
  C:185AH         LINE#         111
  C:185AH         LINE#         112
  C:185DH         LINE#         113
BL51 BANKED LINKER/LOCATER V6.22.2.0                                                  06/09/2020  17:10:40  PAGE 10


  C:185DH         LINE#         115
  C:185DH         LINE#         116
  C:185DH         LINE#         118
  C:185DH         LINE#         119
  C:185DH         LINE#         121
  C:185DH         LINE#         122
  C:185DH         LINE#         124
  C:185DH         LINE#         125
  C:185DH         LINE#         127
  C:185DH         LINE#         128
  C:185DH         LINE#         130
  C:185DH         LINE#         131
  C:185DH         LINE#         133
  C:185DH         LINE#         134
  C:185DH         LINE#         136
  C:185DH         LINE#         137
  C:185DH         LINE#         139
  C:185DH         LINE#         140
  C:185DH         LINE#         141
  C:185FH         LINE#         143
  C:185FH         LINE#         144
  C:1864H         LINE#         145
  C:1864H         LINE#         146
  C:1864H         LINE#         147
  C:1864H         LINE#         150
  -------         ENDPROC       TIMEEVENT
  -------         ENDMOD        TASKPROC

  -------         MODULE        STATEPROC
  C:0000H         SYMBOL        _ICE_DUMMY_
  D:0080H         PUBLIC        P0
  D:0090H         PUBLIC        P1
  D:00A0H         PUBLIC        P2
  D:00B0H         PUBLIC        P3
  D:00C0H         PUBLIC        P4
  D:00C8H         PUBLIC        P5
  D:00E8H         PUBLIC        P6
  D:00F8H         PUBLIC        P7
  D:00A8H         PUBLIC        IE
  D:00B8H         PUBLIC        IP
  C:276AH         PUBLIC        StateProc
  D:00D8H         PUBLIC        CCON
  B:0080H.0       PUBLIC        P00
  B:0080H.1       PUBLIC        P01
  D:0098H         PUBLIC        SCON
  D:0088H         PUBLIC        TCON
  B:00A0H.3       PUBLIC        P23
  C:0046H         PUBLIC        ManageAdjust
  B:00A8H.0       PUBLIC        EX0
  B:0088H.6       PUBLIC        TR1
  C:04D1H         PUBLIC        ManageNoAdjust
  D:00D0H         PUBLIC        PSW
  -------         PROC          MANAGEADJUST
  C:0046H         LINE#         8
  C:0046H         LINE#         9
  C:0046H         LINE#         10
  C:0071H         LINE#         11
BL51 BANKED LINKER/LOCATER V6.22.2.0                                                  06/09/2020  17:10:40  PAGE 11


  C:0071H         LINE#         12
  C:0071H         LINE#         14
  C:007FH         LINE#         15
  C:007FH         LINE#         16
  C:0086H         LINE#         17
  C:008AH         LINE#         18
  C:008CH         LINE#         19
  C:008CH         LINE#         20
  C:008DH         LINE#         22
  C:008DH         LINE#         24
  C:0093H         LINE#         26
  C:009AH         LINE#         27
  C:009AH         LINE#         28
  C:00AFH         LINE#         29
  C:00AFH         LINE#         30
  C:00B1H         LINE#         31
  C:00B8H         LINE#         32
  C:00BFH         LINE#         33
  C:00C5H         LINE#         34
  C:00C5H         LINE#         35
  C:00C7H         LINE#         37
  C:00C7H         LINE#         38
  C:00DCH         LINE#         39
  C:00DCH         LINE#         40
  C:00DEH         LINE#         41
  C:00E4H         LINE#         42
  C:00E4H         LINE#         43
  C:00E4H         LINE#         45
  C:00F2H         LINE#         46
  C:00F2H         LINE#         47
  C:00F9H         LINE#         48
  C:00FFH         LINE#         49
  C:0101H         LINE#         51
  C:0108H         LINE#         52
  C:0108H         LINE#         53
  C:0112H         LINE#         54
  C:0112H         LINE#         56
  C:0112H         LINE#         57
  C:0113H         LINE#         59
  C:0113H         LINE#         60
  C:0115H         LINE#         61
  C:011BH         LINE#         63
  C:0129H         LINE#         65
  C:0137H         LINE#         66
  C:0137H         LINE#         67
  C:013BH         LINE#         68
  C:013CH         LINE#         69
  C:0149H         LINE#         70
  C:0149H         LINE#         71
  C:014FH         LINE#         72
  C:015CH         LINE#         73
  C:0162H         LINE#         74
  C:0162H         LINE#         75
  C:0163H         LINE#         77
  C:0163H         LINE#         78
  C:0179H         LINE#         79
  C:0179H         LINE#         80
BL51 BANKED LINKER/LOCATER V6.22.2.0                                                  06/09/2020  17:10:40  PAGE 12


  C:0185H         LINE#         81
  C:0185H         LINE#         82
  C:019DH         LINE#         83
  C:019DH         LINE#         84
  C:01A4H         LINE#         85
  C:01B2H         LINE#         86
  C:01B2H         LINE#         87
  C:01B2H         LINE#         88
  C:01B4H         LINE#         90
  C:01B4H         LINE#         91
  C:01CCH         LINE#         92
  C:01CCH         LINE#         93
  C:01D3H         LINE#         94
  C:01E1H         LINE#         95
  C:01E4H         LINE#         96
  C:01E4H         LINE#         97
  C:01E4H         LINE#         98
  C:01E7H         LINE#         100
  C:01E7H         LINE#         101
  C:01EEH         LINE#         102
  C:01F3H         LINE#         103
  C:01F3H         LINE#         104
  C:01F3H         LINE#         105
  C:01F6H         LINE#         107
  C:01F6H         LINE#         109
  C:0206H         LINE#         111
  C:021CH         LINE#         112
  C:021CH         LINE#         113
  C:0231H         LINE#         114
  C:0231H         LINE#         115
  C:0238H         LINE#         116
  C:0246H         LINE#         117
  C:0246H         LINE#         118
  C:0248H         LINE#         119
  C:024FH         LINE#         120
  C:024FH         LINE#         121
  C:0264H         LINE#         122
  C:0264H         LINE#         123
  C:026BH         LINE#         124
  C:0279H         LINE#         125
  C:0279H         LINE#         126
  C:0279H         LINE#         128
  C:0280H         LINE#         129
  C:0280H         LINE#         130
  C:028EH         LINE#         131
  C:029DH         LINE#         132
  C:029DH         LINE#         133
  C:02A1H         LINE#         134
  C:02A8H         LINE#         136
  C:02AEH         LINE#         137
  C:02AEH         LINE#         138
  C:02AEH         LINE#         140
  C:02B8H         LINE#         141
  C:02B8H         LINE#         142
  C:02BFH         LINE#         143
  C:02C5H         LINE#         144
  C:02C5H         LINE#         145
BL51 BANKED LINKER/LOCATER V6.22.2.0                                                  06/09/2020  17:10:40  PAGE 13


  C:02C6H         LINE#         147
  C:02C6H         LINE#         148
  C:02CDH         LINE#         150
  C:02D3H         LINE#         151
  C:02D3H         LINE#         152
  C:02D9H         LINE#         153
  C:02DBH         LINE#         155
  C:02DDH         LINE#         156
  C:02E4H         LINE#         157
  C:02E4H         LINE#         158
  C:02EAH         LINE#         159
  C:02ECH         LINE#         160
  C:02EEH         LINE#         161
  C:02F5H         LINE#         162
  C:02F5H         LINE#         163
  C:02FBH         LINE#         164
  C:0300H         LINE#         165
  C:0300H         LINE#         167
  C:0308H         LINE#         168
  C:0308H         LINE#         169
  C:030EH         LINE#         170
  C:030EH         LINE#         171
  C:0311H         LINE#         172
  C:0313H         LINE#         174
  C:0313H         LINE#         175
  C:0316H         LINE#         176
  C:0316H         LINE#         177
  C:0323H         LINE#         178
  C:032AH         LINE#         179
  C:032AH         LINE#         181
  C:0331H         LINE#         182
  C:0331H         LINE#         183
  C:033AH         LINE#         184
  C:0341H         LINE#         185
  C:0347H         LINE#         186
  C:0347H         LINE#         188
  C:0351H         LINE#         189
  C:0351H         LINE#         190
  C:035AH         LINE#         191
  C:0360H         LINE#         192
  C:0378H         LINE#         193
  C:0378H         LINE#         194
  C:037FH         LINE#         195
  C:0391H         LINE#         196
  C:0391H         LINE#         197
  C:0391H         LINE#         198
  C:0392H         LINE#         200
  C:0392H         LINE#         201
  C:03A5H         LINE#         202
  C:03A5H         LINE#         203
  C:03BDH         LINE#         204
  C:03BDH         LINE#         205
  C:03C4H         LINE#         207
  C:03D2H         LINE#         208
  C:03D2H         LINE#         209
  C:03D2H         LINE#         210
  C:03D5H         LINE#         211
BL51 BANKED LINKER/LOCATER V6.22.2.0                                                  06/09/2020  17:10:40  PAGE 14


  C:03E8H         LINE#         212
  C:03E8H         LINE#         213
  C:0400H         LINE#         214
  C:0400H         LINE#         215
  C:0407H         LINE#         217
  C:0415H         LINE#         218
  C:0415H         LINE#         219
  C:0415H         LINE#         220
  C:0417H         LINE#         221
  C:042AH         LINE#         222
  C:042AH         LINE#         223
  C:0442H         LINE#         224
  C:0442H         LINE#         225
  C:0449H         LINE#         227
  C:0457H         LINE#         228
  C:0464H         LINE#         229
  C:0464H         LINE#         230
  C:0465H         LINE#         232
  C:0465H         LINE#         233
  C:047AH         LINE#         234
  C:047AH         LINE#         235
  C:0483H         LINE#         236
  C:0487H         LINE#         237
  C:048EH         LINE#         238
  C:0494H         LINE#         239
  C:0494H         LINE#         240
  C:0494H         LINE#         241
  C:0495H         LINE#         243
  C:0495H         LINE#         244
  C:04AAH         LINE#         245
  C:04AAH         LINE#         246
  C:04B0H         LINE#         247
  C:04B2H         LINE#         248
  C:04B9H         LINE#         249
  C:04BDH         LINE#         250
  C:04C4H         LINE#         251
  C:04C4H         LINE#         252
  C:04C5H         LINE#         254
  C:04C5H         LINE#         255
  C:04CCH         LINE#         256
  C:04D0H         LINE#         257
  C:04D0H         LINE#         258
  C:04D0H         LINE#         259
  -------         ENDPROC       MANAGEADJUST
  -------         PROC          MANAGENOADJUST
  C:04D1H         LINE#         261
  C:04D1H         LINE#         262
  C:04D1H         LINE#         263
  C:04F9H         LINE#         264
  C:04F9H         LINE#         265
  C:04F9H         LINE#         267
  C:0507H         LINE#         268
  C:0507H         LINE#         269
  C:050EH         LINE#         270
  C:0512H         LINE#         271
  C:0514H         LINE#         272
  C:0514H         LINE#         273
BL51 BANKED LINKER/LOCATER V6.22.2.0                                                  06/09/2020  17:10:40  PAGE 15


  C:0515H         LINE#         275
  C:0515H         LINE#         277
  C:051BH         LINE#         279
  C:0522H         LINE#         280
  C:0522H         LINE#         281
  C:0537H         LINE#         282
  C:0537H         LINE#         283
  C:0539H         LINE#         284
  C:0540H         LINE#         285
  C:0547H         LINE#         286
  C:054DH         LINE#         287
  C:054DH         LINE#         288
  C:054FH         LINE#         290
  C:054FH         LINE#         291
  C:0564H         LINE#         292
  C:0564H         LINE#         293
  C:0566H         LINE#         294
  C:056CH         LINE#         295
  C:056CH         LINE#         296
  C:056CH         LINE#         298
  C:0578H         LINE#         299
  C:0578H         LINE#         300
  C:057FH         LINE#         301
  C:0585H         LINE#         302
  C:0587H         LINE#         304
  C:0594H         LINE#         306
  C:059BH         LINE#         307
  C:059BH         LINE#         308
  C:05A5H         LINE#         309
  C:05A5H         LINE#         311
  C:05A5H         LINE#         312
  C:05A6H         LINE#         314
  C:05A6H         LINE#         315
  C:05A8H         LINE#         316
  C:05AEH         LINE#         318
  C:05BCH         LINE#         320
  C:05CDH         LINE#         321
  C:05CDH         LINE#         322
  C:05D1H         LINE#         323
  C:05E0H         LINE#         324
  C:05E6H         LINE#         325
  C:05ECH         LINE#         326
  C:05ECH         LINE#         327
  C:05EDH         LINE#         329
  C:05EDH         LINE#         331
  C:05FDH         LINE#         333
  C:0604H         LINE#         334
  C:0604H         LINE#         335
  C:0612H         LINE#         336
  C:0621H         LINE#         337
  C:0621H         LINE#         338
  C:0625H         LINE#         339
  C:062CH         LINE#         341
  C:0632H         LINE#         342
  C:0632H         LINE#         343
  C:0632H         LINE#         345
  C:063CH         LINE#         346
BL51 BANKED LINKER/LOCATER V6.22.2.0                                                  06/09/2020  17:10:40  PAGE 16


  C:063CH         LINE#         347
  C:0643H         LINE#         348
  C:0649H         LINE#         349
  C:0649H         LINE#         350
  C:064AH         LINE#         352
  C:064AH         LINE#         353
  C:0651H         LINE#         355
  C:0657H         LINE#         356
  C:0657H         LINE#         357
  C:065DH         LINE#         358
  C:065FH         LINE#         360
  C:0661H         LINE#         361
  C:0668H         LINE#         362
  C:0668H         LINE#         363
  C:066EH         LINE#         364
  C:0670H         LINE#         365
  C:0672H         LINE#         366
  C:0679H         LINE#         367
  C:0679H         LINE#         368
  C:067FH         LINE#         369
  C:0684H         LINE#         370
  C:0684H         LINE#         372
  C:068BH         LINE#         373
  C:068BH         LINE#         374
  C:0694H         LINE#         375
  C:069BH         LINE#         376
  C:06A1H         LINE#         377
  C:06A1H         LINE#         379
  C:06A8H         LINE#         380
  C:06A8H         LINE#         381
  C:06B1H         LINE#         382
  C:06B7H         LINE#         383
  C:06CCH         LINE#         384
  C:06CCH         LINE#         385
  C:06D3H         LINE#         386
  C:06E5H         LINE#         387
  C:06E5H         LINE#         388
  C:06E5H         LINE#         389
  C:06E6H         LINE#         391
  C:06E6H         LINE#         392
  C:06FBH         LINE#         393
  C:06FBH         LINE#         394
  C:0701H         LINE#         395
  C:0703H         LINE#         396
  C:070AH         LINE#         397
  C:070EH         LINE#         398
  C:0715H         LINE#         399
  C:0715H         LINE#         400
  C:0716H         LINE#         402
  C:0716H         LINE#         403
  C:071DH         LINE#         404
  C:0721H         LINE#         405
  C:0721H         LINE#         406
  C:0721H         LINE#         407
  -------         ENDPROC       MANAGENOADJUST
  -------         PROC          STATEPROC
  C:276AH         LINE#         409
BL51 BANKED LINKER/LOCATER V6.22.2.0                                                  06/09/2020  17:10:40  PAGE 17


  C:276AH         LINE#         410
  C:276AH         LINE#         411
  C:2771H         LINE#         412
  C:2771H         LINE#         413
  C:2774H         LINE#         414
  C:2774H         LINE#         416
  C:2774H         LINE#         417
  C:2777H         LINE#         418
  C:2777H         LINE#         419
  -------         ENDPROC       STATEPROC
  -------         ENDMOD        STATEPROC

  -------         MODULE        KEYPROC
  C:0000H         SYMBOL        _ICE_DUMMY_
  D:0080H         PUBLIC        P0
  D:0090H         PUBLIC        P1
  D:00A0H         PUBLIC        P2
  D:00B0H         PUBLIC        P3
  D:00C0H         PUBLIC        P4
  D:00C8H         PUBLIC        P5
  D:00E8H         PUBLIC        P6
  D:00F8H         PUBLIC        P7
  D:00A8H         PUBLIC        IE
  D:00B8H         PUBLIC        IP
  C:24ADH         PUBLIC        JudgeWorkMode
  D:00D8H         PUBLIC        CCON
  C:15D4H         PUBLIC        KeyScan
  B:0080H.2       PUBLIC        P02
  B:0090H.2       PUBLIC        P12
  D:0098H         PUBLIC        SCON
  B:0090H.3       PUBLIC        P13
  D:0088H         PUBLIC        TCON
  B:0090H.4       PUBLIC        P14
  B:00B0H.3       PUBLIC        P33
  B:00B0H.6       PUBLIC        P36
  B:00B0H.7       PUBLIC        P37
  C:113DH         PUBLIC        KeyProc
  D:00D0H         PUBLIC        PSW
  -------         PROC          JUDGEWORKMODE
  C:24ADH         LINE#         8
  C:24ADH         LINE#         9
  C:24ADH         LINE#         10
  C:24B4H         LINE#         11
  C:24B4H         LINE#         12
  C:24BAH         LINE#         13
  C:24BCH         LINE#         15
  C:24BCH         LINE#         16
  C:24BFH         LINE#         17
  C:24BFH         LINE#         19
  C:24C2H         LINE#         20
  C:24C2H         LINE#         21
  C:24C2H         LINE#         22
  C:24C2H         LINE#         23
  C:24C2H         LINE#         24
  C:24C4H         LINE#         25
  C:24C7H         LINE#         26
  C:24C7H         LINE#         27
BL51 BANKED LINKER/LOCATER V6.22.2.0                                                  06/09/2020  17:10:40  PAGE 18


  C:24C7H         LINE#         28
  C:24C7H         LINE#         29
  C:24C7H         LINE#         30
  C:24C9H         LINE#         31
  C:24CCH         LINE#         32
  C:24CCH         LINE#         33
  C:24D6H         LINE#         34
  C:24DDH         LINE#         35
  C:24E0H         LINE#         36
  C:24E0H         LINE#         37
  -------         ENDPROC       JUDGEWORKMODE
  -------         PROC          KEYSCAN
  -------         DO            
  X:010DH         SYMBOL        i
  X:010EH         SYMBOL        Count
  X:0110H         SYMBOL        key_value
  -------         ENDDO         
  C:15D4H         LINE#         39
  C:15D4H         LINE#         40
  C:15D4H         LINE#         48
  C:15EBH         LINE#         49
  C:15EBH         LINE#         50
  C:15EBH         LINE#         51
  C:15F7H         LINE#         52
  C:15F7H         LINE#         53
  C:15F7H         LINE#         54
  C:15F7H         LINE#         55
  C:15FAH         LINE#         57
  C:15FAH         LINE#         58
  C:1603H         LINE#         59
  C:1603H         LINE#         60
  C:1609H         LINE#         61
  C:1615H         LINE#         62
  C:1621H         LINE#         63
  C:162DH         LINE#         64
  C:1630H         LINE#         66
  C:1630H         LINE#         67
  C:1635H         LINE#         68
  C:1639H         LINE#         69
  C:1639H         LINE#         71
  C:163CH         LINE#         73
  C:163CH         LINE#         74
  C:1645H         LINE#         75
  C:1645H         LINE#         77
  C:1645H         LINE#         78
  C:164AH         LINE#         79
  C:164EH         LINE#         81
  C:1654H         LINE#         82
  C:1654H         LINE#         83
  C:1656H         LINE#         84
  C:1659H         LINE#         85
  C:1659H         LINE#         86
  C:165DH         LINE#         87
  C:165DH         LINE#         88
  C:1662H         LINE#         89
  C:1665H         LINE#         90
  C:1665H         LINE#         91
BL51 BANKED LINKER/LOCATER V6.22.2.0                                                  06/09/2020  17:10:40  PAGE 19


  C:166CH         LINE#         92
  C:166CH         LINE#         93
  C:166EH         LINE#         94
  C:1671H         LINE#         95
  C:1671H         LINE#         96
  C:1671H         LINE#         98
  C:1686H         LINE#         99
  C:1686H         LINE#         100
  C:168CH         LINE#         101
  C:168CH         LINE#         102
  C:168EH         LINE#         104
  C:168EH         LINE#         105
  C:16A3H         LINE#         106
  C:16A3H         LINE#         107
  C:16AAH         LINE#         109
  C:16B0H         LINE#         110
  C:16B6H         LINE#         111
  C:16BCH         LINE#         113
  C:16C5H         LINE#         114
  C:16C5H         LINE#         116
  C:16C5H         LINE#         117
  C:16CAH         LINE#         118
  C:16CEH         LINE#         119
  C:16D2H         LINE#         120
  C:16D5H         LINE#         121
  C:16D5H         LINE#         122
  C:16D5H         LINE#         123
  C:16D5H         LINE#         124
  C:16D5H         LINE#         126
  C:16D7H         LINE#         127
  -------         ENDPROC       KEYSCAN
  -------         PROC          KEYPROC
  -------         DO            
  X:0111H         SYMBOL        time_count
  D:0007H         SYMBOL        key
  X:00AAH         SYMBOL        wifi_state
  X:00ABH         SYMBOL        temp_value
  -------         ENDDO         
  C:113DH         LINE#         136
  C:113DH         LINE#         137
  C:113DH         LINE#         140
  C:1142H         LINE#         141
  C:1144H         LINE#         143
  C:114EH         LINE#         145
  C:1151H         LINE#         147
  C:1157H         LINE#         149
  C:117FH         LINE#         150
  C:117FH         LINE#         152
  C:117FH         LINE#         154
  C:1186H         LINE#         155
  C:1186H         LINE#         156
  C:1188H         LINE#         157
  C:1188H         LINE#         158
  C:1188H         LINE#         159
  C:118AH         LINE#         161
  C:118AH         LINE#         162
  C:1191H         LINE#         163
BL51 BANKED LINKER/LOCATER V6.22.2.0                                                  06/09/2020  17:10:40  PAGE 20


  C:1194H         LINE#         164
  C:119EH         LINE#         165
  C:119EH         LINE#         170
  C:119FH         LINE#         173
  C:119FH         LINE#         174
  C:11A5H         LINE#         175
  C:11AEH         LINE#         177
  C:11BBH         LINE#         178
  C:11BBH         LINE#         179
  C:11C3H         LINE#         181
  C:11CAH         LINE#         182
  C:11CAH         LINE#         183
  C:11CDH         LINE#         184
  C:11CDH         LINE#         186
  C:11CDH         LINE#         187
  C:11D3H         LINE#         188
  C:11D3H         LINE#         189
  C:11D5H         LINE#         190
  C:11D7H         LINE#         191
  C:11E2H         LINE#         192
  C:11E2H         LINE#         193
  C:11E6H         LINE#         194
  C:11E6H         LINE#         195
  C:11E6H         LINE#         196
  C:11E6H         LINE#         197
  C:11E6H         LINE#         200
  C:11E6H         LINE#         201
  C:11E6H         LINE#         202
  C:11F0H         LINE#         204
  C:11F3H         LINE#         205
  C:11FDH         LINE#         206
  C:1204H         LINE#         208
  C:1214H         LINE#         209
  C:121FH         LINE#         211
  C:121FH         LINE#         214
  C:1221H         LINE#         218
  C:1221H         LINE#         219
  C:1221H         LINE#         220
  C:1228H         LINE#         222
  C:122BH         LINE#         223
  C:1235H         LINE#         224
  C:123CH         LINE#         226
  C:124CH         LINE#         227
  C:1257H         LINE#         229
  C:126EH         LINE#         230
  C:126FH         LINE#         232
  C:126FH         LINE#         233
  C:1274H         LINE#         234
  C:1274H         LINE#         236
  C:1274H         LINE#         237
  C:1274H         LINE#         239
  C:1274H         LINE#         240
  -------         ENDPROC       KEYPROC
  -------         ENDMOD        KEYPROC

  -------         MODULE        LEDPROC
  C:0000H         SYMBOL        _ICE_DUMMY_
BL51 BANKED LINKER/LOCATER V6.22.2.0                                                  06/09/2020  17:10:40  PAGE 21


  D:0080H         PUBLIC        P0
  D:0090H         PUBLIC        P1
  D:00A0H         PUBLIC        P2
  D:00B0H         PUBLIC        P3
  D:00C0H         PUBLIC        P4
  D:00C8H         PUBLIC        P5
  D:00E8H         PUBLIC        P6
  D:00F8H         PUBLIC        P7
  B:0090H.6       PUBLIC        MOSIO
  B:0090H.5       PUBLIC        S_CLK
  D:00A8H         PUBLIC        IE
  X:00E8H         PUBLIC        Led
  D:00B8H         PUBLIC        IP
  D:00D8H         PUBLIC        CCON
  C:26C3H         PUBLIC        LedCodeTab
  X:00EDH         PUBLIC        LedFlashTim
  D:0098H         PUBLIC        SCON
  D:0088H         PUBLIC        TCON
  C:25A0H         PUBLIC        _HC595SendData
  B:0090H.7       PUBLIC        R_CK
  C:13ADH         PUBLIC        _LedShowTrans
  C:27ABH         PUBLIC        LED_ClrFlash
  C:2657H         PUBLIC        _LED_SetFlash
  C:000EH         PUBLIC        Init_PanelFlash
  C:2635H         PUBLIC        LED_ShowProc
  C:1BC9H         PUBLIC        LED_ReLedFlash
  D:00D0H         PUBLIC        PSW
  -------         PROC          _HC595SENDDATA
  D:0007H         SYMBOL        SendVal
  -------         DO            
  D:0006H         SYMBOL        i
  -------         ENDDO         
  C:25A0H         LINE#         39
  C:25A0H         LINE#         40
  C:25A0H         LINE#         43
  C:25A2H         LINE#         44
  C:25A2H         LINE#         45
  C:25AFH         LINE#         46
  C:25AFH         LINE#         47
  C:25B1H         LINE#         48
  C:25B3H         LINE#         50
  C:25B3H         LINE#         51
  C:25B5H         LINE#         52
  C:25B5H         LINE#         54
  C:25B7H         LINE#         55
  C:25B9H         LINE#         56
  C:25BBH         LINE#         57
  C:25C0H         LINE#         59
  C:25C2H         LINE#         60
  C:25C4H         LINE#         61
  C:25C6H         LINE#         62
  -------         ENDPROC       _HC595SENDDATA
  -------         PROC          INIT_PANELFLASH
  C:000EH         LINE#         72
  C:000EH         LINE#         73
  C:000EH         LINE#         74
  C:0014H         LINE#         76
BL51 BANKED LINKER/LOCATER V6.22.2.0                                                  06/09/2020  17:10:40  PAGE 22


  C:0018H         LINE#         77
  C:001AH         LINE#         78
  -------         ENDPROC       INIT_PANELFLASH
  -------         PROC          LED_RELEDFLASH
  C:1BC9H         LINE#         90
  C:1BC9H         LINE#         91
  C:1BC9H         LINE#         92
  C:1BD0H         LINE#         94
  C:1BECH         LINE#         95
  C:1BECH         LINE#         97
  C:1BFCH         LINE#         98
  C:1C03H         LINE#         99
  C:1C07H         LINE#         100
  C:1C09H         LINE#         101
  C:1C21H         LINE#         102
  C:1C21H         LINE#         103
  C:1C31H         LINE#         104
  C:1C38H         LINE#         105
  C:1C3DH         LINE#         106
  C:1C3DH         LINE#         108
  C:1C4BH         LINE#         109
  -------         ENDPROC       LED_RELEDFLASH
  -------         PROC          _LED_SETFLASH
  D:0007H         SYMBOL        Mode
  C:2657H         LINE#         122
  C:2657H         LINE#         123
  C:2657H         LINE#         124
  C:265DH         LINE#         125
  C:2660H         LINE#         127
  C:2663H         LINE#         128
  C:266AH         LINE#         130
  C:2673H         LINE#         131
  -------         ENDPROC       _LED_SETFLASH
  -------         PROC          LED_CLRFLASH
  C:27ABH         LINE#         143
  C:27ABH         LINE#         144
  C:27ABH         LINE#         145
  C:27B1H         LINE#         146
  C:27B3H         LINE#         147
  -------         ENDPROC       LED_CLRFLASH
  -------         PROC          LED_SHOWPROC
  C:2635H         LINE#         149
  C:2635H         LINE#         150
  C:2635H         LINE#         151
  C:2643H         LINE#         153
  C:264BH         LINE#         155
  -------         ENDPROC       LED_SHOWPROC
  -------         PROC          _LEDSHOWTRANS
  D:0006H         SYMBOL        Value
  -------         DO            
  D:0005H         SYMBOL        show_value
  -------         ENDDO         
  C:13ADH         LINE#         159
  C:13ADH         LINE#         160
  C:13ADH         LINE#         161
  C:13AFH         LINE#         163
  C:13BDH         LINE#         164
BL51 BANKED LINKER/LOCATER V6.22.2.0                                                  06/09/2020  17:10:40  PAGE 23


  C:13BDH         LINE#         165
  C:13BDH         LINE#         166
  C:13C0H         LINE#         167
  C:13D3H         LINE#         168
  C:13D3H         LINE#         169
  C:13D5H         LINE#         170
  C:13D8H         LINE#         171
  C:13EFH         LINE#         172
  C:13EFH         LINE#         173
  C:13F1H         LINE#         174
  C:13F4H         LINE#         175
  C:140BH         LINE#         176
  C:140BH         LINE#         177
  C:140DH         LINE#         178
  C:1410H         LINE#         179
  C:1427H         LINE#         180
  C:1427H         LINE#         181
  C:1429H         LINE#         182
  C:142CH         LINE#         183
  C:1443H         LINE#         184
  C:1443H         LINE#         185
  C:1445H         LINE#         186
  C:1448H         LINE#         187
  C:145FH         LINE#         188
  C:145FH         LINE#         189
  C:1461H         LINE#         190
  C:1463H         LINE#         191
  C:147AH         LINE#         192
  C:147AH         LINE#         193
  C:147CH         LINE#         194
  C:147EH         LINE#         195
  C:1495H         LINE#         196
  C:1495H         LINE#         197
  C:1497H         LINE#         198
  C:1499H         LINE#         199
  C:14B5H         LINE#         200
  C:14B5H         LINE#         201
  C:14B7H         LINE#         202
  C:14B9H         LINE#         203
  C:14CAH         LINE#         204
  C:14CAH         LINE#         205
  C:14CCH         LINE#         206
  C:14CCH         LINE#         208
  C:14CEH         LINE#         209
  -------         ENDPROC       _LEDSHOWTRANS
  -------         ENDMOD        LEDPROC

  -------         MODULE        PARAPROC
  C:0000H         SYMBOL        _ICE_DUMMY_
  D:0080H         PUBLIC        P0
  D:0090H         PUBLIC        P1
  D:00A0H         PUBLIC        P2
  D:00B0H         PUBLIC        P3
  D:00C0H         PUBLIC        P4
  D:00C8H         PUBLIC        P5
  D:00E8H         PUBLIC        P6
  D:00F8H         PUBLIC        P7
BL51 BANKED LINKER/LOCATER V6.22.2.0                                                  06/09/2020  17:10:40  PAGE 24


  D:00A8H         PUBLIC        IE
  C:24E1H         PUBLIC        FlashParaProc
  D:00B8H         PUBLIC        IP
  D:00D8H         PUBLIC        CCON
  D:0098H         PUBLIC        SCON
  D:0088H         PUBLIC        TCON
  X:011FH         PUBLIC        PwmValue
  D:00D0H         PUBLIC        PSW
  -------         PROC          FLASHPARAPROC
  -------         DO            
  X:00AAH         SYMBOL        multiple
  X:00ABH         SYMBOL        temp_dimmer_value
  -------         ENDDO         
  C:24E1H         LINE#         10
  C:24E1H         LINE#         11
  C:24E1H         LINE#         12
  C:24E6H         LINE#         13
  C:24EAH         LINE#         30
  C:2513H         LINE#         77
  -------         ENDPROC       FLASHPARAPROC
  -------         ENDMOD        PARAPROC

  -------         MODULE        SYSDATADEF
  C:0000H         SYMBOL        _ICE_DUMMY_
  D:0080H         PUBLIC        P0
  D:0090H         PUBLIC        P1
  D:00A0H         PUBLIC        P2
  D:00B0H         PUBLIC        P3
  D:00C0H         PUBLIC        P4
  D:00C8H         PUBLIC        P5
  D:00E8H         PUBLIC        P6
  D:00F8H         PUBLIC        P7
  D:00A8H         PUBLIC        IE
  X:007AH         PUBLIC        Dig
  D:00B8H         PUBLIC        IP
  D:00D8H         PUBLIC        CCON
  X:007BH         PUBLIC        Fls
  X:007CH         PUBLIC        DigBuf
  D:0098H         PUBLIC        SCON
  D:0088H         PUBLIC        TCON
  X:007DH         PUBLIC        LightValTab
  X:0087H         PUBLIC        SysPara
  X:0089H         PUBLIC        ShowValTab
  X:0093H         PUBLIC        Dimmer
  X:00A6H         PUBLIC        Face
  D:00D0H         PUBLIC        PSW
  -------         ENDMOD        SYSDATADEF

  -------         MODULE        WIFIPROC
  C:0000H         SYMBOL        _ICE_DUMMY_
  D:0080H         PUBLIC        P0
  D:0090H         PUBLIC        P1
  D:00A0H         PUBLIC        P2
  D:00B0H         PUBLIC        P3
  D:00C0H         PUBLIC        P4
  D:00C8H         PUBLIC        P5
  D:00E8H         PUBLIC        P6
BL51 BANKED LINKER/LOCATER V6.22.2.0                                                  06/09/2020  17:10:40  PAGE 25


  D:00F8H         PUBLIC        P7
  D:00A8H         PUBLIC        IE
  D:00B8H         PUBLIC        IP
  C:1CCEH         PUBLIC        UpdateDpValue
  D:00D8H         PUBLIC        CCON
  C:1DBCH         PUBLIC        WifiProc
  B:0080H.0       PUBLIC        P00
  B:0080H.1       PUBLIC        P01
  D:0098H         PUBLIC        SCON
  C:199DH         PUBLIC        WifiTest
  D:0088H         PUBLIC        TCON
  D:00D0H         PUBLIC        PSW
  -------         PROC          WIFIPROC
  -------         DO            
  X:0112H         SYMBOL        self_lock_flag
  X:0113H         SYMBOL        reset_time
  X:00AAH         SYMBOL        wifi_state
  -------         ENDDO         
  C:1DBCH         LINE#         7
  C:1DBCH         LINE#         8
  C:1DBCH         LINE#         11
  C:1DC1H         LINE#         13
  C:1DC9H         LINE#         21
  C:1DEBH         LINE#         22
  C:1DEBH         LINE#         24
  C:1DEBH         LINE#         25
  C:1DF2H         LINE#         26
  C:1DF5H         LINE#         27
  C:1DF8H         LINE#         28
  C:1DF9H         LINE#         31
  C:1DF9H         LINE#         32
  C:1DF9H         LINE#         33
  C:1DF9H         LINE#         34
  C:1DF9H         LINE#         35
  C:1DF9H         LINE#         38
  C:1E00H         LINE#         40
  C:1E02H         LINE#         41
  C:1E02H         LINE#         42
  C:1E04H         LINE#         45
  C:1E04H         LINE#         47
  C:1E04H         LINE#         48
  C:1E0BH         LINE#         49
  C:1E0EH         LINE#         50
  C:1E11H         LINE#         51
  C:1E12H         LINE#         54
  C:1E12H         LINE#         55
  C:1E12H         LINE#         57
  C:1E12H         LINE#         58
  C:1E1DH         LINE#         59
  C:1E1DH         LINE#         60
  C:1E1FH         LINE#         61
  C:1E26H         LINE#         62
  C:1E29H         LINE#         63
  C:1E29H         LINE#         64
  C:1E29H         LINE#         66
  C:1E29H         LINE#         67
  C:1E2FH         LINE#         68
BL51 BANKED LINKER/LOCATER V6.22.2.0                                                  06/09/2020  17:10:40  PAGE 26


  C:1E2FH         LINE#         69
  C:1E2FH         LINE#         70
  -------         ENDPROC       WIFIPROC
  -------         PROC          UPDATEDPVALUE
  -------         DO            
  D:0005H         SYMBOL        switch_value
  X:00AAH         SYMBOL        bright_value
  -------         ENDDO         
  C:1CCEH         LINE#         73
  C:1CCEH         LINE#         74
  C:1CCEH         LINE#         75
  C:1CCFH         LINE#         76
  C:1CD5H         LINE#         78
  C:1CDCH         LINE#         79
  C:1CDCH         LINE#         80
  C:1CE2H         LINE#         82
  C:1CEFH         LINE#         83
  C:1CF4H         LINE#         84
  C:1CF4H         LINE#         86
  C:1CFBH         LINE#         87
  C:1CFBH         LINE#         88
  C:1D01H         LINE#         90
  C:1D1FH         LINE#         92
  C:1D27H         LINE#         93
  C:1D27H         LINE#         94
  C:1D30H         LINE#         95
  C:1D30H         LINE#         97
  C:1D46H         LINE#         98
  C:1D46H         LINE#         99
  -------         ENDPROC       UPDATEDPVALUE
  -------         PROC          WIFITEST
  -------         DO            
  X:0114H         SYMBOL        show_value
  X:0116H         SYMBOL        i
  -------         ENDDO         
  C:199DH         LINE#         101
  C:199DH         LINE#         102
  C:199DH         LINE#         106
  C:19A7H         LINE#         108
  C:19B8H         LINE#         109
  C:19B8H         LINE#         110
  C:19B8H         LINE#         111
  C:19C1H         LINE#         112
  C:19C3H         LINE#         113
  C:19C6H         LINE#         114
  C:19C8H         LINE#         116
  C:19C8H         LINE#         117
  C:19DDH         LINE#         118
  C:19DDH         LINE#         119
  C:19DFH         LINE#         121
  C:19E6H         LINE#         122
  C:19E7H         LINE#         123
  C:19E7H         LINE#         124
  C:19E9H         LINE#         126
  C:19E9H         LINE#         127
  C:19FEH         LINE#         128
  C:19FEH         LINE#         129
BL51 BANKED LINKER/LOCATER V6.22.2.0                                                  06/09/2020  17:10:40  PAGE 27


  C:1A00H         LINE#         131
  C:1A07H         LINE#         132
  C:1A0BH         LINE#         133
  C:1A0BH         LINE#         134
  C:1A0CH         LINE#         136
  C:1A0CH         LINE#         137
  C:1A21H         LINE#         138
  C:1A21H         LINE#         139
  C:1A23H         LINE#         142
  C:1A2AH         LINE#         143
  C:1A2CH         LINE#         144
  C:1A2CH         LINE#         145
  C:1A2CH         LINE#         147
  C:1A2CH         LINE#         148
  C:1A2CH         LINE#         149
  C:1A2CH         LINE#         150
  -------         ENDPROC       WIFITEST
  -------         ENDMOD        WIFIPROC

  -------         MODULE        MCU_API
  C:0000H         SYMBOL        _ICE_DUMMY_
  C:27D3H         PUBLIC        mcu_get_reset_wifi_flag
  C:26EFH         PUBLIC        _mcu_set_wifi_mode
  C:217DH         PUBLIC        _mcu_dp_raw_update
  C:1EA3H         PUBLIC        _hex_to_bcd
  C:16D8H         PUBLIC        _uart_receive_input
  C:27D9H         PUBLIC        mcu_get_wifimode_flag
  C:2612H         PUBLIC        wifi_protocol_init
  C:27DFH         PUBLIC        mcu_get_wifi_work_state
  C:0956H         PUBLIC        wifi_uart_service
  C:1275H         PUBLIC        _byte_to_int
  C:211DH         PUBLIC        _int_to_byte
  C:27B4H         PUBLIC        mcu_start_wifitest
  C:27BCH         PUBLIC        wifi_heart_stop
  C:0D1AH         PUBLIC        _my_memcpy
  C:2239H         PUBLIC        _my_memset
  C:27A0H         PUBLIC        _mcu_get_dp_download_value
  C:21DBH         PUBLIC        _mcu_dp_string_update
  C:2674H         PUBLIC        mcu_reset_wifi
  C:0FE1H         PUBLIC        _mcu_dp_fault_update
  C:1D47H         PUBLIC        _my_strlen
  C:1865H         PUBLIC        _mcu_dp_value_update
  C:1E30H         PUBLIC        _my_strcmp
  C:2786H         PUBLIC        _mcu_get_dp_download_bool
  C:1FEAH         PUBLIC        _my_strcpy
  C:23BCH         PUBLIC        _mcu_dp_bool_update
  C:2793H         PUBLIC        _mcu_get_dp_download_enum
  C:243DH         PUBLIC        _mcu_dp_enum_update
  -------         PROC          _HEX_TO_BCD
  D:0007H         SYMBOL        Value_H
  D:0005H         SYMBOL        Value_L
  -------         DO            
  D:0007H         SYMBOL        bcd_value
  -------         ENDDO         
  C:1EA3H         LINE#         103
  C:1EA3H         LINE#         104
  C:1EA3H         LINE#         107
BL51 BANKED LINKER/LOCATER V6.22.2.0                                                  06/09/2020  17:10:40  PAGE 28


  C:1EAFH         LINE#         108
  C:1EB5H         LINE#         109
  C:1EC1H         LINE#         110
  C:1EC7H         LINE#         111
  C:1ED3H         LINE#         112
  C:1ED7H         LINE#         114
  C:1EDAH         LINE#         116
  C:1EDEH         LINE#         117
  C:1EEAH         LINE#         118
  C:1EF0H         LINE#         119
  C:1EFCH         LINE#         120
  C:1EFEH         LINE#         121
  C:1F0AH         LINE#         122
  C:1F0EH         LINE#         124
  C:1F13H         LINE#         126
  C:1F13H         LINE#         127
  -------         ENDPROC       _HEX_TO_BCD
  -------         PROC          _MY_STRLEN
  X:00B8H         SYMBOL        str
  -------         DO            
  X:00BBH         SYMBOL        len
  -------         ENDDO         
  C:1D47H         LINE#         134
  C:1D52H         LINE#         135
  C:1D52H         LINE#         136
  C:1D5AH         LINE#         137
  C:1D68H         LINE#         138
  C:1D68H         LINE#         139
  C:1D6DH         LINE#         140
  C:1D6DH         LINE#         142
  C:1D8CH         LINE#         143
  C:1D8CH         LINE#         144
  C:1DABH         LINE#         145
  C:1DADH         LINE#         147
  C:1DBBH         LINE#         148
  -------         ENDPROC       _MY_STRLEN
  -------         PROC          _MY_MEMSET
  X:00D6H         SYMBOL        src
  D:0005H         SYMBOL        ch
  X:00DAH         SYMBOL        count
  -------         DO            
  X:00DCH         SYMBOL        tmp
  -------         ENDDO         
  C:2239H         LINE#         157
  C:2244H         LINE#         158
  C:2244H         LINE#         159
  C:224FH         LINE#         161
  C:225DH         LINE#         162
  C:225DH         LINE#         163
  C:2261H         LINE#         164
  C:2261H         LINE#         166
  C:226FH         LINE#         167
  C:226FH         LINE#         168
  C:2283H         LINE#         169
  C:2285H         LINE#         171
  C:2290H         LINE#         172
  -------         ENDPROC       _MY_MEMSET
BL51 BANKED LINKER/LOCATER V6.22.2.0                                                  06/09/2020  17:10:40  PAGE 29


  -------         PROC          _MY_MEMCPY
  X:00BFH         SYMBOL        dest
  X:00C2H         SYMBOL        src
  X:00C5H         SYMBOL        count
  -------         DO            
  X:00C7H         SYMBOL        pdest
  X:00CAH         SYMBOL        psrc
  X:00CDH         SYMBOL        i
  -------         ENDDO         
  C:0D1AH         LINE#         181
  C:0D25H         LINE#         182
  C:0D25H         LINE#         183
  C:0D30H         LINE#         184
  C:0D45H         LINE#         187
  C:0D5FH         LINE#         188
  C:0D5FH         LINE#         189
  C:0D66H         LINE#         190
  C:0D66H         LINE#         192
  C:0DC2H         LINE#         193
  C:0DC2H         LINE#         194
  C:0DE2H         LINE#         195
  C:0DE2H         LINE#         196
  C:0E08H         LINE#         197
  C:0E18H         LINE#         198
  C:0E18H         LINE#         200
  C:0E18H         LINE#         201
  C:0E37H         LINE#         202
  C:0E37H         LINE#         203
  C:0E65H         LINE#         204
  C:0E75H         LINE#         205
  C:0E75H         LINE#         207
  C:0E80H         LINE#         208
  -------         ENDPROC       _MY_MEMCPY
  -------         PROC          _MY_STRCPY
  X:00DFH         SYMBOL        dest
  X:00E2H         SYMBOL        src
  -------         DO            
  X:00E5H         SYMBOL        p
  -------         ENDDO         
  C:1FEAH         LINE#         216
  C:1FF5H         LINE#         217
  C:1FF5H         LINE#         218
  C:2000H         LINE#         219
  C:2010H         LINE#         220
  C:2010H         LINE#         221
  C:2036H         LINE#         222
  C:2038H         LINE#         223
  C:2047H         LINE#         224
  C:2052H         LINE#         225
  -------         ENDPROC       _MY_STRCPY
  -------         PROC          _MY_STRCMP
  X:00F6H         SYMBOL        s1
  X:00F9H         SYMBOL        s2
  C:1E30H         LINE#         233
  C:1E3BH         LINE#         234
  C:1E3BH         LINE#         235
  C:1E5FH         LINE#         236
BL51 BANKED LINKER/LOCATER V6.22.2.0                                                  06/09/2020  17:10:40  PAGE 30


  C:1E5FH         LINE#         237
  C:1E69H         LINE#         238
  C:1E73H         LINE#         239
  C:1E75H         LINE#         240
  C:1EA2H         LINE#         241
  -------         ENDPROC       _MY_STRCMP
  -------         PROC          _INT_TO_BYTE
  X:0117H         SYMBOL        number
  D:0001H         SYMBOL        value
  C:211DH         LINE#         248
  C:2123H         LINE#         249
  C:2123H         LINE#         250
  C:213AH         LINE#         251
  C:2154H         LINE#         252
  C:216EH         LINE#         253
  -------         ENDPROC       _INT_TO_BYTE
  -------         PROC          _BYTE_TO_INT
  X:00CBH         SYMBOL        value
  -------         DO            
  X:00CEH         SYMBOL        nubmer
  -------         ENDDO         
  C:1275H         LINE#         261
  C:1280H         LINE#         262
  C:1280H         LINE#         263
  C:1288H         LINE#         265
  C:1296H         LINE#         266
  C:12AFH         LINE#         267
  C:12EEH         LINE#         268
  C:1307H         LINE#         269
  C:1346H         LINE#         270
  C:135FH         LINE#         271
  C:139EH         LINE#         273
  C:13ACH         LINE#         274
  -------         ENDPROC       _BYTE_TO_INT
  -------         PROC          MCU_GET_RESET_WIFI_FLAG
  C:27D3H         LINE#         284
  C:27D3H         LINE#         285
  C:27D3H         LINE#         286
  C:27D8H         LINE#         287
  -------         ENDPROC       MCU_GET_RESET_WIFI_FLAG
  -------         PROC          MCU_RESET_WIFI
  C:2674H         LINE#         296
  C:2674H         LINE#         297
  C:2674H         LINE#         301
  C:2679H         LINE#         303
  C:2680H         LINE#         305
  C:2685H         LINE#         307
  C:268FH         LINE#         308
  -------         ENDPROC       MCU_RESET_WIFI
  -------         PROC          MCU_GET_WIFIMODE_FLAG
  C:27D9H         LINE#         317
  C:27D9H         LINE#         318
  C:27D9H         LINE#         319
  C:27DEH         LINE#         320
  -------         ENDPROC       MCU_GET_WIFIMODE_FLAG
  -------         PROC          _MCU_SET_WIFI_MODE
  D:0005H         SYMBOL        mode
BL51 BANKED LINKER/LOCATER V6.22.2.0                                                  06/09/2020  17:10:40  PAGE 31


  -------         DO            
  D:0007H         SYMBOL        length
  -------         ENDDO         
  C:26EFH         LINE#         332
  C:26F1H         LINE#         333
  C:26F1H         LINE#         334
  C:26F3H         LINE#         336
  C:26F7H         LINE#         338
  C:26FBH         LINE#         340
  -------         ENDPROC       _MCU_SET_WIFI_MODE
  -------         PROC          MCU_GET_WIFI_WORK_STATE
  C:27DFH         LINE#         355
  C:27DFH         LINE#         356
  C:27DFH         LINE#         357
  C:27E4H         LINE#         358
  -------         ENDPROC       MCU_GET_WIFI_WORK_STATE
  -------         PROC          MCU_START_WIFITEST
  C:27B4H         LINE#         397
  C:27B4H         LINE#         398
  C:27B4H         LINE#         399
  -------         ENDPROC       MCU_START_WIFITEST
  -------         PROC          WIFI_HEART_STOP
  C:27BCH         LINE#         439
  C:27BCH         LINE#         440
  C:27BCH         LINE#         441
  -------         ENDPROC       WIFI_HEART_STOP
  -------         PROC          _MCU_DP_RAW_UPDATE
  X:00FCH         SYMBOL        dpid
  X:00FDH         SYMBOL        value
  X:0100H         SYMBOL        len
  -------         DO            
  D:0006H         SYMBOL        length
  -------         ENDDO         
  C:217DH         LINE#         483
  C:218BH         LINE#         484
  C:218BH         LINE#         485
  C:218EH         LINE#         487
  C:2195H         LINE#         488
  C:2197H         LINE#         490
  C:219FH         LINE#         491
  C:21A4H         LINE#         493
  C:21ACH         LINE#         494
  C:21B4H         LINE#         496
  C:21CFH         LINE#         498
  C:21D8H         LINE#         500
  C:21DAH         LINE#         501
  -------         ENDPROC       _MCU_DP_RAW_UPDATE
  -------         PROC          _MCU_DP_BOOL_UPDATE
  D:0004H         SYMBOL        dpid
  X:00C5H         SYMBOL        value
  -------         DO            
  D:0006H         SYMBOL        length
  -------         ENDDO         
  C:23BCH         LINE#         509
  C:23C3H         LINE#         510
  C:23C3H         LINE#         511
  C:23C6H         LINE#         513
BL51 BANKED LINKER/LOCATER V6.22.2.0                                                  06/09/2020  17:10:40  PAGE 32


  C:23CDH         LINE#         514
  C:23CFH         LINE#         516
  C:23D4H         LINE#         517
  C:23D9H         LINE#         519
  C:23DEH         LINE#         520
  C:23E3H         LINE#         522
  C:23E9H         LINE#         523
  C:23E9H         LINE#         524
  C:23EAH         LINE#         525
  C:23ECH         LINE#         527
  C:23ECH         LINE#         528
  C:23F1H         LINE#         529
  C:23F1H         LINE#         531
  C:23FAH         LINE#         533
  C:23FCH         LINE#         534
  -------         ENDPROC       _MCU_DP_BOOL_UPDATE
  -------         PROC          _MCU_DP_VALUE_UPDATE
  D:0005H         SYMBOL        dpid
  X:00CAH         SYMBOL        value
  -------         DO            
  D:0006H         SYMBOL        length
  -------         ENDDO         
  C:1865H         LINE#         542
  C:1867H         LINE#         543
  C:1867H         LINE#         544
  C:186AH         LINE#         546
  C:1871H         LINE#         547
  C:1873H         LINE#         549
  C:1876H         LINE#         550
  C:187BH         LINE#         552
  C:1880H         LINE#         553
  C:1885H         LINE#         555
  C:18A5H         LINE#         556
  C:18C5H         LINE#         557
  C:18E5H         LINE#         558
  C:18FDH         LINE#         560
  C:1906H         LINE#         562
  C:1908H         LINE#         563
  -------         ENDPROC       _MCU_DP_VALUE_UPDATE
  -------         PROC          _MCU_DP_STRING_UPDATE
  X:0102H         SYMBOL        dpid
  X:0103H         SYMBOL        value
  X:0106H         SYMBOL        len
  -------         DO            
  D:0006H         SYMBOL        length
  -------         ENDDO         
  C:21DBH         LINE#         572
  C:21E9H         LINE#         573
  C:21E9H         LINE#         574
  C:21ECH         LINE#         576
  C:21F3H         LINE#         577
  C:21F5H         LINE#         579
  C:21FDH         LINE#         580
  C:2202H         LINE#         582
  C:220AH         LINE#         583
  C:2212H         LINE#         585
  C:222DH         LINE#         587
BL51 BANKED LINKER/LOCATER V6.22.2.0                                                  06/09/2020  17:10:40  PAGE 33


  C:2236H         LINE#         589
  C:2238H         LINE#         590
  -------         ENDPROC       _MCU_DP_STRING_UPDATE
  -------         PROC          _MCU_DP_ENUM_UPDATE
  D:0004H         SYMBOL        dpid
  X:0125H         SYMBOL        value
  -------         DO            
  D:0006H         SYMBOL        length
  -------         ENDDO         
  C:243DH         LINE#         598
  C:2444H         LINE#         599
  C:2444H         LINE#         600
  C:2447H         LINE#         602
  C:244EH         LINE#         603
  C:2450H         LINE#         605
  C:2455H         LINE#         606
  C:245AH         LINE#         608
  C:245FH         LINE#         609
  C:2464H         LINE#         611
  C:246CH         LINE#         613
  C:2475H         LINE#         615
  C:2477H         LINE#         616
  -------         ENDPROC       _MCU_DP_ENUM_UPDATE
  -------         PROC          _MCU_DP_FAULT_UPDATE
  D:0005H         SYMBOL        dpid
  X:00F0H         SYMBOL        value
  -------         DO            
  X:00F4H         SYMBOL        length
  -------         ENDDO         
  C:0FE1H         LINE#         624
  C:0FE3H         LINE#         625
  C:0FE3H         LINE#         626
  C:0FEAH         LINE#         628
  C:0FF1H         LINE#         629
  C:0FF4H         LINE#         631
  C:1007H         LINE#         632
  C:1014H         LINE#         634
  C:1021H         LINE#         636
  C:103CH         LINE#         637
  C:103CH         LINE#         638
  C:1051H         LINE#         639
  C:1059H         LINE#         640
  C:105CH         LINE#         641
  C:107AH         LINE#         642
  C:107AH         LINE#         643
  C:1081H         LINE#         644
  C:1081H         LINE#         645
  C:1081H         LINE#         646
  C:1083H         LINE#         648
  C:1083H         LINE#         649
  C:1095H         LINE#         650
  C:10BDH         LINE#         651
  C:10E5H         LINE#         652
  C:110DH         LINE#         653
  C:112DH         LINE#         654
  C:112DH         LINE#         656
  C:113AH         LINE#         658
BL51 BANKED LINKER/LOCATER V6.22.2.0                                                  06/09/2020  17:10:40  PAGE 34


  C:113CH         LINE#         659
  -------         ENDPROC       _MCU_DP_FAULT_UPDATE
  -------         PROC          _MCU_GET_DP_DOWNLOAD_BOOL
  D:0001H         SYMBOL        value
  X:00C5H         SYMBOL        len
  C:2786H         LINE#         856
  C:278EH         LINE#         857
  C:278EH         LINE#         858
  C:2792H         LINE#         859
  -------         ENDPROC       _MCU_GET_DP_DOWNLOAD_BOOL
  -------         PROC          _MCU_GET_DP_DOWNLOAD_ENUM
  D:0001H         SYMBOL        value
  X:0121H         SYMBOL        len
  C:2793H         LINE#         867
  C:279BH         LINE#         868
  C:279BH         LINE#         869
  C:279FH         LINE#         870
  -------         ENDPROC       _MCU_GET_DP_DOWNLOAD_ENUM
  -------         PROC          _MCU_GET_DP_DOWNLOAD_VALUE
  D:0001H         SYMBOL        value
  X:00C9H         SYMBOL        len
  C:27A0H         LINE#         878
  C:27A8H         LINE#         879
  C:27A8H         LINE#         880
  -------         ENDPROC       _MCU_GET_DP_DOWNLOAD_VALUE
  -------         PROC          _UART_RECEIVE_INPUT
  X:00A9H         SYMBOL        value
  C:16D8H         LINE#         889
  C:16DDH         LINE#         890
  C:16DDH         LINE#         893
  C:1729H         LINE#         894
  C:1729H         LINE#         896
  C:1729H         LINE#         897
  C:176BH         LINE#         898
  C:176BH         LINE#         900
  C:176BH         LINE#         902
  C:176BH         LINE#         904
  C:177EH         LINE#         905
  C:177EH         LINE#         906
  C:178CH         LINE#         907
  C:178CH         LINE#         909
  C:17A5H         LINE#         910
  C:17A5H         LINE#         911
  -------         ENDPROC       _UART_RECEIVE_INPUT
  -------         PROC          WIFI_UART_SERVICE
  -------         DO            
  X:0123H         SYMBOL        rx_in
  X:00AAH         SYMBOL        offset
  X:00ACH         SYMBOL        rx_value_len
  -------         ENDDO         
  C:0956H         LINE#         919
  C:0956H         LINE#         920
  C:0956H         LINE#         923
  C:095DH         LINE#         924
  C:0961H         LINE#         926
  C:0979H         LINE#         927
  C:0979H         LINE#         928
BL51 BANKED LINKER/LOCATER V6.22.2.0                                                  06/09/2020  17:10:40  PAGE 35


  C:0994H         LINE#         929
  C:0996H         LINE#         931
  C:09A8H         LINE#         933
  C:09C9H         LINE#         934
  C:09C9H         LINE#         935
  C:09D8H         LINE#         936
  C:09D8H         LINE#         937
  C:09E6H         LINE#         938
  C:09E8H         LINE#         939
  C:09E8H         LINE#         941
  C:09FEH         LINE#         942
  C:09FEH         LINE#         943
  C:0A0CH         LINE#         944
  C:0A0EH         LINE#         945
  C:0A0EH         LINE#         947
  C:0A1BH         LINE#         948
  C:0A1BH         LINE#         949
[...]
  C:0EC3H         LINE#         469
  C:0EC3H         LINE#         471
  C:0EC3H         LINE#         472
  C:0EC6H         LINE#         473
  C:0EC6H         LINE#         476
  C:0EC6H         LINE#         477
  C:0EDBH         LINE#         478
  C:0EE3H         LINE#         487
  C:0EE3H         LINE#         489
  C:0EE3H         LINE#         490
  C:0EE6H         LINE#         491
  C:0EE8H         LINE#         493
  C:0EE8H         LINE#         494
  C:0EEEH         LINE#         495
  C:0EEFH         LINE#         498
  C:0EEFH         LINE#         499
  C:0F08H         LINE#         500
  C:0F21H         LINE#         502
  C:0F40H         LINE#         503
  C:0F40H         LINE#         504
  C:0F64H         LINE#         505
  C:0F7DH         LINE#         507
  C:0F9BH         LINE#         509
  C:0F9BH         LINE#         510
  C:0F9BH         LINE#         512
  C:0F9BH         LINE#         514
  C:0F9BH         LINE#         516
  C:0F9BH         LINE#         518
  C:0FB5H         LINE#         519
  C:0FB8H         LINE#         521
  C:0FB8H         LINE#         523
  C:0FB8H         LINE#         524
  C:0FBBH         LINE#         525
  C:0FBBH         LINE#         611
  C:0FBBH         LINE#         612
  C:0FCEH         LINE#         613
  C:0FDAH         LINE#         614
  C:0FE0H         LINE#         615
  C:0FE0H         LINE#         663
  C:0FE0H         LINE#         664
BL51 BANKED LINKER/LOCATER V6.22.2.0                                                  06/09/2020  17:10:40  PAGE 43


  C:0FE0H         LINE#         665
  C:0FE0H         LINE#         666
  -------         ENDPROC       _DATA_HANDLE
  -------         PROC          GET_QUEUE_TOTAL_DATA
  C:2478H         LINE#         674
  C:2478H         LINE#         675
  C:2478H         LINE#         676
  C:24A7H         LINE#         677
  C:24AAH         LINE#         679
  C:24ACH         LINE#         680
  -------         ENDPROC       GET_QUEUE_TOTAL_DATA
  -------         PROC          QUEUE_READ_BYTE
  -------         DO            
  D:0007H         SYMBOL        value
  -------         ENDDO         
  C:20BAH         LINE#         687
  C:20BAH         LINE#         688
  C:20BAH         LINE#         691
  C:20E7H         LINE#         692
  C:20E7H         LINE#         694
  C:20FAH         LINE#         695
  C:20FAH         LINE#         697
  C:2108H         LINE#         698
  C:2108H         LINE#         700
  C:211CH         LINE#         701
  C:211CH         LINE#         703
  C:211CH         LINE#         704
  -------         ENDPROC       QUEUE_READ_BYTE
  -------         ENDMOD        SYSTEM

  -------         MODULE        TIMER
  C:0000H         SYMBOL        _ICE_DUMMY_
  D:0080H         PUBLIC        P0
  D:0090H         PUBLIC        P1
  D:00A0H         PUBLIC        P2
  D:00B0H         PUBLIC        P3
  D:00C0H         PUBLIC        P4
  D:00C8H         PUBLIC        P5
  D:00E8H         PUBLIC        P6
  D:00F8H         PUBLIC        P7
  D:00A8H         PUBLIC        IE
  D:00B8H         PUBLIC        IP
  C:272BH         PUBLIC        TM0_Routine
  C:26ABH         PUBLIC        TM1_Routine
  D:00D8H         PUBLIC        CCON
  C:2718H         PUBLIC        Init_Timer0
  C:2778H         PUBLIC        Init_Timer1
  B:0080H.1       PUBLIC        P01
  D:0098H         PUBLIC        SCON
  D:0089H         PUBLIC        TMOD
  D:0088H         PUBLIC        TCON
  D:008EH         PUBLIC        AUXR
  B:00A8H.1       PUBLIC        ET0
  B:0088H.5       PUBLIC        TF0
  B:00A8H.3       PUBLIC        ET1
  B:0088H.7       PUBLIC        TF1
  D:008CH         PUBLIC        TH0
BL51 BANKED LINKER/LOCATER V6.22.2.0                                                  06/09/2020  17:10:40  PAGE 44


  D:008AH         PUBLIC        TL0
  B:0088H.4       PUBLIC        TR0
  B:0088H.6       PUBLIC        TR1
  X:0126H         PUBLIC        TimeEventF
  D:00D0H         PUBLIC        PSW
  -------         PROC          INIT_TIMER0
  C:2718H         LINE#         16
  C:2718H         LINE#         17
  C:2718H         LINE#         18
  C:271BH         LINE#         19
  C:271EH         LINE#         20
  C:2721H         LINE#         21
  C:2724H         LINE#         23
  C:2726H         LINE#         24
  C:2728H         LINE#         25
  C:272AH         LINE#         27
  -------         ENDPROC       INIT_TIMER0
  -------         PROC          INIT_TIMER1
  C:2778H         LINE#         29
  C:2778H         LINE#         30
  C:2778H         LINE#         31
  C:277BH         LINE#         32
  C:277EH         LINE#         33
  C:2781H         LINE#         35
  C:2783H         LINE#         36
  C:2785H         LINE#         39
  -------         ENDPROC       INIT_TIMER1
  -------         PROC          TM0_ROUTINE
  C:272BH         LINE#         48
  C:2731H         LINE#         50
  C:2737H         LINE#         51
  -------         ENDPROC       TM0_ROUTINE
  -------         PROC          TM1_ROUTINE
  C:26ABH         LINE#         60
  C:26B1H         LINE#         62
  C:26BAH         LINE#         63
  C:26BCH         LINE#         64
  -------         ENDPROC       TM1_ROUTINE
  -------         ENDMOD        TIMER

  -------         MODULE        GPIO
  C:0000H         SYMBOL        _ICE_DUMMY_
  D:0092H         PUBLIC        P1M0
  D:0093H         PUBLIC        P0M1
  D:0096H         PUBLIC        P2M0
  D:0091H         PUBLIC        P1M1
  D:0080H         PUBLIC        P0
  D:00B2H         PUBLIC        P3M0
  D:0095H         PUBLIC        P2M1
  D:0090H         PUBLIC        P1
  D:00B4H         PUBLIC        P4M0
  D:00B1H         PUBLIC        P3M1
  D:00A0H         PUBLIC        P2
  D:00CAH         PUBLIC        P5M0
  D:00B3H         PUBLIC        P4M1
  D:00B0H         PUBLIC        P3
  D:00C9H         PUBLIC        P5M1
BL51 BANKED LINKER/LOCATER V6.22.2.0                                                  06/09/2020  17:10:40  PAGE 45


  D:00C0H         PUBLIC        P4
  D:00C8H         PUBLIC        P5
  D:00E8H         PUBLIC        P6
  D:00F8H         PUBLIC        P7
  D:00A8H         PUBLIC        IE
  D:00B8H         PUBLIC        IP
  D:00D8H         PUBLIC        CCON
  C:1909H         PUBLIC        Init_GPIO
  D:0098H         PUBLIC        SCON
  D:0088H         PUBLIC        TCON
  C:0B56H         PUBLIC        _GPIO_Inilize
  D:00D0H         PUBLIC        PSW
  D:0094H         PUBLIC        P0M0
  -------         PROC          L?0035
  -------         ENDPROC       L?0035
  -------         PROC          _GPIO_INILIZE
  D:0007H         SYMBOL        GPIO
  D:0001H         SYMBOL        GPIOx
  C:0B56H         LINE#         45
  C:0B56H         LINE#         46
  C:0B56H         LINE#         47
  C:0B5FH         LINE#         48
  C:0B6BH         LINE#         49
  C:0B6EH         LINE#         50
  C:0B6EH         LINE#         51
  C:0B7CH         LINE#         52
  C:0B8DH         LINE#         53
  C:0B9EH         LINE#         54
  C:0BAFH         LINE#         55
  C:0BAFH         LINE#         56
  C:0BB4H         LINE#         57
  C:0BB4H         LINE#         58
  C:0BC5H         LINE#         59
  C:0BD4H         LINE#         60
  C:0BE4H         LINE#         61
  C:0BF7H         LINE#         62
  C:0BF7H         LINE#         63
  C:0BFCH         LINE#         64
  C:0BFCH         LINE#         65
  C:0C0DH         LINE#         66
  C:0C1CH         LINE#         67
  C:0C2CH         LINE#         68
  C:0C3FH         LINE#         69
  C:0C3FH         LINE#         70
  C:0C44H         LINE#         71
  C:0C44H         LINE#         72
  C:0C55H         LINE#         73
  C:0C64H         LINE#         74
  C:0C74H         LINE#         75
  C:0C87H         LINE#         76
  C:0C87H         LINE#         77
  C:0C8CH         LINE#         78
  C:0C8CH         LINE#         79
  C:0C9DH         LINE#         80
  C:0CACH         LINE#         81
  C:0CBCH         LINE#         82
  C:0CCFH         LINE#         83
BL51 BANKED LINKER/LOCATER V6.22.2.0                                                  06/09/2020  17:10:40  PAGE 46


  C:0CCFH         LINE#         84
  C:0CD4H         LINE#         85
  C:0CD4H         LINE#         86
  C:0CE5H         LINE#         87
  C:0CF4H         LINE#         88
  C:0D04H         LINE#         89
  C:0D17H         LINE#         90
  C:0D17H         LINE#         91
  C:0D19H         LINE#         92
  -------         ENDPROC       _GPIO_INILIZE
  -------         PROC          INIT_GPIO
  -------         DO            
  X:00AAH         SYMBOL        GPIO_InitStructure
  -------         ENDDO         
  C:1909H         LINE#         100
  C:1909H         LINE#         101
  C:1909H         LINE#         104
  C:190FH         LINE#         105
  C:1914H         LINE#         106
  C:191EH         LINE#         109
  C:1924H         LINE#         110
  C:1929H         LINE#         111
  C:192EH         LINE#         113
  C:1934H         LINE#         114
  C:1939H         LINE#         115
  C:193EH         LINE#         118
  C:1944H         LINE#         119
  C:1949H         LINE#         120
  C:194EH         LINE#         122
  C:1954H         LINE#         123
  C:1959H         LINE#         124
  C:195EH         LINE#         126
  C:1964H         LINE#         127
  C:1969H         LINE#         128
  C:196EH         LINE#         131
  C:1974H         LINE#         132
  C:197AH         LINE#         133
  C:197FH         LINE#         135
  C:1985H         LINE#         136
  C:198BH         LINE#         137
  C:1990H         LINE#         139
  C:1992H         LINE#         140
  C:1992H         LINE#         141
  C:1995H         LINE#         143
  C:1997H         LINE#         144
  C:1997H         LINE#         145
  C:199AH         LINE#         147
  C:199CH         LINE#         148
  -------         ENDPROC       INIT_GPIO
  -------         ENDMOD        GPIO

  -------         MODULE        RCC
  C:0000H         SYMBOL        _ICE_DUMMY_
  D:0080H         PUBLIC        P0
  D:0090H         PUBLIC        P1
  D:00A0H         PUBLIC        P2
  D:00B0H         PUBLIC        P3
BL51 BANKED LINKER/LOCATER V6.22.2.0                                                  06/09/2020  17:10:40  PAGE 47


  D:00C0H         PUBLIC        P4
  D:00C8H         PUBLIC        P5
  D:00E8H         PUBLIC        P6
  D:00F8H         PUBLIC        P7
  D:00BAH         PUBLIC        P_SW2
  D:00A8H         PUBLIC        IE
  C:273EH         PUBLIC        Init_Rcc
  D:00B8H         PUBLIC        IP
  D:00D8H         PUBLIC        CCON
  D:0098H         PUBLIC        SCON
  D:0088H         PUBLIC        TCON
  D:00D0H         PUBLIC        PSW
  -------         PROC          INIT_RCC
  C:273EH         LINE#         12
  C:273EH         LINE#         13
  C:273EH         LINE#         14
  C:2741H         LINE#         15
  C:2746H         LINE#         16
  C:274AH         LINE#         17
  C:274DH         LINE#         18
  -------         ENDPROC       INIT_RCC
  -------         ENDMOD        RCC

  -------         MODULE        INTERRUPT
  C:0000H         SYMBOL        _ICE_DUMMY_
  D:0080H         PUBLIC        P0
  D:0090H         PUBLIC        P1
  D:00A0H         PUBLIC        P2
  D:00B0H         PUBLIC        P3
  D:00C0H         PUBLIC        P4
  D:00C8H         PUBLIC        P5
  D:00E8H         PUBLIC        P6
  D:00F8H         PUBLIC        P7
  D:00A8H         PUBLIC        IE
  D:00B8H         PUBLIC        IP
  C:2053H         PUBLIC        INT0
  D:00D8H         PUBLIC        CCON
  B:0080H.1       PUBLIC        P01
  D:0098H         PUBLIC        SCON
  D:0088H         PUBLIC        TCON
  B:00B0H.2       PUBLIC        P32
  B:0088H.1       PUBLIC        IE0
  D:008DH         PUBLIC        TH1
  B:0088H.0       PUBLIC        IT0
  B:00A8H.0       PUBLIC        EX0
  D:008BH         PUBLIC        TL1
  C:27CCH         PUBLIC        Init_Int0
  B:0088H.6       PUBLIC        TR1
  D:00D0H         PUBLIC        PSW
  -------         PROC          INIT_INT0
  C:27CCH         LINE#         7
  C:27CCH         LINE#         8
  C:27CCH         LINE#         9
  C:27CEH         LINE#         10
  C:27D0H         LINE#         11
  C:27D2H         LINE#         13
  -------         ENDPROC       INIT_INT0
BL51 BANKED LINKER/LOCATER V6.22.2.0                                                  06/09/2020  17:10:40  PAGE 48


  -------         PROC          INT0
  C:2053H         LINE#         22
  C:206AH         LINE#         24
  C:206DH         LINE#         25
  C:206DH         LINE#         26
  C:2076H         LINE#         28
  C:2083H         LINE#         29
  C:20A3H         LINE#         31
  C:20A5H         LINE#         32
  C:20A5H         LINE#         33
  -------         ENDPROC       INT0
  -------         ENDMOD        INTERRUPT

  -------         MODULE        USART
  C:0000H         SYMBOL        _ICE_DUMMY_
  D:0080H         PUBLIC        P0
  D:0090H         PUBLIC        P1
  D:00A0H         PUBLIC        P2
  D:00B0H         PUBLIC        P3
  D:00C0H         PUBLIC        P4
  D:00C8H         PUBLIC        P5
  D:00E8H         PUBLIC        P6
  D:00F8H         PUBLIC        P7
  D:00A8H         PUBLIC        IE
  D:00B8H         PUBLIC        IP
  D:00D8H         PUBLIC        CCON
  D:0098H         PUBLIC        SCON
  D:0088H         PUBLIC        TCON
  C:2704H         PUBLIC        _Uart_PutChar
  D:00AFH         PUBLIC        IE2
  D:008EH         PUBLIC        AUXR
  D:00D6H         PUBLIC        T2H
  C:2377H         PUBLIC        Uart2_ISR_Handle
  D:00D7H         PUBLIC        T2L
  D:009BH         PUBLIC        S2BUF
  D:009AH         PUBLIC        S2CON
  C:26D9H         PUBLIC        Uart2Init
  D:00D0H         PUBLIC        PSW
  -------         PROC          UART2INIT
  C:26D9H         LINE#         70
  C:26D9H         LINE#         71
  C:26D9H         LINE#         72
  C:26DCH         LINE#         73
  C:26DFH         LINE#         74
  C:26E2H         LINE#         75
  C:26E5H         LINE#         76
  C:26E8H         LINE#         77
  C:26EBH         LINE#         78
  C:26EEH         LINE#         82
  -------         ENDPROC       UART2INIT
  -------         PROC          _UART_PUTCHAR
  D:0007H         SYMBOL        dat
  C:2704H         LINE#         103
  C:2704H         LINE#         104
  C:2704H         LINE#         105
  C:2706H         LINE#         107
  C:2714H         LINE#         108
BL51 BANKED LINKER/LOCATER V6.22.2.0                                                  06/09/2020  17:10:40  PAGE 49


  C:2717H         LINE#         109
  -------         ENDPROC       _UART_PUTCHAR
  -------         PROC          UART2_ISR_HANDLE
  C:2377H         LINE#         133
  C:2394H         LINE#         136
  C:2399H         LINE#         137
  C:2399H         LINE#         138
  C:239CH         LINE#         139
  C:23A1H         LINE#         140
  C:23A1H         LINE#         141
  -------         ENDPROC       UART2_ISR_HANDLE
  -------         ENDMOD        USART

  -------         MODULE        ?C?CLDPTR
  C:0722H         PUBLIC        ?C?CLDPTR
  -------         ENDMOD        ?C?CLDPTR

  -------         MODULE        ?C?CLDOPTR
  C:073BH         PUBLIC        ?C?CLDOPTR
  -------         ENDMOD        ?C?CLDOPTR

  -------         MODULE        ?C?CSTPTR
  C:0768H         PUBLIC        ?C?CSTPTR
  -------         ENDMOD        ?C?CSTPTR

  -------         MODULE        ?C?CSTOPTR
  C:077AH         PUBLIC        ?C?CSTOPTR
  -------         ENDMOD        ?C?CSTOPTR

  -------         MODULE        ?C?IMUL
  C:079CH         PUBLIC        ?C?IMUL
  -------         ENDMOD        ?C?IMUL

  -------         MODULE        ?C?IILDX
  C:07AEH         PUBLIC        ?C?IILDX
  -------         ENDMOD        ?C?IILDX

  -------         MODULE        ?C?ILDIX
  C:07C4H         PUBLIC        ?C?ILDIX
  -------         ENDMOD        ?C?ILDIX

  -------         MODULE        ?C?ULDIV
  C:0816H         PUBLIC        ?C?ULDIV
  -------         ENDMOD        ?C?ULDIV

  -------         MODULE        ?C?ULCMP
  C:08A8H         PUBLIC        ?C?ULCMP
  -------         ENDMOD        ?C?ULCMP

  -------         MODULE        ?C?ULSHR
  C:08B9H         PUBLIC        ?C?ULSHR
  -------         ENDMOD        ?C?ULSHR

  -------         MODULE        ?C?SLSHR
  C:08CCH         PUBLIC        ?C?SLSHR
  -------         ENDMOD        ?C?SLSHR

BL51 BANKED LINKER/LOCATER V6.22.2.0                                                  06/09/2020  17:10:40  PAGE 50


  -------         MODULE        ?C?LSHL
  C:08E0H         PUBLIC        ?C?LSHL
  -------         ENDMOD        ?C?LSHL

  -------         MODULE        ?C?LSTXDATA
  C:08F3H         PUBLIC        ?C?LSTXDATA
  -------         ENDMOD        ?C?LSTXDATA

  -------         MODULE        ?C?LSTKXDATA
  C:08FFH         PUBLIC        ?C?LSTKXDATA
  -------         ENDMOD        ?C?LSTKXDATA

  -------         MODULE        ?C?CCASE
  C:0930H         PUBLIC        ?C?CCASE
  -------         ENDMOD        ?C?CCASE

*** WARNING L16: UNCALLED SEGMENT, IGNORED FOR OVERLAY PROCESS
    SEGMENT: ?PR?JUDGEWORKMODE?KEYPROC

*** WARNING L16: UNCALLED SEGMENT, IGNORED FOR OVERLAY PROCESS
    SEGMENT: ?PR?LED_CLRFLASH?LEDPROC

*** WARNING L16: UNCALLED SEGMENT, IGNORED FOR OVERLAY PROCESS
    SEGMENT: ?PR?WIFITEST?WIFIPROC

*** WARNING L16: UNCALLED SEGMENT, IGNORED FOR OVERLAY PROCESS
    SEGMENT: ?PR?_HEX_TO_BCD?MCU_API

*** WARNING L16: UNCALLED SEGMENT, IGNORED FOR OVERLAY PROCESS
    SEGMENT: ?PR?_MY_MEMSET?MCU_API

*** WARNING L16: UNCALLED SEGMENT, IGNORED FOR OVERLAY PROCESS
    SEGMENT: ?PR?_MY_STRCPY?MCU_API

*** WARNING L16: UNCALLED SEGMENT, IGNORED FOR OVERLAY PROCESS
    SEGMENT: ?PR?_MY_STRCMP?MCU_API

*** WARNING L16: UNCALLED SEGMENT, IGNORED FOR OVERLAY PROCESS
    SEGMENT: ?PR?_INT_TO_BYTE?MCU_API

*** WARNING L16: UNCALLED SEGMENT, IGNORED FOR OVERLAY PROCESS
    SEGMENT: ?PR?MCU_GET_RESET_WIFI_FLAG?MCU_API

*** WARNING L16: UNCALLED SEGMENT, IGNORED FOR OVERLAY PROCESS
    SEGMENT: ?PR?MCU_GET_WIFIMODE_FLAG?MCU_API

*** WARNING L16: UNCALLED SEGMENT, IGNORED FOR OVERLAY PROCESS
    SEGMENT: ?PR?MCU_START_WIFITEST?MCU_API

*** WARNING L16: UNCALLED SEGMENT, IGNORED FOR OVERLAY PROCESS
    SEGMENT: ?PR?WIFI_HEART_STOP?MCU_API

*** WARNING L16: UNCALLED SEGMENT, IGNORED FOR OVERLAY PROCESS
    SEGMENT: ?PR?_MCU_DP_RAW_UPDATE?MCU_API

*** WARNING L16: UNCALLED SEGMENT, IGNORED FOR OVERLAY PROCESS
    SEGMENT: ?PR?_MCU_DP_STRING_UPDATE?MCU_API
BL51 BANKED LINKER/LOCATER V6.22.2.0                                                  06/09/2020  17:10:40  PAGE 51



*** WARNING L16: UNCALLED SEGMENT, IGNORED FOR OVERLAY PROCESS
    SEGMENT: ?PR?_MCU_DP_ENUM_UPDATE?MCU_API

*** WARNING L16: UNCALLED SEGMENT, IGNORED FOR OVERLAY PROCESS
    SEGMENT: ?PR?_MCU_DP_FAULT_UPDATE?MCU_API

*** WARNING L16: UNCALLED SEGMENT, IGNORED FOR OVERLAY PROCESS
    SEGMENT: ?PR?_MCU_GET_DP_DOWNLOAD_ENUM?MCU_API

*** WARNING L1: UNRESOLVED EXTERNAL SYMBOL
    SYMBOL:  WIFI_HEART_CLOSE
    MODULE:  ..\Output\Objects\Main.obj (MAIN)

*** WARNING L2: REFERENCE MADE TO UNRESOLVED EXTERNAL
    SYMBOL:  WIFI_HEART_CLOSE
    MODULE:  ..\Output\Objects\Main.obj (MAIN)
    ADDRESS: 2768H

*** WARNING L1: UNRESOLVED EXTERNAL SYMBOL
    SYMBOL:  TEMP0
    MODULE:  ..\Output\Objects\mcu_api.obj (MCU_API)

*** WARNING L1: UNRESOLVED EXTERNAL SYMBOL
    SYMBOL:  IS_READ_TIME
    MODULE:  ..\Output\Objects\mcu_api.obj (MCU_API)

*** WARNING L2: REFERENCE MADE TO UNRESOLVED EXTERNAL
    SYMBOL:  IS_READ_TIME
    MODULE:  ..\Output\Objects\mcu_api.obj (MCU_API)
    ADDRESS: 2682H

*** WARNING L2: REFERENCE MADE TO UNRESOLVED EXTERNAL
    SYMBOL:  TEMP0
    MODULE:  ..\Output\Objects\mcu_api.obj (MCU_API)
    ADDRESS: 2686H

Program Size: data=9.0 xdata=295 code=10214
LINK/LOCATE RUN COMPLETE.  23 WARNING(S),  0 ERROR(S)
