C51 COMPILER V9.57.0.0   PARAPROC                                                          06/10/2020 11:34:15 PAGE 1   


C51 COMPILER V9.57.0.0, COMPILATION OF MODULE PARAPROC
OBJECT MODULE PLACED IN ..\Output\Objects\ParaProc.obj
COMPILER INVOKED BY: C:\Keil\C51\BIN\C51.EXE ..\User\AppCode\ManageLayer\ParaProc.c LARGE OPTIMIZE(8,SPEED) BROWSE INCDI
                    -R(..\User\AppCode\AppLayer;..\User\AppCode\DriverLayer;..\User\AppCode\ManageLayer;..\User\AppCode\WIFILayer;..\User\Sys
                    -Code\Core) DEBUG OBJECTEXTEND PRINT(..\Output\Listings\ParaProc.lst) OBJECT(..\Output\Objects\ParaProc.obj)

line level    source

   1          #include "Typedef.h"
   2          #include "Gpio.h"
   3          #include "SysDataDef.h"
   4          #include "LedProc.h"
   5          
   6          UI16 PwmValue = 0;
   7          
   8          #define Supplement 255
   9          
  10          void FlashParaProc(void)
  11          {
  12   1          UI08 multiple = 0;
  13   1          UI16 temp_dimmer_value = 0;
  14   1          
  15   1          /* 
  16   1           * 499对应切波形往后移动1ms  
  17   1           * 切波形范围为Dimmer.Ledmin - Dimmer.Ledmax（1250 - 3750），即2.5ms - 7.5ms
  18   1           * 通过控制Dimmer.LeftMove和Dimmer.RightMove调节切波形范围
  19   1           */ 
  20   1      
  21   1      //    multiple = (Dimmer.LedMax - Dimmer.LeftMove - Dimmer.LedMin - Dimmer.RightMove) / 250;
  22   1      //    PwmValue = (Dimmer.LedMin + Dimmer.LeftMove)+ ((255 - Dimmer.TmepValue) * multiple);
  23   1      //    multiple = (Dimmer.LedMax - Dimmer.LedMin) / 250;
  24   1      //    temp_dimmer_value = LedShowTrans(Dimmer.TmepValue);
  25   1      //    
  26   1      //    temp_dimmer_value = LightValTab[temp_dimmer_value - 1];
  27   1      //    
  28   1      //    PwmValue = (Dimmer.LedMin)+ ((255 - temp_dimmer_value) * 15);    
  29   1      
  30   1            PwmValue = (Dimmer.LedMin)+ ((250 - Dimmer.TmepValue) * 17); 
  31   1      
  32   1      //    if(!DownLight)
  33   1      //    {
  34   1      //        if(!FirstSupple)
  35   1      //        {
  36   1      //            Dimmer.LeftMove = 0;
  37   1      //        }
  38   1      //        else if(!SecondSupple)
  39   1      //        {
  40   1      //            Dimmer.LeftMove = Supplement;
  41   1      //        }
  42   1      //        else if(!ThirdSupple)
  43   1      //        {
  44   1      //            Dimmer.LeftMove = Supplement << 1;
  45   1      //        }
  46   1      //    }
  47   1      //    else if(LedBulb == 0)
  48   1      //    {
  49   1      //        if(!FirstSupple)
  50   1      //        {
  51   1      //            
  52   1      //        }
  53   1      //        else if(!SecondSupple)
C51 COMPILER V9.57.0.0   PARAPROC                                                          06/10/2020 11:34:15 PAGE 2   

  54   1      //        {
  55   1      //            
  56   1      //        }
  57   1      //        else if(!ThirdSupple)
  58   1      //        {
  59   1      //            
  60   1      //        }  
  61   1      //    }
  62   1      //    else if(IncBulb == 0)
  63   1      //    {
  64   1      //        if(!FirstSupple)
  65   1      //        {
  66   1      //            
  67   1      //        }
  68   1      //        else if(!SecondSupple)
  69   1      //        {
  70   1      //            
  71   1      //        }
  72   1      //        else if(!ThirdSupple)
  73   1      //        {
  74   1      //            
  75   1      //        }  
  76   1      //    }
  77   1      }


MODULE INFORMATION:   STATIC OVERLAYABLE
   CODE SIZE        =     51    ----
   CONSTANT SIZE    =   ----    ----
   XDATA SIZE       =      2       3
   PDATA SIZE       =   ----    ----
   DATA SIZE        =   ----    ----
   IDATA SIZE       =   ----    ----
   BIT SIZE         =   ----    ----
END OF MODULE INFORMATION.


C51 COMPILATION COMPLETE.  0 WARNING(S),  0 ERROR(S)
