C51 COMPILER V9.57.0.0   RCC                                                               05/22/2020 17:13:14 PAGE 1   


C51 COMPILER V9.57.0.0, COMPILATION OF MODULE RCC
OBJECT MODULE PLACED IN ..\Output\Objects\Rcc.obj
COMPILER INVOKED BY: C:\Keil\C51\BIN\C51.EXE ..\User\AppCode\DriverLayer\Rcc.c LARGE OPTIMIZE(8,SPEED) BROWSE INCDIR(..\
                    -User\AppCode\AppLayer;..\User\AppCode\DriverLayer;..\User\AppCode\ManageLayer;..\User\AppCode\WIFILayer;..\User\SysCode\
                    -Core) DEBUG OBJECTEXTEND PRINT(..\Output\Listings\Rcc.lst) OBJECT(..\Output\Objects\Rcc.obj)

line level    source

   1          #include "Rcc.h"
   2          #include "STC8.h"
   3          
   4          /*****************************************************************************
   5          函数名称 : RCC_INIT(void)
   6          功能描述 : 时钟初始化系统函数
   7          输入参数 : 时钟频率：22.1184
   8          返回参数 : 无
   9          使用说明 : 此函数BSP_Init内部需调用;
  10          版本:       V1.0, 2019-3-3           
  11          *****************************************************************************/
  12          void Init_Rcc(void)
  13          {
  14   1              P_SW2  = 0x80; //外设端口切换寄存器2 -- 激活
  15   1              MCKSEL = 0x00; // 0:内部IRC24MHz时钟 01：外部时钟 11：内部32KHz低速IRC
  16   1              CLKDIV = 4;   // MCLK/1不分频,MCLK/2 两分频 ... ... MCLK/4 ... ... MCLK/255(最小)
  17   1              P_SW2  = 0x00; //外设端口切换寄存器2 -- 禁止
  18   1      }


MODULE INFORMATION:   STATIC OVERLAYABLE
   CODE SIZE        =     16    ----
   CONSTANT SIZE    =   ----    ----
   XDATA SIZE       =   ----    ----
   PDATA SIZE       =   ----    ----
   DATA SIZE        =   ----    ----
   IDATA SIZE       =   ----    ----
   BIT SIZE         =   ----    ----
END OF MODULE INFORMATION.


C51 COMPILATION COMPLETE.  0 WARNING(S),  0 ERROR(S)
