C51 COMPILER V9.57.0.0   TASKPROC                                                          06/10/2020 17:08:39 PAGE 1   


C51 COMPILER V9.57.0.0, COMPILATION OF MODULE TASKPROC
OBJECT MODULE PLACED IN ..\Output\Objects\TaskProc.obj
COMPILER INVOKED BY: C:\Keil\C51\BIN\C51.EXE ..\User\AppCode\ManageLayer\TaskProc.c LARGE OPTIMIZE(8,SPEED) BROWSE INCDI
                    -R(..\User\AppCode\AppLayer;..\User\AppCode\DriverLayer;..\User\AppCode\ManageLayer;..\User\AppCode\WIFILayer;..\User\Sys
                    -Code\Core) DEBUG OBJECTEXTEND PRINT(..\Output\Listings\TaskProc.lst) OBJECT(..\Output\Objects\TaskProc.obj)

line level    source

   1          #include "TypeDef.h"
   2          #include "TaskProc.h"
   3          #include "Gpio.h"
   4          #include "LedProc.h"
   5          #include "ParaProc.h"
   6          #include "wifi.h"
   7          #include "WifiProc.h"
   8          #include "SysDataDef.h"
   9          
  10          void TimeEvent(void)
  11          {
  12   1              extern UI08 TimeEventF;
  13   1              static UI08 Event10msF = 0;
  14   1              static UI08 Event100msF = 0;
  15   1              
  16   1              static UI08 Event1ms = 0;
  17   1              static UI08 Event10ms = 0;
  18   1              static UI08 Event100ms = 0;
  19   1              
  20   1              if(!TimeEventF) return;
  21   1              TimeEventF = 0;
  22   1          
  23   1      //      PWMP = 1;
  24   1          
  25   1              switch(++Event1ms)
  26   1              {
  27   2                      case 1:
  28   2                              wifi_uart_service();
  29   2                              break;
  30   2                      
  31   2                      case 2:
  32   2                              
  33   2                              break;
  34   2                      
  35   2                      case 3:
  36   2                              StateProc();
*** WARNING C206 IN LINE 36 OF ..\User\AppCode\ManageLayer\TaskProc.c: 'StateProc': missing function-prototype
  37   2                              break;
  38   2                      
  39   2                      case 4:
  40   2                              Event1ms = 0;
  41   2                              Event10msF = 1;
  42   2                              break;
  43   2                      
  44   2                      default:
  45   2                              Event1ms = 0;
  46   2                              Event10msF = 1;
  47   2                              break;
  48   2              }
  49   1              
  50   1              if(Event10msF)
  51   1              {
  52   2                      Event10msF = 0;
C51 COMPILER V9.57.0.0   TASKPROC                                                          06/10/2020 17:08:39 PAGE 2   

  53   2                      switch(++Event10ms)
  54   2                      {
  55   3                              case 1:
  56   3                                      KeyProc();
*** WARNING C206 IN LINE 56 OF ..\User\AppCode\ManageLayer\TaskProc.c: 'KeyProc': missing function-prototype
  57   3                                      break;
  58   3                              
  59   3                              case 2:
  60   3                                      LED_ShowProc();
  61   3                                      break;
  62   3                              
  63   3                              case 3:
  64   3                                      break;
  65   3                              
  66   3                              case 4:
  67   3                      FlashParaProc();
  68   3                                      break;
  69   3                              
  70   3                              case 5:
  71   3      
  72   3                                      break;
  73   3                              
  74   3                              case 6:
  75   3                      UpdateDpValue();    // 上报更新Dp值
  76   3                                      break;
  77   3                              
  78   3                              case 7:
  79   3                      LED_ReLedFlash();
  80   3                                      break;
  81   3                              
  82   3                              case 8:
  83   3      //                WifiTest();     // 产测
  84   3                                      break;
  85   3                              
  86   3                              case 9:
  87   3      //#ifdef WIFI_TEST_ENABLE                
  88   3      //                if(WifiTestF)   return;
  89   3      //            
  90   3      //                mcu_start_wifitest();
  91   3      //#endif            
  92   3                                      break;
  93   3                              
  94   3                              case 10:
  95   3                                      Event10ms = 0;
  96   3                                      Event100msF = 1;
  97   3                                      break;
  98   3                              
  99   3                              default:
 100   3                                      Event10ms = 0;
 101   3                                      Event100msF = 1;
 102   3                                      break;
 103   3                      }
 104   2              }
 105   1              
 106   1              if(Event100msF)
 107   1              {
 108   2                      Event100msF = 0;
 109   2                      switch(++Event100ms)
 110   2                      {
 111   3                              case 1:
 112   3                      WifiProc();         // WiFi连接状态处理
 113   3                                      break;
C51 COMPILER V9.57.0.0   TASKPROC                                                          06/10/2020 17:08:39 PAGE 3   

 114   3                              
 115   3                              case 2:
 116   3                      ModeKeyProc();    // 判断开关模式(调光，最小亮度)
*** WARNING C206 IN LINE 116 OF ..\User\AppCode\ManageLayer\TaskProc.c: 'ModeKeyProc': missing function-prototype
 117   3                                      break;
 118   3                              
 119   3                              case 3:
 120   3                                      break;
 121   3                              
 122   3                              case 4:
 123   3                                      break;
 124   3                              
 125   3                              case 5:
 126   3                                      break;
 127   3                              
 128   3                              case 6:
 129   3                                      break;
 130   3                              
 131   3                              case 7:
 132   3                                      break;  
 133   3                              
 134   3                              case 8:
 135   3                                      break;
 136   3                              
 137   3                              case 9:
 138   3                                      break;
 139   3                              
 140   3                              case 10:
 141   3                                      Event100ms = 0;
 142   3                                      break;
 143   3                              
 144   3                              default:
 145   3                                      Event100ms = 0;
 146   3                                      break;
 147   3                      }
 148   2              }
 149   1              
 150   1      //      PWMP = 0;
 151   1      }
 152                  


MODULE INFORMATION:   STATIC OVERLAYABLE
   CODE SIZE        =    196    ----
   CONSTANT SIZE    =   ----    ----
   XDATA SIZE       =      5    ----
   PDATA SIZE       =   ----    ----
   DATA SIZE        =   ----    ----
   IDATA SIZE       =   ----    ----
   BIT SIZE         =   ----    ----
END OF MODULE INFORMATION.


C51 COMPILATION COMPLETE.  3 WARNING(S),  0 ERROR(S)
