BL51 BANKED LINKER/LOCATER V6.22.2.0                                                    06/19/2020  11:26:22  PAGE 1


BL51 BANKED LINKER/LOCATER V6.22.2.0, INVOKED BY:
C:\KEIL\C51\BIN\BL51.EXE ..\Output\Objects\Main.obj, ..\Output\Objects\TaskProc.obj, ..\Output\Objects\StateProc.obj, ..
>> \Output\Objects\KeyProc.obj, ..\Output\Objects\LedProc.obj, ..\Output\Objects\ParaProc.obj, ..\Output\Objects\SysData
>> Def.obj, ..\Output\Objects\WifiProc.obj, ..\Output\Objects\mcu_api.obj, ..\Output\Objects\protocol.obj, ..\Output\Obj
>> ects\system.obj, ..\Output\Objects\Timer.obj, ..\Output\Objects\Gpio.obj, ..\Output\Objects\Rcc.obj, ..\Output\Object
>> s\Interrupt.obj, ..\Output\Objects\Usart.obj TO ..\Output\Objects\test PRINT (..\Output\Listings\test.m51) RAMSIZE (2
>> 56)


MEMORY MODEL: LARGE


INPUT MODULES INCLUDED:
  ..\Output\Objects\Main.obj (MAIN)
  ..\Output\Objects\TaskProc.obj (TASKPROC)
  ..\Output\Objects\StateProc.obj (STATEPROC)
  ..\Output\Objects\KeyProc.obj (KEYPROC)
  ..\Output\Objects\LedProc.obj (LEDPROC)
  ..\Output\Objects\ParaProc.obj (PARAPROC)
  ..\Output\Objects\SysDataDef.obj (SYSDATADEF)
  ..\Output\Objects\WifiProc.obj (WIFIPROC)
  ..\Output\Objects\mcu_api.obj (MCU_API)
  ..\Output\Objects\protocol.obj (PROTOCOL)
  ..\Output\Objects\system.obj (SYSTEM)
  ..\Output\Objects\Timer.obj (TIMER)
  ..\Output\Objects\Gpio.obj (GPIO)
  ..\Output\Objects\Rcc.obj (RCC)
  ..\Output\Objects\Interrupt.obj (INTERRUPT)
  ..\Output\Objects\Usart.obj (USART)
  C:\KEIL\C51\LIB\C51L.LIB (?C_STARTUP)
  C:\KEIL\C51\LIB\C51L.LIB (?C?CLDPTR)
  C:\KEIL\C51\LIB\C51L.LIB (?C?CLDOPTR)
  C:\KEIL\C51\LIB\C51L.LIB (?C?CSTPTR)
  C:\KEIL\C51\LIB\C51L.LIB (?C?CSTOPTR)
  C:\KEIL\C51\LIB\C51L.LIB (?C?IMUL)
  C:\KEIL\C51\LIB\C51L.LIB (?C?UIDIV)
  C:\KEIL\C51\LIB\C51L.LIB (?C?IILDX)
  C:\KEIL\C51\LIB\C51L.LIB (?C?ILDIX)
  C:\KEIL\C51\LIB\C51L.LIB (?C?ULCMP)
  C:\KEIL\C51\LIB\C51L.LIB (?C?ULSHR)
  C:\KEIL\C51\LIB\C51L.LIB (?C?SLSHR)
  C:\KEIL\C51\LIB\C51L.LIB (?C?LSHL)
  C:\KEIL\C51\LIB\C51L.LIB (?C?LSTXDATA)
  C:\KEIL\C51\LIB\C51L.LIB (?C?LSTKXDATA)
  C:\KEIL\C51\LIB\C51L.LIB (?C?OFFXADD)
  C:\KEIL\C51\LIB\C51L.LIB (?C?CCASE)
  C:\KEIL\C51\LIB\C51L.LIB (?C_INIT)


LINK MAP OF MODULE:  ..\Output\Objects\test (MAIN)


            TYPE    BASE      LENGTH    RELOCATION   SEGMENT NAME
            -----------------------------------------------------

            * * * * * * *   D A T A   M E M O R Y   * * * * * * *
            REG     0000H     0008H     ABSOLUTE     "REG BANK 0"
            IDATA   0008H     0001H     UNIT         ?STACK
BL51 BANKED LINKER/LOCATER V6.22.2.0                                                  06/19/2020  11:26:22  PAGE 2



            * * * * * * *  X D A T A   M E M O R Y  * * * * * * *
            XDATA   0000H     007AH     UNIT         ?XD?SYSTEM
            XDATA   007AH     0043H     UNIT         ?XD?SYSDATADEF
            XDATA   00BDH     002DH     UNIT         _XDATA_GROUP_
            XDATA   00EAH     0009H     UNIT         ?XD?_MY_MEMSET?MCU_API
            XDATA   00F3H     0009H     UNIT         ?XD?_MY_STRCPY?MCU_API
            XDATA   00FCH     0007H     UNIT         ?XD?LEDPROC
            XDATA   0103H     0007H     UNIT         ?XD?_MCU_DP_FAULT_UPDATE?MCU_API
            XDATA   010AH     0006H     UNIT         ?XD?_MY_STRCMP?MCU_API
            XDATA   0110H     0006H     UNIT         ?XD?_MCU_DP_RAW_UPDATE?MCU_API
            XDATA   0116H     0006H     UNIT         ?XD?_MCU_DP_STRING_UPDATE?MCU_API
            XDATA   011CH     0005H     UNIT         ?XD?TASKPROC
            XDATA   0121H     0005H     UNIT         ?XD?KEYPROC
            XDATA   0126H     0004H     UNIT         ?XD?WIFIPROC
            XDATA   012AH     0004H     UNIT         ?XD?_INT_TO_BYTE?MCU_API
            XDATA   012EH     0004H     UNIT         ?XD?PROTOCOL
            XDATA   0132H     0002H     UNIT         ?XD?PARAPROC
            XDATA   0134H     0002H     UNIT         ?XD?_MCU_GET_DP_DOWNLOAD_ENUM?MCU_API
            XDATA   0136H     0002H     UNIT         ?XD?MCU_API
            XDATA   0138H     0001H     UNIT         ?XD?_MCU_DP_ENUM_UPDATE?MCU_API
            XDATA   0139H     0001H     UNIT         ?XD?TIMER

            * * * * * * *   C O D E   M E M O R Y   * * * * * * *
            CODE    0000H     0003H     ABSOLUTE     
            CODE    0003H     0003H     ABSOLUTE     
            CODE    0006H     0003H     UNIT         ?PR?_UART_TRANSMIT_OUTPUT?PROTOCOL
                    0009H     0002H                  *** GAP ***
            CODE    000BH     0003H     ABSOLUTE     
            CODE    000EH     000DH     UNIT         ?PR?INIT_PANELFLASH?LEDPROC
            CODE    001BH     0003H     ABSOLUTE     
            CODE    001EH     0025H     UNIT         ?PR?MAIN?MAIN
            CODE    0043H     0003H     ABSOLUTE     
            CODE    0046H     04F8H     UNIT         ?PR?MANAGEADJUST?STATEPROC
            CODE    053EH     02D2H     UNIT         ?PR?MANAGENOADJUST?STATEPROC
            CODE    0810H     02B8H     UNIT         ?PR?_LEDSHOWTRANS?LEDPROC
            CODE    0AC8H     01F4H     UNIT         ?PR?WIFI_UART_SERVICE?MCU_API
            CODE    0CBCH     01D0H     UNIT         ?PR?_GPIO_INILIZE?GPIO
            CODE    0E8CH     01C7H     UNIT         ?C?LIB_CODE
            CODE    1053H     016DH     UNIT         ?PR?MODEKEYPROC?KEYPROC
            CODE    11C0H     0167H     UNIT         ?PR?KEYPROC?KEYPROC
            CODE    1327H     0167H     UNIT         ?PR?_MY_MEMCPY?MCU_API
            CODE    148EH     0160H     UNIT         ?PR?_DATA_HANDLE?SYSTEM
            CODE    15EEH     015CH     UNIT         ?PR?_MCU_DP_FAULT_UPDATE?MCU_API
            CODE    174AH     0138H     UNIT         ?PR?_BYTE_TO_INT?MCU_API
            CODE    1882H     0105H     UNIT         ?PR?PRODUCT_INFO_UPDATE?SYSTEM
            CODE    1987H     0104H     UNIT         ?PR?KEYSCAN?KEYPROC
            CODE    1A8BH     00CEH     UNIT         ?PR?_UART_RECEIVE_INPUT?MCU_API
            CODE    1B59H     00C4H     UNIT         ?PR?TIMEEVENT?TASKPROC
            CODE    1C1DH     00A4H     UNIT         ?PR?_MCU_DP_VALUE_UPDATE?MCU_API
            CODE    1CC1H     009DH     UNIT         ?PR?_DP_DOWNLOAD_BRIGHT_VALUE_HANDLE?PROTOCOL
            CODE    1D5EH     009AH     UNIT         ?C_INITSEG
            CODE    1DF8H     0094H     UNIT         ?PR?INIT_GPIO?GPIO
            CODE    1E8CH     0090H     UNIT         ?PR?WIFITEST?WIFIPROC
            CODE    1F1CH     008CH     UNIT         ?C_C51STARTUP
            CODE    1FA8H     0086H     UNIT         ?PR?_DATA_POINT_HANDLE?SYSTEM
            CODE    202EH     0083H     UNIT         ?PR?LED_RELEDFLASH?LEDPROC
BL51 BANKED LINKER/LOCATER V6.22.2.0                                                  06/19/2020  11:26:22  PAGE 3


            CODE    20B1H     0075H     UNIT         ?PR?_MY_STRLEN?MCU_API
            CODE    2126H     0074H     UNIT         ?PR?WIFIPROC?WIFIPROC
            CODE    219AH     0073H     UNIT         ?PR?_MY_STRCMP?MCU_API
            CODE    220DH     0072H     UNIT         ?PR?_BRIGHTMCU2APP?WIFIPROC
            CODE    227FH     0071H     UNIT         ?PR?_HEX_TO_BCD?MCU_API
            CODE    22F0H     006CH     UNIT         ?PR?_SET_WIFI_UART_BUFFER?SYSTEM
            CODE    235CH     006AH     UNIT         ?PR?_WIFI_UART_WRITE_FRAME?SYSTEM
            CODE    23C6H     0069H     UNIT         ?PR?_MY_STRCPY?MCU_API
            CODE    242FH     0067H     UNIT         ?PR?INT0?INTERRUPT
            CODE    2496H     0063H     UNIT         ?PR?QUEUE_READ_BYTE?SYSTEM
            CODE    24F9H     0060H     UNIT         ?PR?_INT_TO_BYTE?MCU_API
            CODE    2559H     005EH     UNIT         ?PR?_MCU_DP_RAW_UPDATE?MCU_API
            CODE    25B7H     005EH     UNIT         ?PR?_MCU_DP_STRING_UPDATE?MCU_API
            CODE    2615H     0058H     UNIT         ?PR?_MY_MEMSET?MCU_API
            CODE    266DH     0056H     UNIT         ?PR?UPDATEDPVALUE?WIFIPROC
            CODE    26C3H     0055H     UNIT         ?PR?_BRIGHTAPP2MCU?WIFIPROC
            CODE    2718H     0054H     UNIT         ?PR?_WIFI_UART_WRITE_DATA?SYSTEM
            CODE    276CH     004AH     UNIT         ?PR?_GET_CHECK_SUM?SYSTEM
            CODE    27B6H     0048H     UNIT         ?PR?_DP_DOWNLOAD_HANDLE?PROTOCOL
            CODE    27FEH     0045H     UNIT         ?PR?UART2_ISR_HANDLE?USART
            CODE    2843H     0041H     UNIT         ?PR?_MCU_DP_BOOL_UPDATE?MCU_API
            CODE    2884H     0040H     UNIT         ?PR?ALL_DATA_UPDATE?PROTOCOL
            CODE    28C4H     003BH     UNIT         ?PR?_MCU_DP_ENUM_UPDATE?MCU_API
            CODE    28FFH     0035H     UNIT         ?PR?GET_QUEUE_TOTAL_DATA?SYSTEM
            CODE    2934H     0033H     UNIT         ?PR?FLASHPARAPROC?PARAPROC
            CODE    2967H     0031H     UNIT         ?CO?SYSTEM
            CODE    2998H     002FH     UNIT         ?PR?_GET_DOWMLOAD_DPID_INDEX?SYSTEM
            CODE    29C7H     002CH     UNIT         ?PR?_SET_WIFI_UART_BYTE?SYSTEM
            CODE    29F3H     0027H     UNIT         ?PR?_HC595SENDDATA?LEDPROC
            CODE    2A1AH     0026H     UNIT         ?PR?_DP_DOWNLOAD_LED_SWITCH_HANDLE?PROTOCOL
            CODE    2A40H     0025H     UNIT         ?PR?HEAT_BEAT_CHECK?SYSTEM
            CODE    2A65H     0023H     UNIT         ?PR?WIFI_PROTOCOL_INIT?MCU_API
            CODE    2A88H     0022H     UNIT         ?PR?LED_SHOWPROC?LEDPROC
            CODE    2AAAH     001DH     UNIT         ?PR?_LED_SETFLASH?LEDPROC
            CODE    2AC7H     001CH     UNIT         ?PR?MCU_RESET_WIFI?MCU_API
            CODE    2AE3H     001BH     UNIT         ?PR?_WIFI_TEST_RESULT?PROTOCOL
            CODE    2AFEH     0018H     UNIT         ?PR?TM1_ROUTINE?TIMER
            CODE    2B16H     0016H     UNIT         ?CO?LEDPROC
            CODE    2B2CH     0016H     UNIT         ?PR?UART2INIT?USART
            CODE    2B42H     0015H     UNIT         ?PR?_MCU_SET_WIFI_MODE?MCU_API
            CODE    2B57H     0014H     UNIT         ?PR?_UART_PUTCHAR?USART
            CODE    2B6BH     0013H     UNIT         ?PR?INIT_TIMER0?TIMER
            CODE    2B7EH     0013H     UNIT         ?PR?TM0_ROUTINE?TIMER
            CODE    2B91H     0010H     UNIT         ?PR?INIT_RCC?RCC
            CODE    2BA1H     000EH     UNIT         ?PR?INIT_DEVICE?MAIN
            CODE    2BAFH     000EH     UNIT         ?PR?INIT_PARA?MAIN
            CODE    2BBDH     000EH     UNIT         ?PR?STATEPROC?STATEPROC
            CODE    2BCBH     000EH     UNIT         ?PR?INIT_TIMER1?TIMER
            CODE    2BD9H     000DH     UNIT         ?PR?_MCU_GET_DP_DOWNLOAD_BOOL?MCU_API
            CODE    2BE6H     000DH     UNIT         ?PR?_MCU_GET_DP_DOWNLOAD_ENUM?MCU_API
            CODE    2BF3H     000BH     UNIT         ?PR?_MCU_GET_DP_DOWNLOAD_VALUE?MCU_API
            CODE    2BFEH     0009H     UNIT         ?PR?LED_CLRFLASH?LEDPROC
            CODE    2C07H     0008H     UNIT         ?PR?MCU_START_WIFITEST?MCU_API
            CODE    2C0FH     0008H     UNIT         ?PR?WIFI_HEART_STOP?MCU_API
            CODE    2C17H     0008H     UNIT         ?PR?GET_MCU_WIFI_MODE?SYSTEM
            CODE    2C1FH     0007H     UNIT         ?PR?INIT_INT0?INTERRUPT
            CODE    2C26H     0006H     UNIT         ?PR?MCU_GET_RESET_WIFI_FLAG?MCU_API
BL51 BANKED LINKER/LOCATER V6.22.2.0                                                  06/19/2020  11:26:22  PAGE 4


            CODE    2C2CH     0006H     UNIT         ?PR?MCU_GET_WIFIMODE_FLAG?MCU_API
            CODE    2C32H     0006H     UNIT         ?PR?MCU_GET_WIFI_WORK_STATE?MCU_API
            CODE    2C38H     0003H     UNIT         ?PR?GET_DOWNLOAD_CMD_TOTAL?PROTOCOL



OVERLAY MAP OF MODULE:   ..\Output\Objects\test (MAIN)


SEGMENT                                            XDATA_GROUP
  +--> CALLED SEGMENT                            START    LENGTH
----------------------------------------------------------------
?PR?UART2_ISR_HANDLE?USART                       -----    -----
  +--> ?PR?_UART_RECEIVE_INPUT?MCU_API

?PR?_UART_RECEIVE_INPUT?MCU_API                  00BDH    0001H

*** NEW ROOT ***************************************************

?C_C51STARTUP                                    -----    -----
  +--> ?PR?MAIN?MAIN
  +--> ?C_INITSEG

?PR?MAIN?MAIN                                    -----    -----
  +--> ?PR?INIT_RCC?RCC
  +--> ?PR?INIT_GPIO?GPIO
  +--> ?PR?INIT_DEVICE?MAIN
  +--> ?PR?INIT_PANELFLASH?LEDPROC
  +--> ?PR?INIT_PARA?MAIN
  +--> ?PR?UART2INIT?USART
  +--> ?PR?INIT_INT0?INTERRUPT
  +--> ?PR?INIT_TIMER0?TIMER
  +--> ?PR?INIT_TIMER1?TIMER
  +--> ?PR?WIFI_PROTOCOL_INIT?MCU_API
  +--> ?PR?TIMEEVENT?TASKPROC

?PR?INIT_GPIO?GPIO                               00BEH    0002H
  +--> ?PR?_GPIO_INILIZE?GPIO

?PR?TIMEEVENT?TASKPROC                           -----    -----
  +--> ?PR?WIFI_UART_SERVICE?MCU_API
  +--> ?PR?STATEPROC?STATEPROC
  +--> ?PR?KEYPROC?KEYPROC
  +--> ?PR?LED_SHOWPROC?LEDPROC
  +--> ?PR?FLASHPARAPROC?PARAPROC
  +--> ?PR?UPDATEDPVALUE?WIFIPROC
  +--> ?PR?LED_RELEDFLASH?LEDPROC
  +--> ?PR?WIFIPROC?WIFIPROC
  +--> ?PR?MODEKEYPROC?KEYPROC

?PR?WIFI_UART_SERVICE?MCU_API                    00BEH    0004H
  +--> ?PR?GET_QUEUE_TOTAL_DATA?SYSTEM
  +--> ?PR?QUEUE_READ_BYTE?SYSTEM
  +--> ?PR?_GET_CHECK_SUM?SYSTEM
  +--> ?PR?_DATA_HANDLE?SYSTEM
  +--> ?PR?_MY_MEMCPY?MCU_API

BL51 BANKED LINKER/LOCATER V6.22.2.0                                                  06/19/2020  11:26:22  PAGE 5


?PR?_GET_CHECK_SUM?SYSTEM                        00E4H    0006H

?PR?_DATA_HANDLE?SYSTEM                          00C2H    0009H
  +--> ?PR?HEAT_BEAT_CHECK?SYSTEM
  +--> ?PR?PRODUCT_INFO_UPDATE?SYSTEM
  +--> ?PR?GET_MCU_WIFI_MODE?SYSTEM
  +--> ?PR?_WIFI_UART_WRITE_FRAME?SYSTEM
  +--> ?PR?_DATA_POINT_HANDLE?SYSTEM
  +--> ?PR?ALL_DATA_UPDATE?PROTOCOL
  +--> ?PR?_WIFI_TEST_RESULT?PROTOCOL

?PR?HEAT_BEAT_CHECK?SYSTEM                       -----    -----
  +--> ?PR?_SET_WIFI_UART_BYTE?SYSTEM
  +--> ?PR?_WIFI_UART_WRITE_FRAME?SYSTEM

?PR?_SET_WIFI_UART_BYTE?SYSTEM                   00E2H    0002H

?PR?_WIFI_UART_WRITE_FRAME?SYSTEM                00E2H    0002H
  +--> ?PR?_GET_CHECK_SUM?SYSTEM
  +--> ?PR?_WIFI_UART_WRITE_DATA?SYSTEM

?PR?_WIFI_UART_WRITE_DATA?SYSTEM                 00E4H    0005H
  +--> ?PR?_UART_TRANSMIT_OUTPUT?PROTOCOL

?PR?_UART_TRANSMIT_OUTPUT?PROTOCOL               -----    -----
  +--> ?PR?_UART_PUTCHAR?USART

?PR?PRODUCT_INFO_UPDATE?SYSTEM                   00CBH    0001H
  +--> ?CO?SYSTEM
  +--> ?PR?_MY_STRLEN?MCU_API
  +--> ?PR?_SET_WIFI_UART_BUFFER?SYSTEM
  +--> ?PR?_WIFI_UART_WRITE_FRAME?SYSTEM

?PR?_MY_STRLEN?MCU_API                           00CCH    0007H

?PR?_SET_WIFI_UART_BUFFER?SYSTEM                 00CCH    0007H
  +--> ?PR?_MY_MEMCPY?MCU_API

?PR?_MY_MEMCPY?MCU_API                           00D3H    0010H

?PR?GET_MCU_WIFI_MODE?SYSTEM                     -----    -----
  +--> ?PR?_WIFI_UART_WRITE_FRAME?SYSTEM

?PR?_DATA_POINT_HANDLE?SYSTEM                    00CBH    0007H
  +--> ?PR?_GET_DOWMLOAD_DPID_INDEX?SYSTEM
  +--> ?PR?_DP_DOWNLOAD_HANDLE?PROTOCOL

?PR?_GET_DOWMLOAD_DPID_INDEX?SYSTEM              00D2H    0001H
  +--> ?PR?GET_DOWNLOAD_CMD_TOTAL?PROTOCOL

?PR?_DP_DOWNLOAD_HANDLE?PROTOCOL                 00D2H    0007H
  +--> ?PR?_DP_DOWNLOAD_LED_SWITCH_HANDLE?PR...
  +--> ?PR?_DP_DOWNLOAD_BRIGHT_VALUE_HANDLE?...

?PR?_DP_DOWNLOAD_LED_SWITCH_HANDLE?PR...         -----    -----
  +--> ?PR?_MCU_GET_DP_DOWNLOAD_BOOL?MCU_API
  +--> ?PR?_MCU_DP_BOOL_UPDATE?MCU_API
BL51 BANKED LINKER/LOCATER V6.22.2.0                                                  06/19/2020  11:26:22  PAGE 6



?PR?_MCU_GET_DP_DOWNLOAD_BOOL?MCU_API            00D9H    0002H

?PR?_MCU_DP_BOOL_UPDATE?MCU_API                  00D9H    0001H
  +--> ?PR?_SET_WIFI_UART_BYTE?SYSTEM
  +--> ?PR?_WIFI_UART_WRITE_FRAME?SYSTEM

?PR?_DP_DOWNLOAD_BRIGHT_VALUE_HANDLE?...         00D9H    0004H
  +--> ?PR?_MCU_GET_DP_DOWNLOAD_VALUE?MCU_API
  +--> ?PR?_BRIGHTAPP2MCU?WIFIPROC
  +--> ?PR?_MCU_DP_VALUE_UPDATE?MCU_API

?PR?_MCU_GET_DP_DOWNLOAD_VALUE?MCU_API           00DDH    0002H
  +--> ?PR?_BYTE_TO_INT?MCU_API

?PR?_BYTE_TO_INT?MCU_API                         00DFH    0007H

?PR?_MCU_DP_VALUE_UPDATE?MCU_API                 00DDH    0005H
  +--> ?PR?_SET_WIFI_UART_BYTE?SYSTEM
  +--> ?PR?_WIFI_UART_WRITE_FRAME?SYSTEM

?PR?ALL_DATA_UPDATE?PROTOCOL                     00CBH    0003H
  +--> ?PR?_MCU_DP_BOOL_UPDATE?MCU_API
  +--> ?PR?_MCU_DP_VALUE_UPDATE?MCU_API

?PR?STATEPROC?STATEPROC                          -----    -----
  +--> ?PR?MANAGEADJUST?STATEPROC
  +--> ?PR?MANAGENOADJUST?STATEPROC

?PR?MANAGEADJUST?STATEPROC                       -----    -----
  +--> ?PR?_LEDSHOWTRANS?LEDPROC
  +--> ?PR?_LED_SETFLASH?LEDPROC

?PR?MANAGENOADJUST?STATEPROC                     -----    -----
  +--> ?PR?_LEDSHOWTRANS?LEDPROC
  +--> ?PR?_LED_SETFLASH?LEDPROC

?PR?KEYPROC?KEYPROC                              00BEH    0002H
  +--> ?PR?KEYSCAN?KEYPROC
  +--> ?PR?MCU_GET_WIFI_WORK_STATE?MCU_API
  +--> ?PR?MCU_RESET_WIFI?MCU_API
  +--> ?PR?_MCU_SET_WIFI_MODE?MCU_API
  +--> ?PR?_LEDSHOWTRANS?LEDPROC

?PR?MCU_RESET_WIFI?MCU_API                       -----    -----
  +--> ?PR?_WIFI_UART_WRITE_FRAME?SYSTEM

?PR?_MCU_SET_WIFI_MODE?MCU_API                   -----    -----
  +--> ?PR?_SET_WIFI_UART_BYTE?SYSTEM
  +--> ?PR?_WIFI_UART_WRITE_FRAME?SYSTEM

?PR?LED_SHOWPROC?LEDPROC                         -----    -----
  +--> ?CO?LEDPROC
  +--> ?PR?_HC595SENDDATA?LEDPROC

?PR?FLASHPARAPROC?PARAPROC                       00BEH    0003H

BL51 BANKED LINKER/LOCATER V6.22.2.0                                                  06/19/2020  11:26:22  PAGE 7


?PR?UPDATEDPVALUE?WIFIPROC                       00BEH    0002H
  +--> ?PR?_MCU_DP_BOOL_UPDATE?MCU_API
  +--> ?PR?_BRIGHTMCU2APP?WIFIPROC
  +--> ?PR?_MCU_DP_VALUE_UPDATE?MCU_API

?PR?WIFIPROC?WIFIPROC                            00BEH    0001H
  +--> ?PR?MCU_GET_WIFI_WORK_STATE?MCU_API
  +--> ?PR?MCU_RESET_WIFI?MCU_API

?PR?MODEKEYPROC?KEYPROC                          -----    -----
  +--> ?PR?_LEDSHOWTRANS?LEDPROC



UNRESOLVED EXTERNAL SYMBOLS:
   IS_READ_TIME
   TEMP0
   WIFI_HEART_CLOSE



SYMBOL TABLE OF MODULE:  ..\Output\Objects\test (MAIN)

  VALUE           TYPE          NAME
  ----------------------------------

  -------         MODULE        MAIN
  C:0000H         SYMBOL        _ICE_DUMMY_
  D:0080H         PUBLIC        P0
  D:0090H         PUBLIC        P1
  D:00A0H         PUBLIC        P2
  D:00B0H         PUBLIC        P3
  D:00C0H         PUBLIC        P4
  D:00C8H         PUBLIC        P5
  B:00A8H.7       PUBLIC        EA
  D:00E8H         PUBLIC        P6
  D:00F8H         PUBLIC        P7
  D:00A8H         PUBLIC        IE
  D:00B8H         PUBLIC        IP
  D:00D8H         PUBLIC        CCON
  C:001EH         PUBLIC        main
  B:0080H.0       PUBLIC        P00
  B:0080H.1       PUBLIC        P01
  D:0098H         PUBLIC        SCON
  D:0088H         PUBLIC        TCON
  B:00A0H.3       PUBLIC        P23
  C:2BA1H         PUBLIC        Init_Device
  D:00D0H         PUBLIC        PSW
  C:2BAFH         PUBLIC        Init_Para
  -------         PROC          INIT_DEVICE
  C:2BA1H         LINE#         17
  C:2BA1H         LINE#         18
  C:2BA1H         LINE#         19
  C:2BA3H         LINE#         20
  C:2BACH         LINE#         21
  C:2BAEH         LINE#         23
  -------         ENDPROC       INIT_DEVICE
BL51 BANKED LINKER/LOCATER V6.22.2.0                                                  06/19/2020  11:26:22  PAGE 8


  -------         PROC          INIT_PARA
  C:2BAFH         LINE#         25
  C:2BAFH         LINE#         26
  C:2BAFH         LINE#         29
  C:2BB4H         LINE#         30
  C:2BBAH         LINE#         31
  C:2BBCH         LINE#         32
  -------         ENDPROC       INIT_PARA
  -------         PROC          MAIN
  C:001EH         LINE#         34
  C:001EH         LINE#         35
  C:001EH         LINE#         36
  C:0021H         LINE#         37
  C:0024H         LINE#         38
  C:0027H         LINE#         39
  C:002AH         LINE#         40
  C:002DH         LINE#         41
  C:0030H         LINE#         42
  C:0033H         LINE#         43
  C:0036H         LINE#         44
  C:0039H         LINE#         45
  C:003CH         LINE#         47
  C:003EH         LINE#         51
  C:003EH         LINE#         52
  C:003EH         LINE#         53
  C:0041H         LINE#         54
  -------         ENDPROC       MAIN
  -------         ENDMOD        MAIN

  -------         MODULE        TASKPROC
  C:0000H         SYMBOL        _ICE_DUMMY_
  D:0080H         PUBLIC        P0
  D:0090H         PUBLIC        P1
  D:00A0H         PUBLIC        P2
  D:00B0H         PUBLIC        P3
  D:00C0H         PUBLIC        P4
  D:00C8H         PUBLIC        P5
  D:00E8H         PUBLIC        P6
  D:00F8H         PUBLIC        P7
  D:00A8H         PUBLIC        IE
  C:1B59H         PUBLIC        TimeEvent
  D:00B8H         PUBLIC        IP
  D:00D8H         PUBLIC        CCON
  D:0098H         PUBLIC        SCON
  D:0088H         PUBLIC        TCON
  D:00D0H         PUBLIC        PSW
  -------         PROC          TIMEEVENT
  -------         DO            
  X:011CH         SYMBOL        Event10msF
  X:011DH         SYMBOL        Event100msF
  X:011EH         SYMBOL        Event1ms
  X:011FH         SYMBOL        Event10ms
  X:0120H         SYMBOL        Event100ms
  -------         ENDDO         
  C:1B59H         LINE#         10
  C:1B59H         LINE#         11
  C:1B59H         LINE#         20
BL51 BANKED LINKER/LOCATER V6.22.2.0                                                  06/19/2020  11:26:22  PAGE 9


  C:1B62H         LINE#         21
  C:1B64H         LINE#         25
  C:1B78H         LINE#         26
  C:1B78H         LINE#         27
  C:1B78H         LINE#         28
  C:1B7BH         LINE#         29
  C:1B7DH         LINE#         31
  C:1B7DH         LINE#         33
  C:1B7DH         LINE#         35
  C:1B7DH         LINE#         36
  C:1B80H         LINE#         37
  C:1B82H         LINE#         39
  C:1B82H         LINE#         40
  C:1B82H         LINE#         41
  C:1B82H         LINE#         42
  C:1B84H         LINE#         44
  C:1B84H         LINE#         45
  C:1B89H         LINE#         46
  C:1B8EH         LINE#         47
  C:1B8EH         LINE#         48
  C:1B8EH         LINE#         50
  C:1B94H         LINE#         51
  C:1B94H         LINE#         52
  C:1B96H         LINE#         53
  C:1BCEH         LINE#         54
  C:1BCEH         LINE#         55
  C:1BCEH         LINE#         56
  C:1BD1H         LINE#         57
  C:1BD3H         LINE#         59
  C:1BD3H         LINE#         60
  C:1BD6H         LINE#         61
  C:1BD8H         LINE#         63
  C:1BD8H         LINE#         64
  C:1BD8H         LINE#         66
  C:1BD8H         LINE#         67
  C:1BDBH         LINE#         68
  C:1BDDH         LINE#         70
  C:1BDDH         LINE#         72
  C:1BDDH         LINE#         74
  C:1BDDH         LINE#         75
  C:1BE0H         LINE#         76
  C:1BE2H         LINE#         78
  C:1BE2H         LINE#         79
  C:1BE5H         LINE#         80
  C:1BE7H         LINE#         82
  C:1BE7H         LINE#         84
  C:1BE7H         LINE#         86
  C:1BE7H         LINE#         92
  C:1BE7H         LINE#         94
  C:1BE7H         LINE#         95
  C:1BE7H         LINE#         96
  C:1BE7H         LINE#         97
  C:1BE9H         LINE#         99
  C:1BE9H         LINE#         100
  C:1BEEH         LINE#         101
  C:1BF3H         LINE#         102
  C:1BF3H         LINE#         103
BL51 BANKED LINKER/LOCATER V6.22.2.0                                                  06/19/2020  11:26:22  PAGE 10


  C:1BF3H         LINE#         104
  C:1BF3H         LINE#         106
  C:1BF9H         LINE#         107
  C:1BF9H         LINE#         108
  C:1BFBH         LINE#         109
  C:1C0FH         LINE#         110
  C:1C0FH         LINE#         111
  C:1C0FH         LINE#         112
  C:1C12H         LINE#         113
  C:1C12H         LINE#         115
  C:1C12H         LINE#         116
  C:1C15H         LINE#         117
  C:1C15H         LINE#         119
  C:1C15H         LINE#         120
  C:1C15H         LINE#         122
  C:1C15H         LINE#         123
  C:1C15H         LINE#         125
  C:1C15H         LINE#         126
  C:1C15H         LINE#         128
  C:1C15H         LINE#         129
  C:1C15H         LINE#         131
  C:1C15H         LINE#         132
  C:1C15H         LINE#         134
  C:1C15H         LINE#         135
  C:1C15H         LINE#         137
  C:1C15H         LINE#         138
  C:1C15H         LINE#         140
  C:1C15H         LINE#         141
  C:1C15H         LINE#         142
  C:1C17H         LINE#         144
  C:1C17H         LINE#         145
  C:1C1CH         LINE#         146
  C:1C1CH         LINE#         147
  C:1C1CH         LINE#         148
  C:1C1CH         LINE#         151
  -------         ENDPROC       TIMEEVENT
  -------         ENDMOD        TASKPROC

  -------         MODULE        STATEPROC
  C:0000H         SYMBOL        _ICE_DUMMY_
  D:0080H         PUBLIC        P0
  D:0090H         PUBLIC        P1
  D:00A0H         PUBLIC        P2
  D:00B0H         PUBLIC        P3
  D:00C0H         PUBLIC        P4
  D:00C8H         PUBLIC        P5
  D:00E8H         PUBLIC        P6
  D:00F8H         PUBLIC        P7
  D:00A8H         PUBLIC        IE
  D:00B8H         PUBLIC        IP
  C:2BBDH         PUBLIC        StateProc
  D:00D8H         PUBLIC        CCON
  B:0080H.0       PUBLIC        P00
  B:0080H.1       PUBLIC        P01
  D:0098H         PUBLIC        SCON
  D:0088H         PUBLIC        TCON
  B:00A0H.3       PUBLIC        P23
BL51 BANKED LINKER/LOCATER V6.22.2.0                                                  06/19/2020  11:26:22  PAGE 11


  C:0046H         PUBLIC        ManageAdjust
  B:00A8H.0       PUBLIC        EX0
  B:0088H.6       PUBLIC        TR1
  C:053EH         PUBLIC        ManageNoAdjust
  D:00D0H         PUBLIC        PSW
  -------         PROC          MANAGEADJUST
  C:0046H         LINE#         9
  C:0046H         LINE#         10
  C:0046H         LINE#         11
  C:0071H         LINE#         12
  C:0071H         LINE#         13
  C:0071H         LINE#         15
  C:007FH         LINE#         16
  C:007FH         LINE#         17
  C:0086H         LINE#         18
  C:008AH         LINE#         19
  C:008CH         LINE#         20
  C:008CH         LINE#         21
  C:008DH         LINE#         23
  C:008DH         LINE#         25
  C:0093H         LINE#         27
  C:00B6H         LINE#         29
  C:00BDH         LINE#         30
  C:00BDH         LINE#         31
  C:00D2H         LINE#         32
  C:00D2H         LINE#         33
  C:00D4H         LINE#         34
  C:00DBH         LINE#         35
  C:00E2H         LINE#         36
  C:00E8H         LINE#         37
  C:00E8H         LINE#         38
  C:00EAH         LINE#         40
  C:00EAH         LINE#         41
  C:00FFH         LINE#         42
  C:00FFH         LINE#         43
  C:0101H         LINE#         44
  C:0107H         LINE#         45
  C:0107H         LINE#         46
  C:0107H         LINE#         48
  C:0115H         LINE#         49
  C:0115H         LINE#         50
  C:011CH         LINE#         51
  C:0122H         LINE#         52
  C:0124H         LINE#         54
  C:012BH         LINE#         55
  C:012BH         LINE#         56
  C:0135H         LINE#         57
  C:0135H         LINE#         59
  C:0135H         LINE#         60
  C:0136H         LINE#         62
  C:0136H         LINE#         63
  C:0138H         LINE#         64
  C:013EH         LINE#         66
  C:014CH         LINE#         68
  C:0159H         LINE#         69
  C:0159H         LINE#         70
  C:015DH         LINE#         71
BL51 BANKED LINKER/LOCATER V6.22.2.0                                                  06/19/2020  11:26:22  PAGE 12


  C:015EH         LINE#         72
  C:0167H         LINE#         73
  C:0167H         LINE#         74
  C:016DH         LINE#         75
  C:0173H         LINE#         76
  C:0173H         LINE#         77
  C:0174H         LINE#         79
  C:0174H         LINE#         80
  C:018DH         LINE#         81
  C:018DH         LINE#         82
  C:01B0H         LINE#         83
  C:01B0H         LINE#         84
  C:01C8H         LINE#         85
  C:01C8H         LINE#         86
  C:01CFH         LINE#         87
  C:01DDH         LINE#         88
  C:01DDH         LINE#         89
  C:01DDH         LINE#         90
  C:01DFH         LINE#         92
  C:01DFH         LINE#         93
  C:01F7H         LINE#         94
  C:01F7H         LINE#         95
  C:01FEH         LINE#         96
  C:020CH         LINE#         97
  C:020FH         LINE#         98
  C:020FH         LINE#         99
  C:020FH         LINE#         100
  C:0212H         LINE#         102
  C:0212H         LINE#         103
  C:0219H         LINE#         104
  C:021EH         LINE#         105
  C:021EH         LINE#         106
  C:021EH         LINE#         107
  C:0221H         LINE#         109
  C:0221H         LINE#         111
  C:0231H         LINE#         113
  C:0247H         LINE#         114
  C:0247H         LINE#         115
  C:025CH         LINE#         116
  C:025CH         LINE#         117
  C:0263H         LINE#         118
  C:0271H         LINE#         119
  C:0271H         LINE#         120
  C:0273H         LINE#         121
  C:027AH         LINE#         122
  C:027AH         LINE#         123
  C:028FH         LINE#         124
  C:028FH         LINE#         125
  C:0296H         LINE#         126
  C:02A4H         LINE#         127
  C:02A4H         LINE#         128
  C:02A4H         LINE#         130
  C:02ABH         LINE#         131
  C:02ABH         LINE#         132
  C:02B9H         LINE#         133
  C:02C8H         LINE#         134
  C:02C8H         LINE#         135
BL51 BANKED LINKER/LOCATER V6.22.2.0                                                  06/19/2020  11:26:22  PAGE 13


  C:02CCH         LINE#         136
  C:02D3H         LINE#         138
  C:02D9H         LINE#         139
  C:02D9H         LINE#         140
  C:02D9H         LINE#         142
  C:02E3H         LINE#         143
  C:02E3H         LINE#         144
  C:02EAH         LINE#         145
  C:02F0H         LINE#         146
  C:02F0H         LINE#         147
  C:02F1H         LINE#         149
  C:02F1H         LINE#         150
  C:02F8H         LINE#         152
  C:02FEH         LINE#         153
  C:02FEH         LINE#         154
  C:0304H         LINE#         155
  C:0306H         LINE#         157
  C:0308H         LINE#         158
  C:030FH         LINE#         159
  C:030FH         LINE#         160
  C:0315H         LINE#         161
  C:0317H         LINE#         162
  C:0319H         LINE#         163
  C:0320H         LINE#         164
  C:0320H         LINE#         165
  C:0326H         LINE#         166
  C:032BH         LINE#         167
  C:032BH         LINE#         169
  C:0333H         LINE#         170
  C:0333H         LINE#         171
  C:0339H         LINE#         172
  C:0339H         LINE#         173
  C:033CH         LINE#         174
  C:033EH         LINE#         176
  C:033EH         LINE#         177
  C:0341H         LINE#         178
  C:0341H         LINE#         179
  C:034EH         LINE#         180
  C:0355H         LINE#         181
  C:0355H         LINE#         183
  C:035CH         LINE#         184
  C:035CH         LINE#         185
  C:0365H         LINE#         186
  C:036CH         LINE#         187
  C:0372H         LINE#         188
  C:0372H         LINE#         190
  C:037CH         LINE#         191
  C:037CH         LINE#         192
  C:0385H         LINE#         193
  C:038BH         LINE#         194
  C:03A3H         LINE#         195
  C:03A3H         LINE#         196
  C:03AAH         LINE#         197
  C:03BCH         LINE#         198
  C:03BCH         LINE#         199
  C:03BCH         LINE#         200
  C:03BDH         LINE#         202
BL51 BANKED LINKER/LOCATER V6.22.2.0                                                  06/19/2020  11:26:22  PAGE 14


  C:03BDH         LINE#         203
  C:03E6H         LINE#         204
  C:03E6H         LINE#         205
  C:03FEH         LINE#         206
  C:03FEH         LINE#         207
  C:0405H         LINE#         209
  C:0413H         LINE#         210
  C:0413H         LINE#         211
  C:0413H         LINE#         212
  C:0416H         LINE#         213
  C:043FH         LINE#         214
  C:043FH         LINE#         215
  C:0457H         LINE#         216
  C:0457H         LINE#         217
  C:045EH         LINE#         219
  C:046CH         LINE#         220
  C:046CH         LINE#         221
  C:046CH         LINE#         222
  C:046EH         LINE#         223
  C:0497H         LINE#         224
  C:0497H         LINE#         225
  C:04AFH         LINE#         226
  C:04AFH         LINE#         227
  C:04B6H         LINE#         229
  C:04C4H         LINE#         230
  C:04D1H         LINE#         231
  C:04D1H         LINE#         232
  C:04D2H         LINE#         234
  C:04D2H         LINE#         235
  C:04E7H         LINE#         236
  C:04E7H         LINE#         237
  C:04F0H         LINE#         238
  C:04F4H         LINE#         239
  C:04FBH         LINE#         240
  C:0501H         LINE#         241
  C:0501H         LINE#         242
  C:0501H         LINE#         243
  C:0502H         LINE#         245
  C:0502H         LINE#         246
  C:0517H         LINE#         247
  C:0517H         LINE#         248
  C:051DH         LINE#         249
  C:051FH         LINE#         250
  C:0526H         LINE#         251
  C:052AH         LINE#         252
  C:0531H         LINE#         253
  C:0531H         LINE#         254
  C:0532H         LINE#         256
  C:0532H         LINE#         257
  C:0539H         LINE#         258
  C:053DH         LINE#         259
  C:053DH         LINE#         260
  C:053DH         LINE#         261
  -------         ENDPROC       MANAGEADJUST
  -------         PROC          MANAGENOADJUST
  C:053EH         LINE#         263
  C:053EH         LINE#         264
BL51 BANKED LINKER/LOCATER V6.22.2.0                                                  06/19/2020  11:26:22  PAGE 15


  C:053EH         LINE#         265
  C:0566H         LINE#         266
  C:0566H         LINE#         267
  C:0566H         LINE#         269
  C:0574H         LINE#         270
  C:0574H         LINE#         271
  C:057BH         LINE#         272
  C:057FH         LINE#         273
  C:0581H         LINE#         274
  C:0581H         LINE#         275
  C:0582H         LINE#         277
  C:0582H         LINE#         279
  C:0588H         LINE#         281
  C:058FH         LINE#         282
  C:058FH         LINE#         283
  C:05A4H         LINE#         284
  C:05A4H         LINE#         285
  C:05A6H         LINE#         286
  C:05ADH         LINE#         287
  C:05B4H         LINE#         288
  C:05BAH         LINE#         289
  C:05BAH         LINE#         290
  C:05BCH         LINE#         292
  C:05BCH         LINE#         293
  C:05D1H         LINE#         294
  C:05D1H         LINE#         295
  C:05D3H         LINE#         296
  C:05D9H         LINE#         297
  C:05D9H         LINE#         298
  C:05D9H         LINE#         300
  C:05E3H         LINE#         301
  C:05E3H         LINE#         302
  C:05EAH         LINE#         303
  C:05F0H         LINE#         304
  C:05F2H         LINE#         305
  C:05FBH         LINE#         307
  C:061EH         LINE#         308
  C:063FH         LINE#         309
  C:064DH         LINE#         310
  C:064DH         LINE#         311
  C:0657H         LINE#         312
  C:0657H         LINE#         314
  C:0657H         LINE#         315
  C:0658H         LINE#         317
  C:0658H         LINE#         318
  C:065AH         LINE#         319
  C:0660H         LINE#         321
  C:066EH         LINE#         323
  C:067DH         LINE#         324
  C:067DH         LINE#         325
  C:06A0H         LINE#         326
  C:06C1H         LINE#         327
  C:06C5H         LINE#         328
  C:06CCH         LINE#         329
  C:06D2H         LINE#         330
  C:06D2H         LINE#         331
  C:06D3H         LINE#         333
BL51 BANKED LINKER/LOCATER V6.22.2.0                                                  06/19/2020  11:26:22  PAGE 16


  C:06D3H         LINE#         335
  C:06E3H         LINE#         337
  C:06ECH         LINE#         338
  C:06ECH         LINE#         339
  C:06FAH         LINE#         340
  C:0709H         LINE#         341
  C:0709H         LINE#         342
  C:070DH         LINE#         343
  C:0713H         LINE#         344
  C:0713H         LINE#         345
  C:0713H         LINE#         347
  C:071AH         LINE#         348
  C:071AH         LINE#         349
  C:0721H         LINE#         350
  C:0727H         LINE#         351
  C:0727H         LINE#         352
  C:0728H         LINE#         354
  C:0728H         LINE#         355
  C:072FH         LINE#         357
  C:0735H         LINE#         358
  C:0735H         LINE#         359
  C:073BH         LINE#         360
  C:073DH         LINE#         362
  C:073FH         LINE#         363
  C:0746H         LINE#         364
  C:0746H         LINE#         365
  C:074CH         LINE#         366
  C:074EH         LINE#         367
  C:0750H         LINE#         368
  C:0757H         LINE#         369
  C:0757H         LINE#         370
  C:075DH         LINE#         371
  C:0762H         LINE#         372
  C:0762H         LINE#         374
  C:076AH         LINE#         375
  C:076AH         LINE#         376
  C:0770H         LINE#         377
  C:0770H         LINE#         378
  C:0773H         LINE#         379
  C:0775H         LINE#         381
  C:0775H         LINE#         382
  C:0778H         LINE#         383
  C:0778H         LINE#         384
  C:0785H         LINE#         385
  C:078CH         LINE#         386
  C:078CH         LINE#         388
  C:0793H         LINE#         389
  C:0793H         LINE#         390
  C:079CH         LINE#         391
  C:07A2H         LINE#         392
  C:07B7H         LINE#         393
  C:07B7H         LINE#         394
  C:07BEH         LINE#         395
  C:07D0H         LINE#         396
  C:07D0H         LINE#         397
  C:07D0H         LINE#         398
  C:07D1H         LINE#         400
BL51 BANKED LINKER/LOCATER V6.22.2.0                                                  06/19/2020  11:26:22  PAGE 17


  C:07D1H         LINE#         401
  C:07DAH         LINE#         402
  C:07DEH         LINE#         404
  C:07F3H         LINE#         405
  C:07F3H         LINE#         406
  C:07F9H         LINE#         407
  C:07FBH         LINE#         408
  C:0802H         LINE#         409
  C:0802H         LINE#         410
  C:0802H         LINE#         411
  C:0802H         LINE#         412
  C:0804H         LINE#         414
  C:0804H         LINE#         415
  C:080BH         LINE#         416
  C:080FH         LINE#         417
  C:080FH         LINE#         418
  C:080FH         LINE#         419
  -------         ENDPROC       MANAGENOADJUST
  -------         PROC          STATEPROC
  C:2BBDH         LINE#         421
  C:2BBDH         LINE#         422
  C:2BBDH         LINE#         423
  C:2BC4H         LINE#         424
  C:2BC4H         LINE#         425
  C:2BC7H         LINE#         426
  C:2BC7H         LINE#         428
  C:2BC7H         LINE#         429
  C:2BCAH         LINE#         430
  C:2BCAH         LINE#         431
  -------         ENDPROC       STATEPROC
  -------         ENDMOD        STATEPROC

  -------         MODULE        KEYPROC
  C:0000H         SYMBOL        _ICE_DUMMY_
  D:0080H         PUBLIC        P0
  D:0090H         PUBLIC        P1
  D:00A0H         PUBLIC        P2
  D:00B0H         PUBLIC        P3
  D:00C0H         PUBLIC        P4
  D:00C8H         PUBLIC        P5
  D:00E8H         PUBLIC        P6
  D:00F8H         PUBLIC        P7
  D:00A8H         PUBLIC        IE
  D:00B8H         PUBLIC        IP
  D:00D8H         PUBLIC        CCON
  C:1987H         PUBLIC        KeyScan
  B:0080H.2       PUBLIC        P02
  B:0090H.2       PUBLIC        P12
  D:0098H         PUBLIC        SCON
  B:0090H.3       PUBLIC        P13
  D:0088H         PUBLIC        TCON
  B:0090H.4       PUBLIC        P14
  B:00B0H.3       PUBLIC        P33
  B:00B0H.6       PUBLIC        P36
  B:00B0H.7       PUBLIC        P37
  C:11C0H         PUBLIC        KeyProc
  C:1053H         PUBLIC        ModeKeyProc
BL51 BANKED LINKER/LOCATER V6.22.2.0                                                  06/19/2020  11:26:22  PAGE 18


  D:00D0H         PUBLIC        PSW
  -------         PROC          KEYSCAN
  -------         DO            
  X:0121H         SYMBOL        i
  X:0122H         SYMBOL        Count
  X:0124H         SYMBOL        key_value
  -------         ENDDO         
  C:1987H         LINE#         8
  C:1987H         LINE#         9
  C:1987H         LINE#         17
  C:199EH         LINE#         18
  C:199EH         LINE#         19
  C:199EH         LINE#         20
  C:19AAH         LINE#         21
  C:19AAH         LINE#         22
  C:19AAH         LINE#         23
  C:19AAH         LINE#         24
  C:19ADH         LINE#         26
  C:19ADH         LINE#         27
  C:19B6H         LINE#         28
  C:19B6H         LINE#         29
  C:19BCH         LINE#         30
  C:19C8H         LINE#         31
  C:19D4H         LINE#         32
  C:19E0H         LINE#         33
  C:19E3H         LINE#         35
  C:19E3H         LINE#         36
  C:19E8H         LINE#         37
  C:19ECH         LINE#         38
  C:19ECH         LINE#         40
  C:19EFH         LINE#         42
  C:19EFH         LINE#         43
  C:19F8H         LINE#         44
  C:19F8H         LINE#         46
  C:19F8H         LINE#         47
  C:19FDH         LINE#         48
  C:1A01H         LINE#         50
  C:1A07H         LINE#         51
  C:1A07H         LINE#         52
  C:1A09H         LINE#         53
  C:1A0CH         LINE#         54
  C:1A0CH         LINE#         55
  C:1A10H         LINE#         56
  C:1A10H         LINE#         57
  C:1A15H         LINE#         58
  C:1A18H         LINE#         59
  C:1A18H         LINE#         60
  C:1A1FH         LINE#         61
  C:1A1FH         LINE#         62
  C:1A21H         LINE#         63
  C:1A24H         LINE#         64
  C:1A24H         LINE#         65
  C:1A24H         LINE#         67
  C:1A39H         LINE#         68
  C:1A39H         LINE#         69
  C:1A3FH         LINE#         70
  C:1A3FH         LINE#         71
BL51 BANKED LINKER/LOCATER V6.22.2.0                                                  06/19/2020  11:26:22  PAGE 19


  C:1A41H         LINE#         73
  C:1A41H         LINE#         74
  C:1A56H         LINE#         75
  C:1A56H         LINE#         76
  C:1A5DH         LINE#         78
  C:1A63H         LINE#         79
  C:1A69H         LINE#         80
  C:1A6FH         LINE#         82
  C:1A78H         LINE#         83
  C:1A78H         LINE#         85
  C:1A78H         LINE#         86
  C:1A7DH         LINE#         87
  C:1A81H         LINE#         88
  C:1A85H         LINE#         89
  C:1A88H         LINE#         90
  C:1A88H         LINE#         91
  C:1A88H         LINE#         92
  C:1A88H         LINE#         93
  C:1A88H         LINE#         95
  C:1A8AH         LINE#         96
  -------         ENDPROC       KEYSCAN
  -------         PROC          KEYPROC
  -------         DO            
  X:0125H         SYMBOL        time_count
  D:0007H         SYMBOL        key
  X:00BEH         SYMBOL        wifi_state
  X:00BFH         SYMBOL        temp_value
  -------         ENDDO         
  C:11C0H         LINE#         105
  C:11C0H         LINE#         106
  C:11C0H         LINE#         109
  C:11C5H         LINE#         110
  C:11C7H         LINE#         112
  C:11D1H         LINE#         114
  C:11D4H         LINE#         116
  C:11DAH         LINE#         118
  C:1205H         LINE#         119
  C:1205H         LINE#         121
  C:1205H         LINE#         123
  C:120CH         LINE#         124
  C:120CH         LINE#         125
  C:120EH         LINE#         126
  C:120EH         LINE#         127
  C:120EH         LINE#         128
  C:1210H         LINE#         130
  C:1210H         LINE#         131
  C:1217H         LINE#         132
  C:121AH         LINE#         133
  C:1224H         LINE#         134
  C:1224H         LINE#         139
  C:1225H         LINE#         142
  C:1225H         LINE#         143
  C:122BH         LINE#         144
  C:1234H         LINE#         146
  C:1241H         LINE#         147
  C:1241H         LINE#         148
  C:1249H         LINE#         150
BL51 BANKED LINKER/LOCATER V6.22.2.0                                                  06/19/2020  11:26:22  PAGE 20


  C:1250H         LINE#         151
  C:1250H         LINE#         152
  C:1253H         LINE#         153
  C:1253H         LINE#         155
  C:1253H         LINE#         156
  C:1259H         LINE#         157
  C:1259H         LINE#         158
  C:125BH         LINE#         159
  C:125DH         LINE#         160
  C:1268H         LINE#         161
  C:1268H         LINE#         162
  C:126CH         LINE#         163
  C:126CH         LINE#         164
  C:126CH         LINE#         165
  C:126CH         LINE#         166
  C:126CH         LINE#         169
  C:126CH         LINE#         170
  C:1276H         LINE#         172
  C:1276H         LINE#         173
  C:1280H         LINE#         175
  C:1283H         LINE#         176
  C:128DH         LINE#         177
  C:1294H         LINE#         180
  C:12A4H         LINE#         181
  C:12AFH         LINE#         183
  C:12AFH         LINE#         185
  C:12B1H         LINE#         189
  C:12B1H         LINE#         190
  C:12B8H         LINE#         192
  C:12B8H         LINE#         193
  C:12BFH         LINE#         195
  C:12C2H         LINE#         196
  C:12CCH         LINE#         197
  C:12D3H         LINE#         199
  C:12E3H         LINE#         200
  C:12EEH         LINE#         202
  C:1320H         LINE#         203
  C:1321H         LINE#         205
  C:1321H         LINE#         206
  C:1326H         LINE#         207
  C:1326H         LINE#         209
  C:1326H         LINE#         210
  C:1326H         LINE#         212
  C:1326H         LINE#         213
  -------         ENDPROC       KEYPROC
  -------         PROC          MODEKEYPROC
  -------         DO            
  D:0003H         SYMBOL        temp_min
  -------         ENDDO         
  C:1053H         LINE#         215
  C:1053H         LINE#         216
  C:1053H         LINE#         217
  C:1055H         LINE#         220
  C:1074H         LINE#         221
  C:1074H         LINE#         222
  C:1074H         LINE#         223
  C:107EH         LINE#         224
BL51 BANKED LINKER/LOCATER V6.22.2.0                                                  06/19/2020  11:26:22  PAGE 21


  C:1085H         LINE#         225
  C:1088H         LINE#         227
  C:1097H         LINE#         228
  C:1097H         LINE#         229
  C:109EH         LINE#         230
  C:10A8H         LINE#         231
  C:10B5H         LINE#         233
  C:10BCH         LINE#         234
  C:10C2H         LINE#         236
  C:10C7H         LINE#         238
  C:10C7H         LINE#         239
  C:10C7H         LINE#         240
  C:10C9H         LINE#         242
  C:10C9H         LINE#         243
  C:10D3H         LINE#         244
  C:10DAH         LINE#         245
  C:10DDH         LINE#         247
  C:10ECH         LINE#         248
  C:10ECH         LINE#         249
  C:10F3H         LINE#         250
  C:10FDH         LINE#         251
  C:110AH         LINE#         253
  C:110DH         LINE#         254
  C:1116H         LINE#         256
  C:111FH         LINE#         258
  C:1130H         LINE#         259
  C:1130H         LINE#         260
  C:1132H         LINE#         262
  C:1132H         LINE#         263
  C:113CH         LINE#         264
  C:1143H         LINE#         265
  C:1146H         LINE#         267
  C:114FH         LINE#         268
  C:114FH         LINE#         269
  C:1156H         LINE#         270
  C:1160H         LINE#         271
  C:116DH         LINE#         273
  C:1170H         LINE#         274
  C:1179H         LINE#         276
  C:1181H         LINE#         278
  C:11AEH         LINE#         279
  C:11AEH         LINE#         280
  C:11AEH         LINE#         282
  C:11AEH         LINE#         283
  C:11AEH         LINE#         284
  C:11AEH         LINE#         287
  C:11B5H         LINE#         288
  C:11B5H         LINE#         289
  C:11BBH         LINE#         290
  C:11BCH         LINE#         292
  C:11BCH         LINE#         293
  C:11BFH         LINE#         294
  C:11BFH         LINE#         295
  -------         ENDPROC       MODEKEYPROC
  -------         ENDMOD        KEYPROC

  -------         MODULE        LEDPROC
BL51 BANKED LINKER/LOCATER V6.22.2.0                                                  06/19/2020  11:26:22  PAGE 22


  C:0000H         SYMBOL        _ICE_DUMMY_
  D:0080H         PUBLIC        P0
  D:0090H         PUBLIC        P1
  D:00A0H         PUBLIC        P2
  D:00B0H         PUBLIC        P3
  D:00C0H         PUBLIC        P4
  D:00C8H         PUBLIC        P5
  D:00E8H         PUBLIC        P6
  D:00F8H         PUBLIC        P7
  B:0090H.6       PUBLIC        MOSIO
  B:0090H.5       PUBLIC        S_CLK
  D:00A8H         PUBLIC        IE
  X:00FCH         PUBLIC        Led
  D:00B8H         PUBLIC        IP
  D:00D8H         PUBLIC        CCON
  C:2B16H         PUBLIC        LedCodeTab
  X:0101H         PUBLIC        LedFlashTim
  D:0098H         PUBLIC        SCON
  D:0088H         PUBLIC        TCON
  C:29F3H         PUBLIC        _HC595SendData
  B:0090H.7       PUBLIC        R_CK
  C:0810H         PUBLIC        _LedShowTrans
  C:2BFEH         PUBLIC        LED_ClrFlash
  C:2AAAH         PUBLIC        _LED_SetFlash
  C:000EH         PUBLIC        Init_PanelFlash
  C:2A88H         PUBLIC        LED_ShowProc
  C:202EH         PUBLIC        LED_ReLedFlash
  D:00D0H         PUBLIC        PSW
  -------         PROC          _HC595SENDDATA
  D:0007H         SYMBOL        SendVal
  -------         DO            
  D:0006H         SYMBOL        i
  -------         ENDDO         
  C:29F3H         LINE#         39
  C:29F3H         LINE#         40
  C:29F3H         LINE#         43
  C:29F5H         LINE#         44
  C:29F5H         LINE#         45
  C:2A02H         LINE#         46
  C:2A02H         LINE#         47
  C:2A04H         LINE#         48
  C:2A06H         LINE#         50
  C:2A06H         LINE#         51
  C:2A08H         LINE#         52
  C:2A08H         LINE#         54
  C:2A0AH         LINE#         55
  C:2A0CH         LINE#         56
  C:2A0EH         LINE#         57
  C:2A13H         LINE#         59
  C:2A15H         LINE#         60
  C:2A17H         LINE#         61
  C:2A19H         LINE#         62
  -------         ENDPROC       _HC595SENDDATA
  -------         PROC          INIT_PANELFLASH
  C:000EH         LINE#         72
  C:000EH         LINE#         73
  C:000EH         LINE#         74
BL51 BANKED LINKER/LOCATER V6.22.2.0                                                  06/19/2020  11:26:22  PAGE 23


  C:0014H         LINE#         76
  C:0018H         LINE#         77
  C:001AH         LINE#         78
  -------         ENDPROC       INIT_PANELFLASH
  -------         PROC          LED_RELEDFLASH
  C:202EH         LINE#         90
  C:202EH         LINE#         91
  C:202EH         LINE#         92
  C:2035H         LINE#         94
  C:2051H         LINE#         95
  C:2051H         LINE#         97
  C:2061H         LINE#         98
  C:2068H         LINE#         99
  C:206CH         LINE#         100
  C:206EH         LINE#         101
  C:2086H         LINE#         102
  C:2086H         LINE#         103
  C:2096H         LINE#         104
  C:209DH         LINE#         105
  C:20A2H         LINE#         106
  C:20A2H         LINE#         108
  C:20B0H         LINE#         109
  -------         ENDPROC       LED_RELEDFLASH
  -------         PROC          _LED_SETFLASH
  D:0007H         SYMBOL        Mode
  C:2AAAH         LINE#         122
  C:2AAAH         LINE#         123
  C:2AAAH         LINE#         124
  C:2AB0H         LINE#         125
  C:2AB3H         LINE#         127
  C:2AB6H         LINE#         128
  C:2ABDH         LINE#         130
  C:2AC6H         LINE#         131
  -------         ENDPROC       _LED_SETFLASH
  -------         PROC          LED_CLRFLASH
  C:2BFEH         LINE#         143
  C:2BFEH         LINE#         144
  C:2BFEH         LINE#         145
  C:2C04H         LINE#         146
  C:2C06H         LINE#         147
  -------         ENDPROC       LED_CLRFLASH
  -------         PROC          LED_SHOWPROC
  C:2A88H         LINE#         149
  C:2A88H         LINE#         150
  C:2A88H         LINE#         151
  C:2A96H         LINE#         153
  C:2A9EH         LINE#         155
  -------         ENDPROC       LED_SHOWPROC
  -------         PROC          _LEDSHOWTRANS
  D:0006H         SYMBOL        Value
  -------         DO            
  D:0005H         SYMBOL        show_value
  -------         ENDDO         
  C:0810H         LINE#         159
  C:0810H         LINE#         160
  C:0810H         LINE#         161
  C:0812H         LINE#         163
BL51 BANKED LINKER/LOCATER V6.22.2.0                                                  06/19/2020  11:26:22  PAGE 24


  C:0836H         LINE#         164
  C:0836H         LINE#         165
  C:0836H         LINE#         166
  C:0839H         LINE#         167
  C:0863H         LINE#         168
  C:0863H         LINE#         169
  C:0865H         LINE#         170
  C:0868H         LINE#         171
  C:08ACH         LINE#         172
  C:08ACH         LINE#         173
  C:08AEH         LINE#         174
  C:08B1H         LINE#         175
  C:08F5H         LINE#         176
  C:08F5H         LINE#         177
  C:08F7H         LINE#         178
  C:08FAH         LINE#         179
  C:093EH         LINE#         180
  C:093EH         LINE#         181
  C:0940H         LINE#         182
  C:0943H         LINE#         183
  C:0987H         LINE#         184
  C:0987H         LINE#         185
  C:0989H         LINE#         186
  C:098CH         LINE#         187
  C:09D0H         LINE#         188
  C:09D0H         LINE#         189
  C:09D2H         LINE#         190
  C:09D5H         LINE#         191
  C:0A19H         LINE#         192
  C:0A19H         LINE#         193
  C:0A1BH         LINE#         194
  C:0A1EH         LINE#         195
  C:0A62H         LINE#         196
  C:0A62H         LINE#         197
  C:0A64H         LINE#         198
  C:0A66H         LINE#         199
  C:0A98H         LINE#         200
  C:0A98H         LINE#         201
  C:0A9AH         LINE#         202
  C:0A9CH         LINE#         203
  C:0AC3H         LINE#         204
  C:0AC3H         LINE#         205
  C:0AC5H         LINE#         206
  C:0AC5H         LINE#         208
  C:0AC7H         LINE#         209
  -------         ENDPROC       _LEDSHOWTRANS
  -------         ENDMOD        LEDPROC

  -------         MODULE        PARAPROC
  C:0000H         SYMBOL        _ICE_DUMMY_
  D:0080H         PUBLIC        P0
  D:0090H         PUBLIC        P1
  D:00A0H         PUBLIC        P2
  D:00B0H         PUBLIC        P3
  D:00C0H         PUBLIC        P4
  D:00C8H         PUBLIC        P5
  D:00E8H         PUBLIC        P6
BL51 BANKED LINKER/LOCATER V6.22.2.0                                                  06/19/2020  11:26:22  PAGE 25


  D:00F8H         PUBLIC        P7
  D:00A8H         PUBLIC        IE
  C:2934H         PUBLIC        FlashParaProc
  D:00B8H         PUBLIC        IP
  D:00D8H         PUBLIC        CCON
  D:0098H         PUBLIC        SCON
  D:0088H         PUBLIC        TCON
  X:0132H         PUBLIC        PwmValue
  D:00D0H         PUBLIC        PSW
  -------         PROC          FLASHPARAPROC
  -------         DO            
  X:00BEH         SYMBOL        multiple
  X:00BFH         SYMBOL        temp_dimmer_value
  -------         ENDDO         
  C:2934H         LINE#         10
  C:2934H         LINE#         11
  C:2934H         LINE#         12
  C:2939H         LINE#         13
  C:293DH         LINE#         30
  C:2966H         LINE#         77
  -------         ENDPROC       FLASHPARAPROC
  -------         ENDMOD        PARAPROC

  -------         MODULE        SYSDATADEF
  C:0000H         SYMBOL        _ICE_DUMMY_
  D:0080H         PUBLIC        P0
  D:0090H         PUBLIC        P1
  D:00A0H         PUBLIC        P2
  D:00B0H         PUBLIC        P3
  D:00C0H         PUBLIC        P4
  D:00C8H         PUBLIC        P5
  D:00E8H         PUBLIC        P6
  D:00F8H         PUBLIC        P7
  D:00A8H         PUBLIC        IE
  X:007AH         PUBLIC        Dig
  D:00B8H         PUBLIC        IP
  D:00D8H         PUBLIC        CCON
  X:007BH         PUBLIC        Fls
  X:007CH         PUBLIC        DigBuf
  D:0098H         PUBLIC        SCON
  D:0088H         PUBLIC        TCON
  X:007DH         PUBLIC        LightValTab
  X:009BH         PUBLIC        SysPara
  X:009DH         PUBLIC        ShowValTab
  X:00A7H         PUBLIC        Dimmer
  X:00BAH         PUBLIC        Face
  D:00D0H         PUBLIC        PSW
  -------         ENDMOD        SYSDATADEF

  -------         MODULE        WIFIPROC
  C:0000H         SYMBOL        _ICE_DUMMY_
  D:0080H         PUBLIC        P0
  D:0090H         PUBLIC        P1
  D:00A0H         PUBLIC        P2
  D:00B0H         PUBLIC        P3
  D:00C0H         PUBLIC        P4
  D:00C8H         PUBLIC        P5
BL51 BANKED LINKER/LOCATER V6.22.2.0                                                  06/19/2020  11:26:22  PAGE 26


  D:00E8H         PUBLIC        P6
  D:00F8H         PUBLIC        P7
  D:00A8H         PUBLIC        IE
  D:00B8H         PUBLIC        IP
  C:266DH         PUBLIC        UpdateDpValue
  D:00D8H         PUBLIC        CCON
  C:2126H         PUBLIC        WifiProc
  B:0080H.0       PUBLIC        P00
  B:0080H.1       PUBLIC        P01
  D:0098H         PUBLIC        SCON
  C:1E8CH         PUBLIC        WifiTest
  D:0088H         PUBLIC        TCON
  C:220DH         PUBLIC        _BrightMcu2App
  C:26C3H         PUBLIC        _BrightApp2Mcu
  D:00D0H         PUBLIC        PSW
  -------         PROC          WIFIPROC
  -------         DO            
  X:0126H         SYMBOL        reset_time
  X:00BEH         SYMBOL        wifi_state
  -------         ENDDO         
  C:2126H         LINE#         6
  C:2126H         LINE#         7
  C:2126H         LINE#         10
  C:212BH         LINE#         12
  C:2133H         LINE#         20
  C:2155H         LINE#         21
  C:2155H         LINE#         23
  C:2155H         LINE#         24
  C:215CH         LINE#         25
  C:215FH         LINE#         26
  C:2162H         LINE#         27
  C:2163H         LINE#         30
  C:2163H         LINE#         31
  C:2163H         LINE#         32
  C:2163H         LINE#         33
  C:2163H         LINE#         34
  C:2163H         LINE#         37
  C:216AH         LINE#         39
  C:216CH         LINE#         40
  C:216CH         LINE#         41
  C:216EH         LINE#         44
  C:216EH         LINE#         46
  C:216EH         LINE#         47
  C:2175H         LINE#         48
  C:2178H         LINE#         49
  C:217BH         LINE#         50
  C:217CH         LINE#         53
  C:217CH         LINE#         54
  C:217CH         LINE#         56
  C:217CH         LINE#         57
  C:2187H         LINE#         58
  C:2187H         LINE#         59
  C:2189H         LINE#         60
  C:2190H         LINE#         61
  C:2193H         LINE#         62
  C:2193H         LINE#         63
  C:2193H         LINE#         65
BL51 BANKED LINKER/LOCATER V6.22.2.0                                                  06/19/2020  11:26:22  PAGE 27


  C:2193H         LINE#         66
  C:2199H         LINE#         67
  C:2199H         LINE#         68
  C:2199H         LINE#         69
  -------         ENDPROC       WIFIPROC
  -------         PROC          _BRIGHTAPP2MCU
  D:0006H         SYMBOL        AppValue
  -------         DO            
  D:0004H         SYMBOL        temp_brightval
  -------         ENDDO         
  C:26C3H         LINE#         71
  C:26C3H         LINE#         72
  C:26C3H         LINE#         73
  C:26C6H         LINE#         75
  C:26DCH         LINE#         76
  C:26DCH         LINE#         77
  C:26DCH         LINE#         78
  C:26EAH         LINE#         79
  C:26ECH         LINE#         81
  C:26ECH         LINE#         82
  C:26F8H         LINE#         83
  C:26FAH         LINE#         85
  C:26FAH         LINE#         86
  C:2713H         LINE#         87
  C:2713H         LINE#         89
  C:2713H         LINE#         90
  C:2713H         LINE#         91
  C:2713H         LINE#         93
  C:2717H         LINE#         94
  -------         ENDPROC       _BRIGHTAPP2MCU
  -------         PROC          _BRIGHTMCU2APP
  D:0006H         SYMBOL        McuValue
  -------         DO            
  D:0004H         SYMBOL        temp_brightval
  -------         ENDDO         
  C:220DH         LINE#         97
  C:220DH         LINE#         98
  C:220DH         LINE#         99
  C:2210H         LINE#         101
  C:2226H         LINE#         102
  C:2226H         LINE#         103
  C:2226H         LINE#         104
  C:2235H         LINE#         105
  C:2237H         LINE#         107
  C:2237H         LINE#         108
  C:2241H         LINE#         109
  C:2243H         LINE#         111
  C:2243H         LINE#         112
  C:2249H         LINE#         113
  C:2249H         LINE#         114
  C:2257H         LINE#         115
  C:2259H         LINE#         117
  C:2259H         LINE#         118
  C:226DH         LINE#         119
  C:226DH         LINE#         120
  C:226DH         LINE#         122
  C:226DH         LINE#         123
BL51 BANKED LINKER/LOCATER V6.22.2.0                                                  06/19/2020  11:26:22  PAGE 28


  C:226DH         LINE#         124
  C:226DH         LINE#         126
  C:2276H         LINE#         127
  C:2276H         LINE#         128
  C:227AH         LINE#         129
  C:227AH         LINE#         131
  C:227EH         LINE#         132
  -------         ENDPROC       _BRIGHTMCU2APP
  -------         PROC          UPDATEDPVALUE
  -------         DO            
  D:0005H         SYMBOL        switch_value
  X:00BEH         SYMBOL        bright_value
  -------         ENDDO         
  C:266DH         LINE#         135
  C:266DH         LINE#         136
  C:266DH         LINE#         137
  C:266FH         LINE#         138
  C:2675H         LINE#         140
  C:267CH         LINE#         141
  C:267CH         LINE#         142
  C:2682H         LINE#         144
  C:268FH         LINE#         145
  C:2694H         LINE#         146
  C:2694H         LINE#         148
  C:269BH         LINE#         149
  C:269BH         LINE#         150
  C:26A1H         LINE#         152
  C:26B4H         LINE#         154
  C:26C2H         LINE#         155
  C:26C2H         LINE#         156
  -------         ENDPROC       UPDATEDPVALUE
  -------         PROC          WIFITEST
  -------         DO            
  X:0127H         SYMBOL        show_value
  X:0129H         SYMBOL        i
  -------         ENDDO         
  C:1E8CH         LINE#         158
  C:1E8CH         LINE#         159
  C:1E8CH         LINE#         163
  C:1E96H         LINE#         165
  C:1EA7H         LINE#         166
  C:1EA7H         LINE#         167
  C:1EA7H         LINE#         168
  C:1EB0H         LINE#         169
  C:1EB2H         LINE#         170
  C:1EB5H         LINE#         171
  C:1EB7H         LINE#         173
  C:1EB7H         LINE#         174
  C:1ECCH         LINE#         175
  C:1ECCH         LINE#         176
  C:1ECEH         LINE#         178
  C:1ED5H         LINE#         179
  C:1ED6H         LINE#         180
  C:1ED6H         LINE#         181
  C:1ED8H         LINE#         183
  C:1ED8H         LINE#         184
  C:1EEDH         LINE#         185
BL51 BANKED LINKER/LOCATER V6.22.2.0                                                  06/19/2020  11:26:22  PAGE 29


  C:1EEDH         LINE#         186
  C:1EEFH         LINE#         188
  C:1EF6H         LINE#         189
  C:1EFAH         LINE#         190
  C:1EFAH         LINE#         191
  C:1EFBH         LINE#         193
  C:1EFBH         LINE#         194
  C:1F10H         LINE#         195
  C:1F10H         LINE#         196
  C:1F12H         LINE#         199
  C:1F19H         LINE#         200
  C:1F1BH         LINE#         201
  C:1F1BH         LINE#         202
  C:1F1BH         LINE#         204
  C:1F1BH         LINE#         205
  C:1F1BH         LINE#         206
  C:1F1BH         LINE#         207
  -------         ENDPROC       WIFITEST
  -------         ENDMOD        WIFIPROC

  -------         MODULE        MCU_API
  C:0000H         SYMBOL        _ICE_DUMMY_
  C:2C26H         PUBLIC        mcu_get_reset_wifi_flag
  C:2B42H         PUBLIC        _mcu_set_wifi_mode
  C:2559H         PUBLIC        _mcu_dp_raw_update
  C:227FH         PUBLIC        _hex_to_bcd
  C:1A8BH         PUBLIC        _uart_receive_input
  C:2C2CH         PUBLIC        mcu_get_wifimode_flag
  C:2A65H         PUBLIC        wifi_protocol_init
  C:2C32H         PUBLIC        mcu_get_wifi_work_state
  C:0AC8H         PUBLIC        wifi_uart_service
  C:174AH         PUBLIC        _byte_to_int
  C:24F9H         PUBLIC        _int_to_byte
  C:2C07H         PUBLIC        mcu_start_wifitest
  C:2C0FH         PUBLIC        wifi_heart_stop
  C:1327H         PUBLIC        _my_memcpy
  C:2615H         PUBLIC        _my_memset
  C:2BF3H         PUBLIC        _mcu_get_dp_download_value
  C:25B7H         PUBLIC        _mcu_dp_string_update
  C:2AC7H         PUBLIC        mcu_reset_wifi
  C:15EEH         PUBLIC        _mcu_dp_fault_update
  C:20B1H         PUBLIC        _my_strlen
  C:1C1DH         PUBLIC        _mcu_dp_value_update
  C:219AH         PUBLIC        _my_strcmp
  C:2BD9H         PUBLIC        _mcu_get_dp_download_bool
  C:23C6H         PUBLIC        _my_strcpy
  C:2843H         PUBLIC        _mcu_dp_bool_update
  C:2BE6H         PUBLIC        _mcu_get_dp_download_enum
  C:28C4H         PUBLIC        _mcu_dp_enum_update
  -------         PROC          _HEX_TO_BCD
  D:0007H         SYMBOL        Value_H
  D:0005H         SYMBOL        Value_L
  -------         DO            
  D:0007H         SYMBOL        bcd_value
  -------         ENDDO         
  C:227FH         LINE#         103
  C:227FH         LINE#         104
BL51 BANKED LINKER/LOCATER V6.22.2.0                                                  06/19/2020  11:26:22  PAGE 30


  C:227FH         LINE#         107
  C:228BH         LINE#         108
  C:2291H         LINE#         109
  C:229DH         LINE#         110
  C:22A3H         LINE#         111
  C:22AFH         LINE#         112
  C:22B3H         LINE#         114
  C:22B6H         LINE#         116
  C:22BAH         LINE#         117
  C:22C6H         LINE#         118
  C:22CCH         LINE#         119
  C:22D8H         LINE#         120
  C:22DAH         LINE#         121
  C:22E6H         LINE#         122
  C:22EAH         LINE#         124
  C:22EFH         LINE#         126
  C:22EFH         LINE#         127
  -------         ENDPROC       _HEX_TO_BCD
  -------         PROC          _MY_STRLEN
  X:00CCH         SYMBOL        str
  -------         DO            
  X:00CFH         SYMBOL        len
  -------         ENDDO         
  C:20B1H         LINE#         134
  C:20BCH         LINE#         135
  C:20BCH         LINE#         136
  C:20C4H         LINE#         137
  C:20D2H         LINE#         138
  C:20D2H         LINE#         139
  C:20D7H         LINE#         140
  C:20D7H         LINE#         142
  C:20F6H         LINE#         143
  C:20F6H         LINE#         144
  C:2115H         LINE#         145
  C:2117H         LINE#         147
  C:2125H         LINE#         148
  -------         ENDPROC       _MY_STRLEN
  -------         PROC          _MY_MEMSET
  X:00EAH         SYMBOL        src
  D:0005H         SYMBOL        ch
  X:00EEH         SYMBOL        count
  -------         DO            
  X:00F0H         SYMBOL        tmp
  -------         ENDDO         
  C:2615H         LINE#         157
  C:2620H         LINE#         158
  C:2620H         LINE#         159
  C:262BH         LINE#         161
  C:2639H         LINE#         162
  C:2639H         LINE#         163
  C:263DH         LINE#         164
  C:263DH         LINE#         166
  C:264BH         LINE#         167
  C:264BH         LINE#         168
  C:265FH         LINE#         169
  C:2661H         LINE#         171
  C:266CH         LINE#         172
BL51 BANKED LINKER/LOCATER V6.22.2.0                                                  06/19/2020  11:26:22  PAGE 31


  -------         ENDPROC       _MY_MEMSET
  -------         PROC          _MY_MEMCPY
  X:00D3H         SYMBOL        dest
  X:00D6H         SYMBOL        src
  X:00D9H         SYMBOL        count
  -------         DO            
  X:00DBH         SYMBOL        pdest
  X:00DEH         SYMBOL        psrc
  X:00E1H         SYMBOL        i
  -------         ENDDO         
  C:1327H         LINE#         181
  C:1332H         LINE#         182
  C:1332H         LINE#         183
  C:133DH         LINE#         184
  C:1352H         LINE#         187
  C:136CH         LINE#         188
  C:136CH         LINE#         189
  C:1373H         LINE#         190
  C:1373H         LINE#         192
  C:13CFH         LINE#         193
  C:13CFH         LINE#         194
  C:13EFH         LINE#         195
  C:13EFH         LINE#         196
  C:1415H         LINE#         197
  C:1425H         LINE#         198
  C:1425H         LINE#         200
  C:1425H         LINE#         201
  C:1444H         LINE#         202
  C:1444H         LINE#         203
  C:1472H         LINE#         204
  C:1482H         LINE#         205
  C:1482H         LINE#         207
  C:148DH         LINE#         208
  -------         ENDPROC       _MY_MEMCPY
  -------         PROC          _MY_STRCPY
  X:00F3H         SYMBOL        dest
  X:00F6H         SYMBOL        src
  -------         DO            
  X:00F9H         SYMBOL        p
  -------         ENDDO         
  C:23C6H         LINE#         216
  C:23D1H         LINE#         217
  C:23D1H         LINE#         218
  C:23DCH         LINE#         219
  C:23ECH         LINE#         220
  C:23ECH         LINE#         221
  C:2412H         LINE#         222
  C:2414H         LINE#         223
  C:2423H         LINE#         224
  C:242EH         LINE#         225
  -------         ENDPROC       _MY_STRCPY
  -------         PROC          _MY_STRCMP
  X:010AH         SYMBOL        s1
  X:010DH         SYMBOL        s2
  C:219AH         LINE#         233
  C:21A5H         LINE#         234
  C:21A5H         LINE#         235
BL51 BANKED LINKER/LOCATER V6.22.2.0                                                  06/19/2020  11:26:22  PAGE 32


  C:21C9H         LINE#         236
  C:21C9H         LINE#         237
  C:21D3H         LINE#         238
  C:21DDH         LINE#         239
  C:21DFH         LINE#         240
  C:220CH         LINE#         241
  -------         ENDPROC       _MY_STRCMP
  -------         PROC          _INT_TO_BYTE
  X:012AH         SYMBOL        number
  D:0001H         SYMBOL        value
  C:24F9H         LINE#         248
  C:24FFH         LINE#         249
  C:24FFH         LINE#         250
  C:2516H         LINE#         251
  C:2530H         LINE#         252
  C:254AH         LINE#         253
  -------         ENDPROC       _INT_TO_BYTE
  -------         PROC          _BYTE_TO_INT
  X:00DFH         SYMBOL        value
  -------         DO            
  X:00E2H         SYMBOL        nubmer
  -------         ENDDO         
  C:174AH         LINE#         261
  C:1755H         LINE#         262
  C:1755H         LINE#         263
  C:175DH         LINE#         265
  C:176BH         LINE#         266
  C:1784H         LINE#         267
  C:17C3H         LINE#         268
  C:17DCH         LINE#         269
  C:181BH         LINE#         270
  C:1834H         LINE#         271
  C:1873H         LINE#         273
  C:1881H         LINE#         274
  -------         ENDPROC       _BYTE_TO_INT
  -------         PROC          MCU_GET_RESET_WIFI_FLAG
  C:2C26H         LINE#         284
  C:2C26H         LINE#         285
  C:2C26H         LINE#         286
  C:2C2BH         LINE#         287
  -------         ENDPROC       MCU_GET_RESET_WIFI_FLAG
  -------         PROC          MCU_RESET_WIFI
  C:2AC7H         LINE#         296
  C:2AC7H         LINE#         297
  C:2AC7H         LINE#         301
  C:2ACCH         LINE#         303
  C:2AD3H         LINE#         305
  C:2AD8H         LINE#         307
  C:2AE2H         LINE#         308
  -------         ENDPROC       MCU_RESET_WIFI
  -------         PROC          MCU_GET_WIFIMODE_FLAG
  C:2C2CH         LINE#         317
  C:2C2CH         LINE#         318
  C:2C2CH         LINE#         319
  C:2C31H         LINE#         320
  -------         ENDPROC       MCU_GET_WIFIMODE_FLAG
  -------         PROC          _MCU_SET_WIFI_MODE
BL51 BANKED LINKER/LOCATER V6.22.2.0                                                  06/19/2020  11:26:22  PAGE 33


  D:0005H         SYMBOL        mode
  -------         DO            
  D:0007H         SYMBOL        length
  -------         ENDDO         
  C:2B42H         LINE#         332
  C:2B44H         LINE#         333
  C:2B44H         LINE#         334
  C:2B46H         LINE#         336
  C:2B4AH         LINE#         338
  C:2B4EH         LINE#         340
  -------         ENDPROC       _MCU_SET_WIFI_MODE
  -------         PROC          MCU_GET_WIFI_WORK_STATE
  C:2C32H         LINE#         355
  C:2C32H         LINE#         356
  C:2C32H         LINE#         357
  C:2C37H         LINE#         358
  -------         ENDPROC       MCU_GET_WIFI_WORK_STATE
  -------         PROC          MCU_START_WIFITEST
  C:2C07H         LINE#         397
  C:2C07H         LINE#         398
  C:2C07H         LINE#         399
  -------         ENDPROC       MCU_START_WIFITEST
  -------         PROC          WIFI_HEART_STOP
  C:2C0FH         LINE#         439
  C:2C0FH         LINE#         440
  C:2C0FH         LINE#         441
  -------         ENDPROC       WIFI_HEART_STOP
  -------         PROC          _MCU_DP_RAW_UPDATE
  X:0110H         SYMBOL        dpid
  X:0111H         SYMBOL        value
  X:0114H         SYMBOL        len
  -------         DO            
  D:0006H         SYMBOL        length
  -------         ENDDO         
  C:2559H         LINE#         483
  C:2567H         LINE#         484
  C:2567H         LINE#         485
  C:256AH         LINE#         487
  C:2571H         LINE#         488
  C:2573H         LINE#         490
  C:257BH         LINE#         491
  C:2580H         LINE#         493
  C:2588H         LINE#         494
  C:2590H         LINE#         496
  C:25ABH         LINE#         498
  C:25B4H         LINE#         500
  C:25B6H         LINE#         501
  -------         ENDPROC       _MCU_DP_RAW_UPDATE
  -------         PROC          _MCU_DP_BOOL_UPDATE
  D:0004H         SYMBOL        dpid
  X:00D9H         SYMBOL        value
  -------         DO            
  D:0006H         SYMBOL        length
  -------         ENDDO         
  C:2843H         LINE#         509
  C:284AH         LINE#         510
  C:284AH         LINE#         511
BL51 BANKED LINKER/LOCATER V6.22.2.0                                                  06/19/2020  11:26:22  PAGE 34


  C:284DH         LINE#         513
  C:2854H         LINE#         514
  C:2856H         LINE#         516
  C:285BH         LINE#         517
  C:2860H         LINE#         519
  C:2865H         LINE#         520
  C:286AH         LINE#         522
  C:2870H         LINE#         523
  C:2870H         LINE#         524
  C:2871H         LINE#         525
  C:2873H         LINE#         527
  C:2873H         LINE#         528
  C:2878H         LINE#         529
  C:2878H         LINE#         531
  C:2881H         LINE#         533
  C:2883H         LINE#         534
  -------         ENDPROC       _MCU_DP_BOOL_UPDATE
  -------         PROC          _MCU_DP_VALUE_UPDATE
  D:0005H         SYMBOL        dpid
  X:00DEH         SYMBOL        value
  -------         DO            
  D:0006H         SYMBOL        length
  -------         ENDDO         
  C:1C1DH         LINE#         542
  C:1C1FH         LINE#         543
  C:1C1FH         LINE#         544
  C:1C22H         LINE#         546
  C:1C29H         LINE#         547
  C:1C2BH         LINE#         549
  C:1C2EH         LINE#         550
  C:1C33H         LINE#         552
  C:1C38H         LINE#         553
  C:1C3DH         LINE#         555
  C:1C5DH         LINE#         556
  C:1C7DH         LINE#         557
  C:1C9DH         LINE#         558
  C:1CB5H         LINE#         560
  C:1CBEH         LINE#         562
  C:1CC0H         LINE#         563
  -------         ENDPROC       _MCU_DP_VALUE_UPDATE
  -------         PROC          _MCU_DP_STRING_UPDATE
  X:0116H         SYMBOL        dpid
  X:0117H         SYMBOL        value
  X:011AH         SYMBOL        len
  -------         DO            
  D:0006H         SYMBOL        length
  -------         ENDDO         
  C:25B7H         LINE#         572
  C:25C5H         LINE#         573
  C:25C5H         LINE#         574
  C:25C8H         LINE#         576
  C:25CFH         LINE#         577
  C:25D1H         LINE#         579
  C:25D9H         LINE#         580
  C:25DEH         LINE#         582
  C:25E6H         LINE#         583
  C:25EEH         LINE#         585
BL51 BANKED LINKER/LOCATER V6.22.2.0                                                  06/19/2020  11:26:22  PAGE 35


  C:2609H         LINE#         587
  C:2612H         LINE#         589
  C:2614H         LINE#         590
  -------         ENDPROC       _MCU_DP_STRING_UPDATE
  -------         PROC          _MCU_DP_ENUM_UPDATE
  D:0004H         SYMBOL        dpid
  X:0138H         SYMBOL        value
  -------         DO            
  D:0006H         SYMBOL        length
  -------         ENDDO         
  C:28C4H         LINE#         598
  C:28CBH         LINE#         599
  C:28CBH         LINE#         600
  C:28CEH         LINE#         602
  C:28D5H         LINE#         603
  C:28D7H         LINE#         605
  C:28DCH         LINE#         606
  C:28E1H         LINE#         608
  C:28E6H         LINE#         609
[...]
  C:14D0H         LINE#         471
  C:14D0H         LINE#         472
  C:14D3H         LINE#         473
  C:14D3H         LINE#         476
  C:14D3H         LINE#         477
  C:14E8H         LINE#         478
  C:14F0H         LINE#         487
  C:14F0H         LINE#         489
  C:14F0H         LINE#         490
  C:14F3H         LINE#         491
  C:14F5H         LINE#         493
  C:14F5H         LINE#         494
  C:14FBH         LINE#         495
  C:14FCH         LINE#         498
  C:14FCH         LINE#         499
  C:1515H         LINE#         500
  C:152EH         LINE#         502
  C:154DH         LINE#         503
  C:154DH         LINE#         504
  C:1571H         LINE#         505
  C:158AH         LINE#         507
  C:15A8H         LINE#         509
  C:15A8H         LINE#         510
  C:15A8H         LINE#         512
  C:15A8H         LINE#         514
  C:15A8H         LINE#         516
  C:15A8H         LINE#         518
  C:15C2H         LINE#         519
  C:15C5H         LINE#         521
  C:15C5H         LINE#         523
  C:15C5H         LINE#         524
  C:15C8H         LINE#         525
  C:15C8H         LINE#         611
  C:15C8H         LINE#         612
  C:15DBH         LINE#         613
  C:15E7H         LINE#         614
  C:15EDH         LINE#         615
  C:15EDH         LINE#         663
BL51 BANKED LINKER/LOCATER V6.22.2.0                                                  06/19/2020  11:26:22  PAGE 45


  C:15EDH         LINE#         664
  C:15EDH         LINE#         665
  C:15EDH         LINE#         666
  -------         ENDPROC       _DATA_HANDLE
  -------         PROC          GET_QUEUE_TOTAL_DATA
  C:28FFH         LINE#         674
  C:28FFH         LINE#         675
  C:28FFH         LINE#         676
  C:292EH         LINE#         677
  C:2931H         LINE#         679
  C:2933H         LINE#         680
  -------         ENDPROC       GET_QUEUE_TOTAL_DATA
  -------         PROC          QUEUE_READ_BYTE
  -------         DO            
  D:0007H         SYMBOL        value
  -------         ENDDO         
  C:2496H         LINE#         687
  C:2496H         LINE#         688
  C:2496H         LINE#         691
  C:24C3H         LINE#         692
  C:24C3H         LINE#         694
  C:24D6H         LINE#         695
  C:24D6H         LINE#         697
  C:24E4H         LINE#         698
  C:24E4H         LINE#         700
  C:24F8H         LINE#         701
  C:24F8H         LINE#         703
  C:24F8H         LINE#         704
  -------         ENDPROC       QUEUE_READ_BYTE
  -------         ENDMOD        SYSTEM

  -------         MODULE        TIMER
  C:0000H         SYMBOL        _ICE_DUMMY_
  D:0080H         PUBLIC        P0
  D:0090H         PUBLIC        P1
  D:00A0H         PUBLIC        P2
  D:00B0H         PUBLIC        P3
  D:00C0H         PUBLIC        P4
  D:00C8H         PUBLIC        P5
  D:00E8H         PUBLIC        P6
  D:00F8H         PUBLIC        P7
  D:00A8H         PUBLIC        IE
  D:00B8H         PUBLIC        IP
  C:2B7EH         PUBLIC        TM0_Routine
  C:2AFEH         PUBLIC        TM1_Routine
  D:00D8H         PUBLIC        CCON
  C:2B6BH         PUBLIC        Init_Timer0
  C:2BCBH         PUBLIC        Init_Timer1
  B:0080H.1       PUBLIC        P01
  D:0098H         PUBLIC        SCON
  D:0089H         PUBLIC        TMOD
  D:0088H         PUBLIC        TCON
  D:008EH         PUBLIC        AUXR
  B:00A8H.1       PUBLIC        ET0
  B:0088H.5       PUBLIC        TF0
  B:00A8H.3       PUBLIC        ET1
  B:0088H.7       PUBLIC        TF1
BL51 BANKED LINKER/LOCATER V6.22.2.0                                                  06/19/2020  11:26:22  PAGE 46


  D:008CH         PUBLIC        TH0
  D:008AH         PUBLIC        TL0
  B:0088H.4       PUBLIC        TR0
  B:0088H.6       PUBLIC        TR1
  X:0139H         PUBLIC        TimeEventF
  D:00D0H         PUBLIC        PSW
  -------         PROC          INIT_TIMER0
  C:2B6BH         LINE#         16
  C:2B6BH         LINE#         17
  C:2B6BH         LINE#         18
  C:2B6EH         LINE#         19
  C:2B71H         LINE#         20
  C:2B74H         LINE#         21
  C:2B77H         LINE#         23
  C:2B79H         LINE#         24
  C:2B7BH         LINE#         25
  C:2B7DH         LINE#         27
  -------         ENDPROC       INIT_TIMER0
  -------         PROC          INIT_TIMER1
  C:2BCBH         LINE#         29
  C:2BCBH         LINE#         30
  C:2BCBH         LINE#         31
  C:2BCEH         LINE#         32
  C:2BD1H         LINE#         33
  C:2BD4H         LINE#         35
  C:2BD6H         LINE#         36
  C:2BD8H         LINE#         39
  -------         ENDPROC       INIT_TIMER1
  -------         PROC          TM0_ROUTINE
  C:2B7EH         LINE#         48
  C:2B84H         LINE#         50
  C:2B8AH         LINE#         51
  -------         ENDPROC       TM0_ROUTINE
  -------         PROC          TM1_ROUTINE
  C:2AFEH         LINE#         60
  C:2B04H         LINE#         62
  C:2B0DH         LINE#         63
  C:2B0FH         LINE#         64
  -------         ENDPROC       TM1_ROUTINE
  -------         ENDMOD        TIMER

  -------         MODULE        GPIO
  C:0000H         SYMBOL        _ICE_DUMMY_
  D:0092H         PUBLIC        P1M0
  D:0093H         PUBLIC        P0M1
  D:0096H         PUBLIC        P2M0
  D:0091H         PUBLIC        P1M1
  D:0080H         PUBLIC        P0
  D:00B2H         PUBLIC        P3M0
  D:0095H         PUBLIC        P2M1
  D:0090H         PUBLIC        P1
  D:00B4H         PUBLIC        P4M0
  D:00B1H         PUBLIC        P3M1
  D:00A0H         PUBLIC        P2
  D:00CAH         PUBLIC        P5M0
  D:00B3H         PUBLIC        P4M1
  D:00B0H         PUBLIC        P3
BL51 BANKED LINKER/LOCATER V6.22.2.0                                                  06/19/2020  11:26:22  PAGE 47


  D:00C9H         PUBLIC        P5M1
  D:00C0H         PUBLIC        P4
  D:00C8H         PUBLIC        P5
  D:00E8H         PUBLIC        P6
  D:00F8H         PUBLIC        P7
  D:00A8H         PUBLIC        IE
  D:00B8H         PUBLIC        IP
  D:00D8H         PUBLIC        CCON
  C:1DF8H         PUBLIC        Init_GPIO
  D:0098H         PUBLIC        SCON
  D:0088H         PUBLIC        TCON
  C:0CC8H         PUBLIC        _GPIO_Inilize
  D:00D0H         PUBLIC        PSW
  D:0094H         PUBLIC        P0M0
  -------         PROC          L?0035
  -------         ENDPROC       L?0035
  -------         PROC          _GPIO_INILIZE
  D:0007H         SYMBOL        GPIO
  D:0001H         SYMBOL        GPIOx
  C:0CC8H         LINE#         45
  C:0CC8H         LINE#         46
  C:0CC8H         LINE#         47
  C:0CD1H         LINE#         48
  C:0CDDH         LINE#         49
  C:0CE0H         LINE#         50
  C:0CE0H         LINE#         51
  C:0CEEH         LINE#         52
  C:0CFFH         LINE#         53
  C:0D10H         LINE#         54
  C:0D21H         LINE#         55
  C:0D21H         LINE#         56
  C:0D26H         LINE#         57
  C:0D26H         LINE#         58
  C:0D37H         LINE#         59
  C:0D46H         LINE#         60
  C:0D56H         LINE#         61
  C:0D69H         LINE#         62
  C:0D69H         LINE#         63
  C:0D6EH         LINE#         64
  C:0D6EH         LINE#         65
  C:0D7FH         LINE#         66
  C:0D8EH         LINE#         67
  C:0D9EH         LINE#         68
  C:0DB1H         LINE#         69
  C:0DB1H         LINE#         70
  C:0DB6H         LINE#         71
  C:0DB6H         LINE#         72
  C:0DC7H         LINE#         73
  C:0DD6H         LINE#         74
  C:0DE6H         LINE#         75
  C:0DF9H         LINE#         76
  C:0DF9H         LINE#         77
  C:0DFEH         LINE#         78
  C:0DFEH         LINE#         79
  C:0E0FH         LINE#         80
  C:0E1EH         LINE#         81
  C:0E2EH         LINE#         82
BL51 BANKED LINKER/LOCATER V6.22.2.0                                                  06/19/2020  11:26:22  PAGE 48


  C:0E41H         LINE#         83
  C:0E41H         LINE#         84
  C:0E46H         LINE#         85
  C:0E46H         LINE#         86
  C:0E57H         LINE#         87
  C:0E66H         LINE#         88
  C:0E76H         LINE#         89
  C:0E89H         LINE#         90
  C:0E89H         LINE#         91
  C:0E8BH         LINE#         92
  -------         ENDPROC       _GPIO_INILIZE
  -------         PROC          INIT_GPIO
  -------         DO            
  X:00BEH         SYMBOL        GPIO_InitStructure
  -------         ENDDO         
  C:1DF8H         LINE#         100
  C:1DF8H         LINE#         101
  C:1DF8H         LINE#         104
  C:1DFEH         LINE#         105
  C:1E03H         LINE#         106
  C:1E0DH         LINE#         109
  C:1E13H         LINE#         110
  C:1E18H         LINE#         111
  C:1E1DH         LINE#         113
  C:1E23H         LINE#         114
  C:1E28H         LINE#         115
  C:1E2DH         LINE#         118
  C:1E33H         LINE#         119
  C:1E38H         LINE#         120
  C:1E3DH         LINE#         122
  C:1E43H         LINE#         123
  C:1E48H         LINE#         124
  C:1E4DH         LINE#         126
  C:1E53H         LINE#         127
  C:1E58H         LINE#         128
  C:1E5DH         LINE#         131
  C:1E63H         LINE#         132
  C:1E69H         LINE#         133
  C:1E6EH         LINE#         135
  C:1E74H         LINE#         136
  C:1E7AH         LINE#         137
  C:1E7FH         LINE#         139
  C:1E81H         LINE#         140
  C:1E81H         LINE#         141
  C:1E84H         LINE#         143
  C:1E86H         LINE#         144
  C:1E86H         LINE#         145
  C:1E89H         LINE#         147
  C:1E8BH         LINE#         148
  -------         ENDPROC       INIT_GPIO
  -------         ENDMOD        GPIO

  -------         MODULE        RCC
  C:0000H         SYMBOL        _ICE_DUMMY_
  D:0080H         PUBLIC        P0
  D:0090H         PUBLIC        P1
  D:00A0H         PUBLIC        P2
BL51 BANKED LINKER/LOCATER V6.22.2.0                                                  06/19/2020  11:26:22  PAGE 49


  D:00B0H         PUBLIC        P3
  D:00C0H         PUBLIC        P4
  D:00C8H         PUBLIC        P5
  D:00E8H         PUBLIC        P6
  D:00F8H         PUBLIC        P7
  D:00BAH         PUBLIC        P_SW2
  D:00A8H         PUBLIC        IE
  C:2B91H         PUBLIC        Init_Rcc
  D:00B8H         PUBLIC        IP
  D:00D8H         PUBLIC        CCON
  D:0098H         PUBLIC        SCON
  D:0088H         PUBLIC        TCON
  D:00D0H         PUBLIC        PSW
  -------         PROC          INIT_RCC
  C:2B91H         LINE#         12
  C:2B91H         LINE#         13
  C:2B91H         LINE#         14
  C:2B94H         LINE#         15
  C:2B99H         LINE#         16
  C:2B9DH         LINE#         17
  C:2BA0H         LINE#         18
  -------         ENDPROC       INIT_RCC
  -------         ENDMOD        RCC

  -------         MODULE        INTERRUPT
  C:0000H         SYMBOL        _ICE_DUMMY_
  D:0080H         PUBLIC        P0
  D:0090H         PUBLIC        P1
  D:00A0H         PUBLIC        P2
  D:00B0H         PUBLIC        P3
  D:00C0H         PUBLIC        P4
  D:00C8H         PUBLIC        P5
  D:00E8H         PUBLIC        P6
  D:00F8H         PUBLIC        P7
  D:00A8H         PUBLIC        IE
  D:00B8H         PUBLIC        IP
  C:242FH         PUBLIC        INT0
  D:00D8H         PUBLIC        CCON
  B:0080H.1       PUBLIC        P01
  D:0098H         PUBLIC        SCON
  D:0088H         PUBLIC        TCON
  B:00B0H.2       PUBLIC        P32
  B:0088H.1       PUBLIC        IE0
  D:008DH         PUBLIC        TH1
  B:0088H.0       PUBLIC        IT0
  B:00A8H.0       PUBLIC        EX0
  D:008BH         PUBLIC        TL1
  C:2C1FH         PUBLIC        Init_Int0
  B:0088H.6       PUBLIC        TR1
  D:00D0H         PUBLIC        PSW
  -------         PROC          INIT_INT0
  C:2C1FH         LINE#         7
  C:2C1FH         LINE#         8
  C:2C1FH         LINE#         9
  C:2C21H         LINE#         10
  C:2C23H         LINE#         11
  C:2C25H         LINE#         13
BL51 BANKED LINKER/LOCATER V6.22.2.0                                                  06/19/2020  11:26:22  PAGE 50


  -------         ENDPROC       INIT_INT0
  -------         PROC          INT0
  C:242FH         LINE#         22
  C:2446H         LINE#         24
  C:2449H         LINE#         25
  C:2449H         LINE#         26
  C:2452H         LINE#         28
  C:245FH         LINE#         29
  C:247FH         LINE#         31
  C:2481H         LINE#         32
  C:2481H         LINE#         33
  -------         ENDPROC       INT0
  -------         ENDMOD        INTERRUPT

  -------         MODULE        USART
  C:0000H         SYMBOL        _ICE_DUMMY_
  D:0080H         PUBLIC        P0
  D:0090H         PUBLIC        P1
  D:00A0H         PUBLIC        P2
  D:00B0H         PUBLIC        P3
  D:00C0H         PUBLIC        P4
  D:00C8H         PUBLIC        P5
  D:00E8H         PUBLIC        P6
  D:00F8H         PUBLIC        P7
  D:00A8H         PUBLIC        IE
  D:00B8H         PUBLIC        IP
  D:00D8H         PUBLIC        CCON
  D:0098H         PUBLIC        SCON
  D:0088H         PUBLIC        TCON
  C:2B57H         PUBLIC        _Uart_PutChar
  D:00AFH         PUBLIC        IE2
  D:008EH         PUBLIC        AUXR
  D:00D6H         PUBLIC        T2H
  C:27FEH         PUBLIC        Uart2_ISR_Handle
  D:00D7H         PUBLIC        T2L
  D:009BH         PUBLIC        S2BUF
  D:009AH         PUBLIC        S2CON
  C:2B2CH         PUBLIC        Uart2Init
  D:00D0H         PUBLIC        PSW
  -------         PROC          UART2INIT
  C:2B2CH         LINE#         70
  C:2B2CH         LINE#         71
  C:2B2CH         LINE#         72
  C:2B2FH         LINE#         73
  C:2B32H         LINE#         74
  C:2B35H         LINE#         75
  C:2B38H         LINE#         76
  C:2B3BH         LINE#         77
  C:2B3EH         LINE#         78
  C:2B41H         LINE#         82
  -------         ENDPROC       UART2INIT
  -------         PROC          _UART_PUTCHAR
  D:0007H         SYMBOL        dat
  C:2B57H         LINE#         103
  C:2B57H         LINE#         104
  C:2B57H         LINE#         105
  C:2B59H         LINE#         107
BL51 BANKED LINKER/LOCATER V6.22.2.0                                                  06/19/2020  11:26:22  PAGE 51


  C:2B67H         LINE#         108
  C:2B6AH         LINE#         109
  -------         ENDPROC       _UART_PUTCHAR
  -------         PROC          UART2_ISR_HANDLE
  C:27FEH         LINE#         133
  C:281BH         LINE#         136
  C:2820H         LINE#         137
  C:2820H         LINE#         138
  C:2823H         LINE#         139
  C:2828H         LINE#         140
  C:2828H         LINE#         141
  -------         ENDPROC       UART2_ISR_HANDLE
  -------         ENDMOD        USART

  -------         MODULE        ?C?CLDPTR
  C:0E8CH         PUBLIC        ?C?CLDPTR
  -------         ENDMOD        ?C?CLDPTR

  -------         MODULE        ?C?CLDOPTR
  C:0EA5H         PUBLIC        ?C?CLDOPTR
  -------         ENDMOD        ?C?CLDOPTR

  -------         MODULE        ?C?CSTPTR
  C:0ED2H         PUBLIC        ?C?CSTPTR
  -------         ENDMOD        ?C?CSTPTR

  -------         MODULE        ?C?CSTOPTR
  C:0EE4H         PUBLIC        ?C?CSTOPTR
  -------         ENDMOD        ?C?CSTOPTR

  -------         MODULE        ?C?IMUL
  C:0F06H         PUBLIC        ?C?IMUL
  -------         ENDMOD        ?C?IMUL

  -------         MODULE        ?C?UIDIV
  C:0F18H         PUBLIC        ?C?UIDIV
  -------         ENDMOD        ?C?UIDIV

  -------         MODULE        ?C?IILDX
  C:0F6DH         PUBLIC        ?C?IILDX
  -------         ENDMOD        ?C?IILDX

  -------         MODULE        ?C?ILDIX
  C:0F83H         PUBLIC        ?C?ILDIX
  -------         ENDMOD        ?C?ILDIX

  -------         MODULE        ?C?ULCMP
  C:0F99H         PUBLIC        ?C?ULCMP
  -------         ENDMOD        ?C?ULCMP

  -------         MODULE        ?C?ULSHR
  C:0FAAH         PUBLIC        ?C?ULSHR
  -------         ENDMOD        ?C?ULSHR

  -------         MODULE        ?C?SLSHR
  C:0FBDH         PUBLIC        ?C?SLSHR
  -------         ENDMOD        ?C?SLSHR
BL51 BANKED LINKER/LOCATER V6.22.2.0                                                  06/19/2020  11:26:22  PAGE 52



  -------         MODULE        ?C?LSHL
  C:0FD1H         PUBLIC        ?C?LSHL
  -------         ENDMOD        ?C?LSHL

  -------         MODULE        ?C?LSTXDATA
  C:0FE4H         PUBLIC        ?C?LSTXDATA
  -------         ENDMOD        ?C?LSTXDATA

  -------         MODULE        ?C?LSTKXDATA
  C:0FF0H         PUBLIC        ?C?LSTKXDATA
  -------         ENDMOD        ?C?LSTKXDATA

  -------         MODULE        ?C?OFFXADD
  C:1021H         PUBLIC        ?C?OFFXADD
  -------         ENDMOD        ?C?OFFXADD

  -------         MODULE        ?C?CCASE
  C:102DH         PUBLIC        ?C?CCASE
  -------         ENDMOD        ?C?CCASE

*** WARNING L16: UNCALLED SEGMENT, IGNORED FOR OVERLAY PROCESS
    SEGMENT: ?PR?LED_CLRFLASH?LEDPROC

*** WARNING L16: UNCALLED SEGMENT, IGNORED FOR OVERLAY PROCESS
    SEGMENT: ?PR?WIFITEST?WIFIPROC

*** WARNING L16: UNCALLED SEGMENT, IGNORED FOR OVERLAY PROCESS
    SEGMENT: ?PR?_HEX_TO_BCD?MCU_API

*** WARNING L16: UNCALLED SEGMENT, IGNORED FOR OVERLAY PROCESS
    SEGMENT: ?PR?_MY_MEMSET?MCU_API

*** WARNING L16: UNCALLED SEGMENT, IGNORED FOR OVERLAY PROCESS
    SEGMENT: ?PR?_MY_STRCPY?MCU_API

*** WARNING L16: UNCALLED SEGMENT, IGNORED FOR OVERLAY PROCESS
    SEGMENT: ?PR?_MY_STRCMP?MCU_API

*** WARNING L16: UNCALLED SEGMENT, IGNORED FOR OVERLAY PROCESS
    SEGMENT: ?PR?_INT_TO_BYTE?MCU_API

*** WARNING L16: UNCALLED SEGMENT, IGNORED FOR OVERLAY PROCESS
    SEGMENT: ?PR?MCU_GET_RESET_WIFI_FLAG?MCU_API

*** WARNING L16: UNCALLED SEGMENT, IGNORED FOR OVERLAY PROCESS
    SEGMENT: ?PR?MCU_GET_WIFIMODE_FLAG?MCU_API

*** WARNING L16: UNCALLED SEGMENT, IGNORED FOR OVERLAY PROCESS
    SEGMENT: ?PR?MCU_START_WIFITEST?MCU_API

*** WARNING L16: UNCALLED SEGMENT, IGNORED FOR OVERLAY PROCESS
    SEGMENT: ?PR?WIFI_HEART_STOP?MCU_API

*** WARNING L16: UNCALLED SEGMENT, IGNORED FOR OVERLAY PROCESS
    SEGMENT: ?PR?_MCU_DP_RAW_UPDATE?MCU_API

BL51 BANKED LINKER/LOCATER V6.22.2.0                                                  06/19/2020  11:26:22  PAGE 53


*** WARNING L16: UNCALLED SEGMENT, IGNORED FOR OVERLAY PROCESS
    SEGMENT: ?PR?_MCU_DP_STRING_UPDATE?MCU_API

*** WARNING L16: UNCALLED SEGMENT, IGNORED FOR OVERLAY PROCESS
    SEGMENT: ?PR?_MCU_DP_ENUM_UPDATE?MCU_API

*** WARNING L16: UNCALLED SEGMENT, IGNORED FOR OVERLAY PROCESS
    SEGMENT: ?PR?_MCU_DP_FAULT_UPDATE?MCU_API

*** WARNING L16: UNCALLED SEGMENT, IGNORED FOR OVERLAY PROCESS
    SEGMENT: ?PR?_MCU_GET_DP_DOWNLOAD_ENUM?MCU_API

*** WARNING L1: UNRESOLVED EXTERNAL SYMBOL
    SYMBOL:  WIFI_HEART_CLOSE
    MODULE:  ..\Output\Objects\Main.obj (MAIN)

*** WARNING L2: REFERENCE MADE TO UNRESOLVED EXTERNAL
    SYMBOL:  WIFI_HEART_CLOSE
    MODULE:  ..\Output\Objects\Main.obj (MAIN)
    ADDRESS: 2BBBH

*** WARNING L1: UNRESOLVED EXTERNAL SYMBOL
    SYMBOL:  TEMP0
    MODULE:  ..\Output\Objects\mcu_api.obj (MCU_API)

*** WARNING L1: UNRESOLVED EXTERNAL SYMBOL
    SYMBOL:  IS_READ_TIME
    MODULE:  ..\Output\Objects\mcu_api.obj (MCU_API)

*** WARNING L2: REFERENCE MADE TO UNRESOLVED EXTERNAL
    SYMBOL:  IS_READ_TIME
    MODULE:  ..\Output\Objects\mcu_api.obj (MCU_API)
    ADDRESS: 2AD5H

*** WARNING L2: REFERENCE MADE TO UNRESOLVED EXTERNAL
    SYMBOL:  TEMP0
    MODULE:  ..\Output\Objects\mcu_api.obj (MCU_API)
    ADDRESS: 2AD9H

Program Size: data=9.0 xdata=314 code=11321
LINK/LOCATE RUN COMPLETE.  22 WARNING(S),  0 ERROR(S)
